Archive member included to satisfy reference by file (symbol)

d:/stm32cubeide_1.5.0/stm32cubeide/plugins/com.st.stm32cube.ide.mcu.externaltools.gnu-tools-for-stm32.7-2018-q2-update.win32_1.5.0.202011040924/tools/bin/../lib/gcc/arm-none-eabi/7.3.1/../../../../arm-none-eabi/lib/thumb/v7-m\libc_nano.a(lib_a-errno.o)
                              Core/Src/syscalls.o (__errno)
d:/stm32cubeide_1.5.0/stm32cubeide/plugins/com.st.stm32cube.ide.mcu.externaltools.gnu-tools-for-stm32.7-2018-q2-update.win32_1.5.0.202011040924/tools/bin/../lib/gcc/arm-none-eabi/7.3.1/../../../../arm-none-eabi/lib/thumb/v7-m\libc_nano.a(lib_a-exit.o)
                              d:/stm32cubeide_1.5.0/stm32cubeide/plugins/com.st.stm32cube.ide.mcu.externaltools.gnu-tools-for-stm32.7-2018-q2-update.win32_1.5.0.202011040924/tools/bin/../lib/gcc/arm-none-eabi/7.3.1/../../../../arm-none-eabi/lib/thumb/v7-m/crt0.o (exit)
d:/stm32cubeide_1.5.0/stm32cubeide/plugins/com.st.stm32cube.ide.mcu.externaltools.gnu-tools-for-stm32.7-2018-q2-update.win32_1.5.0.202011040924/tools/bin/../lib/gcc/arm-none-eabi/7.3.1/../../../../arm-none-eabi/lib/thumb/v7-m\libc_nano.a(lib_a-impure.o)
                              d:/stm32cubeide_1.5.0/stm32cubeide/plugins/com.st.stm32cube.ide.mcu.externaltools.gnu-tools-for-stm32.7-2018-q2-update.win32_1.5.0.202011040924/tools/bin/../lib/gcc/arm-none-eabi/7.3.1/../../../../arm-none-eabi/lib/thumb/v7-m\libc_nano.a(lib_a-exit.o) (_global_impure_ptr)
d:/stm32cubeide_1.5.0/stm32cubeide/plugins/com.st.stm32cube.ide.mcu.externaltools.gnu-tools-for-stm32.7-2018-q2-update.win32_1.5.0.202011040924/tools/bin/../lib/gcc/arm-none-eabi/7.3.1/../../../../arm-none-eabi/lib/thumb/v7-m\libc_nano.a(lib_a-init.o)
                              d:/stm32cubeide_1.5.0/stm32cubeide/plugins/com.st.stm32cube.ide.mcu.externaltools.gnu-tools-for-stm32.7-2018-q2-update.win32_1.5.0.202011040924/tools/bin/../lib/gcc/arm-none-eabi/7.3.1/../../../../arm-none-eabi/lib/thumb/v7-m/crt0.o (__libc_init_array)
d:/stm32cubeide_1.5.0/stm32cubeide/plugins/com.st.stm32cube.ide.mcu.externaltools.gnu-tools-for-stm32.7-2018-q2-update.win32_1.5.0.202011040924/tools/bin/../lib/gcc/arm-none-eabi/7.3.1/../../../../arm-none-eabi/lib/thumb/v7-m\libc_nano.a(lib_a-memcpy-stub.o)
                              Core/Src/ssd1306.o (memcpy)
d:/stm32cubeide_1.5.0/stm32cubeide/plugins/com.st.stm32cube.ide.mcu.externaltools.gnu-tools-for-stm32.7-2018-q2-update.win32_1.5.0.202011040924/tools/bin/../lib/gcc/arm-none-eabi/7.3.1/../../../../arm-none-eabi/lib/thumb/v7-m\libc_nano.a(lib_a-memmove.o)
                              Core/Src/ssd1306_tests.o (memmove)
d:/stm32cubeide_1.5.0/stm32cubeide/plugins/com.st.stm32cube.ide.mcu.externaltools.gnu-tools-for-stm32.7-2018-q2-update.win32_1.5.0.202011040924/tools/bin/../lib/gcc/arm-none-eabi/7.3.1/../../../../arm-none-eabi/lib/thumb/v7-m\libc_nano.a(lib_a-memset.o)
                              d:/stm32cubeide_1.5.0/stm32cubeide/plugins/com.st.stm32cube.ide.mcu.externaltools.gnu-tools-for-stm32.7-2018-q2-update.win32_1.5.0.202011040924/tools/bin/../lib/gcc/arm-none-eabi/7.3.1/../../../../arm-none-eabi/lib/thumb/v7-m/crt0.o (memset)
d:/stm32cubeide_1.5.0/stm32cubeide/plugins/com.st.stm32cube.ide.mcu.externaltools.gnu-tools-for-stm32.7-2018-q2-update.win32_1.5.0.202011040924/tools/bin/../lib/gcc/arm-none-eabi/7.3.1/../../../../arm-none-eabi/lib/thumb/v7-m\libc_nano.a(lib_a-printf.o)
                              Core/Src/ds3231.o (printf)
d:/stm32cubeide_1.5.0/stm32cubeide/plugins/com.st.stm32cube.ide.mcu.externaltools.gnu-tools-for-stm32.7-2018-q2-update.win32_1.5.0.202011040924/tools/bin/../lib/gcc/arm-none-eabi/7.3.1/../../../../arm-none-eabi/lib/thumb/v7-m\libc_nano.a(lib_a-puts.o)
                              Core/Src/ds3231.o (puts)
d:/stm32cubeide_1.5.0/stm32cubeide/plugins/com.st.stm32cube.ide.mcu.externaltools.gnu-tools-for-stm32.7-2018-q2-update.win32_1.5.0.202011040924/tools/bin/../lib/gcc/arm-none-eabi/7.3.1/../../../../arm-none-eabi/lib/thumb/v7-m\libc_nano.a(lib_a-snprintf.o)
                              Core/Src/ssd1306_tests.o (snprintf)
d:/stm32cubeide_1.5.0/stm32cubeide/plugins/com.st.stm32cube.ide.mcu.externaltools.gnu-tools-for-stm32.7-2018-q2-update.win32_1.5.0.202011040924/tools/bin/../lib/gcc/arm-none-eabi/7.3.1/../../../../arm-none-eabi/lib/thumb/v7-m\libc_nano.a(lib_a-sprintf.o)
                              Core/Src/ds3231.o (sprintf)
d:/stm32cubeide_1.5.0/stm32cubeide/plugins/com.st.stm32cube.ide.mcu.externaltools.gnu-tools-for-stm32.7-2018-q2-update.win32_1.5.0.202011040924/tools/bin/../lib/gcc/arm-none-eabi/7.3.1/../../../../arm-none-eabi/lib/thumb/v7-m\libc_nano.a(lib_a-wbuf.o)
                              d:/stm32cubeide_1.5.0/stm32cubeide/plugins/com.st.stm32cube.ide.mcu.externaltools.gnu-tools-for-stm32.7-2018-q2-update.win32_1.5.0.202011040924/tools/bin/../lib/gcc/arm-none-eabi/7.3.1/../../../../arm-none-eabi/lib/thumb/v7-m\libc_nano.a(lib_a-puts.o) (__swbuf_r)
[...]
Memory Configuration

Name             Origin             Length             Attributes
RAM              0x0000000020000000 0x0000000000005000 xrw
FLASH            0x0000000008000000 0x0000000000010000 xr
*default*        0x0000000000000000 0xffffffffffffffff

Linker script and memory map

LOAD d:/stm32cubeide_1.5.0/stm32cubeide/plugins/com.st.stm32cube.ide.mcu.externaltools.gnu-tools-for-stm32.7-2018-q2-update.win32_1.5.0.202011040924/tools/bin/../lib/gcc/arm-none-eabi/7.3.1/thumb/v7-m/crti.o
LOAD d:/stm32cubeide_1.5.0/stm32cubeide/plugins/com.st.stm32cube.ide.mcu.externaltools.gnu-tools-for-stm32.7-2018-q2-update.win32_1.5.0.202011040924/tools/bin/../lib/gcc/arm-none-eabi/7.3.1/thumb/v7-m/crtbegin.o
LOAD d:/stm32cubeide_1.5.0/stm32cubeide/plugins/com.st.stm32cube.ide.mcu.externaltools.gnu-tools-for-stm32.7-2018-q2-update.win32_1.5.0.202011040924/tools/bin/../lib/gcc/arm-none-eabi/7.3.1/../../../../arm-none-eabi/lib/thumb/v7-m/crt0.o
LOAD Core/Src/ds3231.o
LOAD Core/Src/main.o
LOAD Core/Src/smart_watch.o
LOAD Core/Src/ssd1306.o
LOAD Core/Src/ssd1306_fonts.o
LOAD Core/Src/ssd1306_tests.o
LOAD Core/Src/stm32f1xx_hal_msp.o
LOAD Core/Src/stm32f1xx_it.o
LOAD Core/Src/syscalls.o
LOAD Core/Src/sysmem.o
LOAD Core/Src/system_stm32f1xx.o
LOAD Core/Startup/startup_stm32f103c8tx.o
LOAD Drivers/STM32F1xx_HAL_Driver/Src/stm32f1xx_hal.o
LOAD Drivers/STM32F1xx_HAL_Driver/Src/stm32f1xx_hal_cortex.o
LOAD Drivers/STM32F1xx_HAL_Driver/Src/stm32f1xx_hal_dma.o
LOAD Drivers/STM32F1xx_HAL_Driver/Src/stm32f1xx_hal_exti.o
LOAD Drivers/STM32F1xx_HAL_Driver/Src/stm32f1xx_hal_flash.o
LOAD Drivers/STM32F1xx_HAL_Driver/Src/stm32f1xx_hal_flash_ex.o
LOAD Drivers/STM32F1xx_HAL_Driver/Src/stm32f1xx_hal_gpio.o
LOAD Drivers/STM32F1xx_HAL_Driver/Src/stm32f1xx_hal_gpio_ex.o
LOAD Drivers/STM32F1xx_HAL_Driver/Src/stm32f1xx_hal_i2c.o
LOAD Drivers/STM32F1xx_HAL_Driver/Src/stm32f1xx_hal_pwr.o
LOAD Drivers/STM32F1xx_HAL_Driver/Src/stm32f1xx_hal_rcc.o
LOAD Drivers/STM32F1xx_HAL_Driver/Src/stm32f1xx_hal_rcc_ex.o
LOAD Drivers/STM32F1xx_HAL_Driver/Src/stm32f1xx_hal_tim.o
LOAD Drivers/STM32F1xx_HAL_Driver/Src/stm32f1xx_hal_tim_ex.o
START GROUP
LOAD d:/stm32cubeide_1.5.0/stm32cubeide/plugins/com.st.stm32cube.ide.mcu.externaltools.gnu-tools-for-stm32.7-2018-q2-update.win32_1.5.0.202011040924/tools/bin/../lib/gcc/arm-none-eabi/7.3.1/../../../../arm-none-eabi/lib/thumb/v7-m\libc_nano.a
LOAD d:/stm32cubeide_1.5.0/stm32cubeide/plugins/com.st.stm32cube.ide.mcu.externaltools.gnu-tools-for-stm32.7-2018-q2-update.win32_1.5.0.202011040924/tools/bin/../lib/gcc/arm-none-eabi/7.3.1/../../../../arm-none-eabi/lib/thumb/v7-m\libm.a
END GROUP
START GROUP
LOAD d:/stm32cubeide_1.5.0/stm32cubeide/plugins/com.st.stm32cube.ide.mcu.externaltools.gnu-tools-for-stm32.7-2018-q2-update.win32_1.5.0.202011040924/tools/bin/../lib/gcc/arm-none-eabi/7.3.1/thumb/v7-m\libgcc.a
LOAD d:/stm32cubeide_1.5.0/stm32cubeide/plugins/com.st.stm32cube.ide.mcu.externaltools.gnu-tools-for-stm32.7-2018-q2-update.win32_1.5.0.202011040924/tools/bin/../lib/gcc/arm-none-eabi/7.3.1/../../../../arm-none-eabi/lib/thumb/v7-m\libc_nano.a
END GROUP
START GROUP
LOAD d:/stm32cubeide_1.5.0/stm32cubeide/plugins/com.st.stm32cube.ide.mcu.externaltools.gnu-tools-for-stm32.7-2018-q2-update.win32_1.5.0.202011040924/tools/bin/../lib/gcc/arm-none-eabi/7.3.1/thumb/v7-m\libgcc.a
LOAD d:/stm32cubeide_1.5.0/stm32cubeide/plugins/com.st.stm32cube.ide.mcu.externaltools.gnu-tools-for-stm32.7-2018-q2-update.win32_1.5.0.202011040924/tools/bin/../lib/gcc/arm-none-eabi/7.3.1/../../../../arm-none-eabi/lib/thumb/v7-m\libc_nano.a
LOAD d:/stm32cubeide_1.5.0/stm32cubeide/plugins/com.st.stm32cube.ide.mcu.externaltools.gnu-tools-for-stm32.7-2018-q2-update.win32_1.5.0.202011040924/tools/bin/../lib/gcc/arm-none-eabi/7.3.1/../../../../arm-none-eabi/lib/thumb/v7-m\libnosys.a
END GROUP
START GROUP
LOAD d:/stm32cubeide_1.5.0/stm32cubeide/plugins/com.st.stm32cube.ide.mcu.externaltools.gnu-tools-for-stm32.7-2018-q2-update.win32_1.5.0.202011040924/tools/bin/../lib/gcc/arm-none-eabi/7.3.1/thumb/v7-m\libgcc.a
LOAD d:/stm32cubeide_1.5.0/stm32cubeide/plugins/com.st.stm32cube.ide.mcu.externaltools.gnu-tools-for-stm32.7-2018-q2-update.win32_1.5.0.202011040924/tools/bin/../lib/gcc/arm-none-eabi/7.3.1/../../../../arm-none-eabi/lib/thumb/v7-m\libc_nano.a
LOAD d:/stm32cubeide_1.5.0/stm32cubeide/plugins/com.st.stm32cube.ide.mcu.externaltools.gnu-tools-for-stm32.7-2018-q2-update.win32_1.5.0.202011040924/tools/bin/../lib/gcc/arm-none-eabi/7.3.1/../../../../arm-none-eabi/lib/thumb/v7-m\libnosys.a
END GROUP
LOAD d:/stm32cubeide_1.5.0/stm32cubeide/plugins/com.st.stm32cube.ide.mcu.externaltools.gnu-tools-for-stm32.7-2018-q2-update.win32_1.5.0.202011040924/tools/bin/../lib/gcc/arm-none-eabi/7.3.1/thumb/v7-m/crtend.o
LOAD d:/stm32cubeide_1.5.0/stm32cubeide/plugins/com.st.stm32cube.ide.mcu.externaltools.gnu-tools-for-stm32.7-2018-q2-update.win32_1.5.0.202011040924/tools/bin/../lib/gcc/arm-none-eabi/7.3.1/thumb/v7-m/crtn.o
                0x0000000020005000                _estack = (ORIGIN (RAM) + LENGTH (RAM))
                0x0000000000000200                _Min_Heap_Size = 0x200
                0x0000000000000400                _Min_Stack_Size = 0x400

.isr_vector     0x0000000008000000      0x10c
                0x0000000008000000                . = ALIGN (0x4)
 *(.isr_vector)
 .isr_vector    0x0000000008000000      0x10c Core/Startup/startup_stm32f103c8tx.o
                0x0000000008000000                g_pfnVectors
                0x000000000800010c                . = ALIGN (0x4)

.text           0x000000000800010c     0x4058
                0x000000000800010c                . = ALIGN (0x4)
 *(.text)
 .text          0x000000000800010c       0x40 d:/stm32cubeide_1.5.0/stm32cubeide/plugins/com.st.stm32cube.ide.mcu.externaltools.gnu-tools-for-stm32.7-2018-q2-update.win32_1.5.0.202011040924/tools/bin/../lib/gcc/arm-none-eabi/7.3.1/thumb/v7-m/crtbegin.o
 *(.text*)
 .text.menu_ac  0x000000000800014c       0xac Core/Src/ds3231.o
                0x000000000800014c                menu_ac
 .text.nabiz_menu_ac
                0x00000000080001f8       0x50 Core/Src/ds3231.o
                0x00000000080001f8                nabiz_menu_ac
 .text.anasayfa_ac
                0x0000000008000248      0x200 Core/Src/ds3231.o
                0x0000000008000248                anasayfa_ac
 .text.main     0x0000000008000448       0x80 Core/Src/main.o
                0x0000000008000448                main
 .text.SystemClock_Config
                0x00000000080004c8       0x74 Core/Src/main.o
                0x00000000080004c8                SystemClock_Config
 .text.MX_I2C1_Init
                0x000000000800053c       0x5c Core/Src/main.o
 .text.MX_TIM1_Init
                0x0000000008000598       0xa0 Core/Src/main.o
 .text.MX_GPIO_Init
                0x0000000008000638       0xf0 Core/Src/main.o
 .text.HAL_TIM_PeriodElapsedCallback
                0x0000000008000728       0x24 Core/Src/main.o
                0x0000000008000728                HAL_TIM_PeriodElapsedCallback
 .text.Error_Handler
                0x000000000800074c        0x8 Core/Src/main.o
                0x000000000800074c                Error_Handler
 .text.ssd1306_Reset
                0x0000000008000754        0xc Core/Src/ssd1306.o
                0x0000000008000754                ssd1306_Reset
 .text.ssd1306_WriteCommand
                0x0000000008000760       0x30 Core/Src/ssd1306.o
                0x0000000008000760                ssd1306_WriteCommand
 .text.ssd1306_WriteData
                0x0000000008000790       0x34 Core/Src/ssd1306.o
                0x0000000008000790                ssd1306_WriteData
 .text.ssd1306_Init
                0x00000000080007c4       0xd4 Core/Src/ssd1306.o
                0x00000000080007c4                ssd1306_Init
 .text.ssd1306_Fill
                0x0000000008000898       0x44 Core/Src/ssd1306.o
                0x0000000008000898                ssd1306_Fill
 .text.ssd1306_UpdateScreen
                0x00000000080008dc       0x4c Core/Src/ssd1306.o
                0x00000000080008dc                ssd1306_UpdateScreen
 .text.ssd1306_DrawPixel
                0x0000000008000928       0xc0 Core/Src/ssd1306.o
                0x0000000008000928                ssd1306_DrawPixel
 .text.ssd1306_WriteChar
                0x00000000080009e8      0x110 Core/Src/ssd1306.o
                0x00000000080009e8                ssd1306_WriteChar
 .text.ssd1306_WriteString
                0x0000000008000af8       0x4c Core/Src/ssd1306.o
                0x0000000008000af8                ssd1306_WriteString
 .text.ssd1306_SetCursor
                0x0000000008000b44       0x30 Core/Src/ssd1306.o
                0x0000000008000b44                ssd1306_SetCursor
 .text.ssd1306_SetContrast
                0x0000000008000b74       0x26 Core/Src/ssd1306.o
                0x0000000008000b74                ssd1306_SetContrast
 *fill*         0x0000000008000b9a        0x2 
 .text.ssd1306_SetDisplayOn
                0x0000000008000b9c       0x3c Core/Src/ssd1306.o
                0x0000000008000b9c                ssd1306_SetDisplayOn
 .text.HAL_MspInit
                0x0000000008000bd8       0x64 Core/Src/stm32f1xx_hal_msp.o
                0x0000000008000bd8                HAL_MspInit
 .text.HAL_I2C_MspInit
                0x0000000008000c3c       0x7c Core/Src/stm32f1xx_hal_msp.o
                0x0000000008000c3c                HAL_I2C_MspInit
 .text.HAL_I2C_MspDeInit
                0x0000000008000cb8       0x44 Core/Src/stm32f1xx_hal_msp.o
                0x0000000008000cb8                HAL_I2C_MspDeInit
 .text.HAL_TIM_Base_MspInit
                0x0000000008000cfc       0x7c Core/Src/stm32f1xx_hal_msp.o
                0x0000000008000cfc                HAL_TIM_Base_MspInit
 .text.NMI_Handler
                0x0000000008000d78        0x6 Core/Src/stm32f1xx_it.o
                0x0000000008000d78                NMI_Handler
 .text.HardFault_Handler
                0x0000000008000d7e        0x6 Core/Src/stm32f1xx_it.o
                0x0000000008000d7e                HardFault_Handler
 .text.MemManage_Handler
                0x0000000008000d84        0x6 Core/Src/stm32f1xx_it.o
                0x0000000008000d84                MemManage_Handler
 .text.BusFault_Handler
                0x0000000008000d8a        0x6 Core/Src/stm32f1xx_it.o
                0x0000000008000d8a                BusFault_Handler
 .text.UsageFault_Handler
                0x0000000008000d90        0x6 Core/Src/stm32f1xx_it.o
                0x0000000008000d90                UsageFault_Handler
 .text.SVC_Handler
                0x0000000008000d96        0xc Core/Src/stm32f1xx_it.o
                0x0000000008000d96                SVC_Handler
 .text.DebugMon_Handler
                0x0000000008000da2        0xc Core/Src/stm32f1xx_it.o
                0x0000000008000da2                DebugMon_Handler
 .text.PendSV_Handler
                0x0000000008000dae        0xc Core/Src/stm32f1xx_it.o
                0x0000000008000dae                PendSV_Handler
 .text.SysTick_Handler
                0x0000000008000dba        0xc Core/Src/stm32f1xx_it.o
                0x0000000008000dba                SysTick_Handler
 *fill*         0x0000000008000dc6        0x2 
 .text.EXTI4_IRQHandler
                0x0000000008000dc8       0xb8 Core/Src/stm32f1xx_it.o
                0x0000000008000dc8                EXTI4_IRQHandler
 .text.EXTI9_5_IRQHandler
                0x0000000008000e80       0xd4 Core/Src/stm32f1xx_it.o
                0x0000000008000e80                EXTI9_5_IRQHandler
 .text.TIM1_BRK_IRQHandler
                0x0000000008000f54       0x14 Core/Src/stm32f1xx_it.o
                0x0000000008000f54                TIM1_BRK_IRQHandler
 .text.TIM1_UP_IRQHandler
                0x0000000008000f68       0x14 Core/Src/stm32f1xx_it.o
                0x0000000008000f68                TIM1_UP_IRQHandler
 .text.TIM1_TRG_COM_IRQHandler
                0x0000000008000f7c       0x14 Core/Src/stm32f1xx_it.o
                0x0000000008000f7c                TIM1_TRG_COM_IRQHandler
 .text.TIM1_CC_IRQHandler
                0x0000000008000f90       0x14 Core/Src/stm32f1xx_it.o
                0x0000000008000f90                TIM1_CC_IRQHandler
 .text._read    0x0000000008000fa4       0x3a Core/Src/syscalls.o
                0x0000000008000fa4                _read
 .text._write   0x0000000008000fde       0x38 Core/Src/syscalls.o
                0x0000000008000fde                _write
 .text._close   0x0000000008001016       0x16 Core/Src/syscalls.o
                0x0000000008001016                _close
 .text._fstat   0x000000000800102c       0x1e Core/Src/syscalls.o
                0x000000000800102c                _fstat
 .text._isatty  0x000000000800104a       0x14 Core/Src/syscalls.o
                0x000000000800104a                _isatty
 .text._lseek   0x000000000800105e       0x18 Core/Src/syscalls.o
                0x000000000800105e                _lseek
 *fill*         0x0000000008001076        0x2 
 .text._sbrk    0x0000000008001078       0x6c Core/Src/sysmem.o
                0x0000000008001078                _sbrk
 .text.SystemInit
                0x00000000080010e4        0xc Core/Src/system_stm32f1xx.o
                0x00000000080010e4                SystemInit
 .text.Reset_Handler
                0x00000000080010f0       0x48 Core/Startup/startup_stm32f103c8tx.o
                0x00000000080010f0                Reset_Handler
 .text.Default_Handler
                0x0000000008001138        0x2 Core/Startup/startup_stm32f103c8tx.o
                0x0000000008001138                RTC_Alarm_IRQHandler
                0x0000000008001138                EXTI2_IRQHandler
                0x0000000008001138                PVD_IRQHandler
                0x0000000008001138                EXTI3_IRQHandler
                0x0000000008001138                EXTI0_IRQHandler
                0x0000000008001138                I2C2_EV_IRQHandler
                0x0000000008001138                ADC1_2_IRQHandler
                0x0000000008001138                SPI1_IRQHandler
                0x0000000008001138                TAMPER_IRQHandler
                0x0000000008001138                DMA1_Channel4_IRQHandler
                0x0000000008001138                USART3_IRQHandler
                0x0000000008001138                RTC_IRQHandler
                0x0000000008001138                DMA1_Channel7_IRQHandler
                0x0000000008001138                CAN1_RX1_IRQHandler
                0x0000000008001138                TIM4_IRQHandler
                0x0000000008001138                I2C1_EV_IRQHandler
                0x0000000008001138                DMA1_Channel6_IRQHandler
                0x0000000008001138                TIM3_IRQHandler
                0x0000000008001138                RCC_IRQHandler
                0x0000000008001138                DMA1_Channel1_IRQHandler
                0x0000000008001138                Default_Handler
                0x0000000008001138                EXTI15_10_IRQHandler
                0x0000000008001138                SPI2_IRQHandler
                0x0000000008001138                DMA1_Channel5_IRQHandler
                0x0000000008001138                USB_LP_CAN1_RX0_IRQHandler
                0x0000000008001138                USB_HP_CAN1_TX_IRQHandler
                0x0000000008001138                DMA1_Channel3_IRQHandler
                0x0000000008001138                WWDG_IRQHandler
                0x0000000008001138                TIM2_IRQHandler
                0x0000000008001138                EXTI1_IRQHandler
                0x0000000008001138                USART2_IRQHandler
                0x0000000008001138                I2C2_ER_IRQHandler
                0x0000000008001138                DMA1_Channel2_IRQHandler
                0x0000000008001138                CAN1_SCE_IRQHandler
                0x0000000008001138                FLASH_IRQHandler
                0x0000000008001138                USART1_IRQHandler
                0x0000000008001138                I2C1_ER_IRQHandler
                0x0000000008001138                USBWakeUp_IRQHandler
 *fill*         0x000000000800113a        0x2 
 .text.HAL_Init
                0x000000000800113c       0x2c Drivers/STM32F1xx_HAL_Driver/Src/stm32f1xx_hal.o
                0x000000000800113c                HAL_Init
 .text.HAL_InitTick
                0x0000000008001168       0x60 Drivers/STM32F1xx_HAL_Driver/Src/stm32f1xx_hal.o
                0x0000000008001168                HAL_InitTick
 .text.HAL_IncTick
                0x00000000080011c8       0x24 Drivers/STM32F1xx_HAL_Driver/Src/stm32f1xx_hal.o
                0x00000000080011c8                HAL_IncTick
 .text.HAL_GetTick
                0x00000000080011ec       0x14 Drivers/STM32F1xx_HAL_Driver/Src/stm32f1xx_hal.o
                0x00000000080011ec                HAL_GetTick
 .text.HAL_Delay
                0x0000000008001200       0x44 Drivers/STM32F1xx_HAL_Driver/Src/stm32f1xx_hal.o
                0x0000000008001200                HAL_Delay
 .text.__NVIC_SetPriorityGrouping
                0x0000000008001244       0x48 Drivers/STM32F1xx_HAL_Driver/Src/stm32f1xx_hal_cortex.o
 .text.__NVIC_GetPriorityGrouping
                0x000000000800128c       0x1c Drivers/STM32F1xx_HAL_Driver/Src/stm32f1xx_hal_cortex.o
 .text.__NVIC_EnableIRQ
                0x00000000080012a8       0x38 Drivers/STM32F1xx_HAL_Driver/Src/stm32f1xx_hal_cortex.o
 .text.__NVIC_SetPriority
                0x00000000080012e0       0x54 Drivers/STM32F1xx_HAL_Driver/Src/stm32f1xx_hal_cortex.o
 .text.NVIC_EncodePriority
                0x0000000008001334       0x64 Drivers/STM32F1xx_HAL_Driver/Src/stm32f1xx_hal_cortex.o
 .text.SysTick_Config
                0x0000000008001398       0x44 Drivers/STM32F1xx_HAL_Driver/Src/stm32f1xx_hal_cortex.o
 .text.HAL_NVIC_SetPriorityGrouping
                0x00000000080013dc       0x16 Drivers/STM32F1xx_HAL_Driver/Src/stm32f1xx_hal_cortex.o
                0x00000000080013dc                HAL_NVIC_SetPriorityGrouping
 .text.HAL_NVIC_SetPriority
                0x00000000080013f2       0x38 Drivers/STM32F1xx_HAL_Driver/Src/stm32f1xx_hal_cortex.o
                0x00000000080013f2                HAL_NVIC_SetPriority
 .text.HAL_NVIC_EnableIRQ
                0x000000000800142a       0x1c Drivers/STM32F1xx_HAL_Driver/Src/stm32f1xx_hal_cortex.o
                0x000000000800142a                HAL_NVIC_EnableIRQ
 .text.HAL_SYSTICK_Config
                0x0000000008001446       0x18 Drivers/STM32F1xx_HAL_Driver/Src/stm32f1xx_hal_cortex.o
                0x0000000008001446                HAL_SYSTICK_Config
 *fill*         0x000000000800145e        0x2 
 .text.HAL_GPIO_Init
                0x0000000008001460      0x2b4 Drivers/STM32F1xx_HAL_Driver/Src/stm32f1xx_hal_gpio.o
                0x0000000008001460                HAL_GPIO_Init
 .text.HAL_GPIO_DeInit
                0x0000000008001714      0x178 Drivers/STM32F1xx_HAL_Driver/Src/stm32f1xx_hal_gpio.o
                0x0000000008001714                HAL_GPIO_DeInit
 .text.HAL_GPIO_WritePin
                0x000000000800188c       0x30 Drivers/STM32F1xx_HAL_Driver/Src/stm32f1xx_hal_gpio.o
                0x000000000800188c                HAL_GPIO_WritePin
 .text.HAL_GPIO_EXTI_IRQHandler
                0x00000000080018bc       0x30 Drivers/STM32F1xx_HAL_Driver/Src/stm32f1xx_hal_gpio.o
                0x00000000080018bc                HAL_GPIO_EXTI_IRQHandler
 .text.HAL_GPIO_EXTI_Callback
                0x00000000080018ec       0x14 Drivers/STM32F1xx_HAL_Driver/Src/stm32f1xx_hal_gpio.o
                0x00000000080018ec                HAL_GPIO_EXTI_Callback
 .text.HAL_I2C_Init
                0x0000000008001900      0x270 Drivers/STM32F1xx_HAL_Driver/Src/stm32f1xx_hal_i2c.o
                0x0000000008001900                HAL_I2C_Init
 .text.HAL_I2C_DeInit
                0x0000000008001b70       0x5e Drivers/STM32F1xx_HAL_Driver/Src/stm32f1xx_hal_i2c.o
                0x0000000008001b70                HAL_I2C_DeInit
 *fill*         0x0000000008001bce        0x2 
 .text.HAL_I2C_Mem_Write
                0x0000000008001bd0      0x1f4 Drivers/STM32F1xx_HAL_Driver/Src/stm32f1xx_hal_i2c.o
                0x0000000008001bd0                HAL_I2C_Mem_Write
 .text.I2C_RequestMemoryWrite
                0x0000000008001dc4      0x12c Drivers/STM32F1xx_HAL_Driver/Src/stm32f1xx_hal_i2c.o
 .text.I2C_WaitOnFlagUntilTimeout
                0x0000000008001ef0       0xae Drivers/STM32F1xx_HAL_Driver/Src/stm32f1xx_hal_i2c.o
 .text.I2C_WaitOnMasterAddressFlagUntilTimeout
                0x0000000008001f9e       0xfe Drivers/STM32F1xx_HAL_Driver/Src/stm32f1xx_hal_i2c.o
 .text.I2C_WaitOnTXEFlagUntilTimeout
                0x000000000800209c       0x82 Drivers/STM32F1xx_HAL_Driver/Src/stm32f1xx_hal_i2c.o
 .text.I2C_WaitOnBTFFlagUntilTimeout
                0x000000000800211e       0x82 Drivers/STM32F1xx_HAL_Driver/Src/stm32f1xx_hal_i2c.o
 .text.I2C_IsAcknowledgeFailed
                0x00000000080021a0       0x5c Drivers/STM32F1xx_HAL_Driver/Src/stm32f1xx_hal_i2c.o
 .text.HAL_RCC_OscConfig
                0x00000000080021fc      0x500 Drivers/STM32F1xx_HAL_Driver/Src/stm32f1xx_hal_rcc.o
                0x00000000080021fc                HAL_RCC_OscConfig
 .text.HAL_RCC_ClockConfig
                0x00000000080026fc      0x1d4 Drivers/STM32F1xx_HAL_Driver/Src/stm32f1xx_hal_rcc.o
                0x00000000080026fc                HAL_RCC_ClockConfig
 .text.HAL_RCC_GetSysClockFreq
                0x00000000080028d0       0xc4 Drivers/STM32F1xx_HAL_Driver/Src/stm32f1xx_hal_rcc.o
                0x00000000080028d0                HAL_RCC_GetSysClockFreq
 .text.HAL_RCC_GetHCLKFreq
                0x0000000008002994       0x14 Drivers/STM32F1xx_HAL_Driver/Src/stm32f1xx_hal_rcc.o
                0x0000000008002994                HAL_RCC_GetHCLKFreq
 .text.HAL_RCC_GetPCLK1Freq
                0x00000000080029a8       0x28 Drivers/STM32F1xx_HAL_Driver/Src/stm32f1xx_hal_rcc.o
                0x00000000080029a8                HAL_RCC_GetPCLK1Freq
 .text.RCC_Delay
                0x00000000080029d0       0x3c Drivers/STM32F1xx_HAL_Driver/Src/stm32f1xx_hal_rcc.o
 .text.HAL_TIM_Base_Init
                0x0000000008002a0c       0x9e Drivers/STM32F1xx_HAL_Driver/Src/stm32f1xx_hal_tim.o
                0x0000000008002a0c                HAL_TIM_Base_Init
 *fill*         0x0000000008002aaa        0x2 
 .text.HAL_TIM_Base_Start_IT
                0x0000000008002aac       0xa4 Drivers/STM32F1xx_HAL_Driver/Src/stm32f1xx_hal_tim.o
                0x0000000008002aac                HAL_TIM_Base_Start_IT
 .text.HAL_TIM_Base_Stop_IT
                0x0000000008002b50       0x5c Drivers/STM32F1xx_HAL_Driver/Src/stm32f1xx_hal_tim.o
                0x0000000008002b50                HAL_TIM_Base_Stop_IT
 .text.HAL_TIM_IRQHandler
                0x0000000008002bac      0x210 Drivers/STM32F1xx_HAL_Driver/Src/stm32f1xx_hal_tim.o
                0x0000000008002bac                HAL_TIM_IRQHandler
 .text.HAL_TIM_ConfigClockSource
                0x0000000008002dbc      0x16e Drivers/STM32F1xx_HAL_Driver/Src/stm32f1xx_hal_tim.o
                0x0000000008002dbc                HAL_TIM_ConfigClockSource
 .text.HAL_TIM_OC_DelayElapsedCallback
                0x0000000008002f2a       0x12 Drivers/STM32F1xx_HAL_Driver/Src/stm32f1xx_hal_tim.o
                0x0000000008002f2a                HAL_TIM_OC_DelayElapsedCallback
 .text.HAL_TIM_IC_CaptureCallback
                0x0000000008002f3c       0x12 Drivers/STM32F1xx_HAL_Driver/Src/stm32f1xx_hal_tim.o
                0x0000000008002f3c                HAL_TIM_IC_CaptureCallback
 .text.HAL_TIM_PWM_PulseFinishedCallback
                0x0000000008002f4e       0x12 Drivers/STM32F1xx_HAL_Driver/Src/stm32f1xx_hal_tim.o
                0x0000000008002f4e                HAL_TIM_PWM_PulseFinishedCallback
 .text.HAL_TIM_TriggerCallback
                0x0000000008002f60       0x12 Drivers/STM32F1xx_HAL_Driver/Src/stm32f1xx_hal_tim.o
                0x0000000008002f60                HAL_TIM_TriggerCallback
 *fill*         0x0000000008002f72        0x2 
 .text.TIM_Base_SetConfig
                0x0000000008002f74       0xc4 Drivers/STM32F1xx_HAL_Driver/Src/stm32f1xx_hal_tim.o
                0x0000000008002f74                TIM_Base_SetConfig
 .text.TIM_TI1_ConfigInputStage
                0x0000000008003038       0x5c Drivers/STM32F1xx_HAL_Driver/Src/stm32f1xx_hal_tim.o
 .text.TIM_TI2_ConfigInputStage
                0x0000000008003094       0x5e Drivers/STM32F1xx_HAL_Driver/Src/stm32f1xx_hal_tim.o
 .text.TIM_ITRx_SetConfig
                0x00000000080030f2       0x34 Drivers/STM32F1xx_HAL_Driver/Src/stm32f1xx_hal_tim.o
 .text.TIM_ETR_SetConfig
                0x0000000008003126       0x3e Drivers/STM32F1xx_HAL_Driver/Src/stm32f1xx_hal_tim.o
                0x0000000008003126                TIM_ETR_SetConfig
 .text.HAL_TIMEx_MasterConfigSynchronization
                0x0000000008003164       0xbc Drivers/STM32F1xx_HAL_Driver/Src/stm32f1xx_hal_tim_ex.o
                0x0000000008003164                HAL_TIMEx_MasterConfigSynchronization
 .text.HAL_TIMEx_CommutCallback
                0x0000000008003220       0x12 Drivers/STM32F1xx_HAL_Driver/Src/stm32f1xx_hal_tim_ex.o
                0x0000000008003220                HAL_TIMEx_CommutCallback
 .text.HAL_TIMEx_BreakCallback
                0x0000000008003232       0x12 Drivers/STM32F1xx_HAL_Driver/Src/stm32f1xx_hal_tim_ex.o
                0x0000000008003232                HAL_TIMEx_BreakCallback
 .text.__errno  0x0000000008003244        0xc d:/stm32cubeide_1.5.0/stm32cubeide/plugins/com.st.stm32cube.ide.mcu.externaltools.gnu-tools-for-stm32.7-2018-q2-update.win32_1.5.0.202011040924/tools/bin/../lib/gcc/arm-none-eabi/7.3.1/../../../../arm-none-eabi/lib/thumb/v7-m\libc_nano.a(lib_a-errno.o)
                0x0000000008003244                __errno
 .text.__libc_init_array
                0x0000000008003250       0x48 d:/stm32cubeide_1.5.0/stm32cubeide/plugins/com.st.stm32cube.ide.mcu.externaltools.gnu-tools-for-stm32.7-2018-q2-update.win32_1.5.0.202011040924/tools/bin/../lib/gcc/arm-none-eabi/7.3.1/../../../../arm-none-eabi/lib/thumb/v7-m\libc_nano.a(lib_a-init.o)
                0x0000000008003250                __libc_init_array
 .text.memset   0x0000000008003298       0x10 d:/stm32cubeide_1.5.0/stm32cubeide/plugins/com.st.stm32cube.ide.mcu.externaltools.gnu-tools-for-stm32.7-2018-q2-update.win32_1.5.0.202011040924/tools/bin/../lib/gcc/arm-none-eabi/7.3.1/../../../../arm-none-eabi/lib/thumb/v7-m\libc_nano.a(lib_a-memset.o)
                0x0000000008003298                memset
 .text.printf   0x00000000080032a8       0x30 d:/stm32cubeide_1.5.0/stm32cubeide/plugins/com.st.stm32cube.ide.mcu.externaltools.gnu-tools-for-stm32.7-2018-q2-update.win32_1.5.0.202011040924/tools/bin/../lib/gcc/arm-none-eabi/7.3.1/../../../../arm-none-eabi/lib/thumb/v7-m\libc_nano.a(lib_a-printf.o)
                0x00000000080032a8                iprintf
                0x00000000080032a8                printf
 .text._puts_r  0x00000000080032d8       0xb8 d:/stm32cubeide_1.5.0/stm32cubeide/plugins/com.st.stm32cube.ide.mcu.externaltools.gnu-tools-for-stm32.7-2018-q2-update.win32_1.5.0.202011040924/tools/bin/../lib/gcc/arm-none-eabi/7.3.1/../../../../arm-none-eabi/lib/thumb/v7-m\libc_nano.a(lib_a-puts.o)
                0x00000000080032d8                _puts_r
 .text.puts     0x0000000008003390       0x10 d:/stm32cubeide_1.5.0/stm32cubeide/plugins/com.st.stm32cube.ide.mcu.externaltools.gnu-tools-for-stm32.7-2018-q2-update.win32_1.5.0.202011040924/tools/bin/../lib/gcc/arm-none-eabi/7.3.1/../../../../arm-none-eabi/lib/thumb/v7-m\libc_nano.a(lib_a-puts.o)
                0x0000000008003390                puts
 .text.__swbuf_r
                0x00000000080033a0       0xa4 d:/stm32cubeide_1.5.0/stm32cubeide/plugins/com.st.stm32cube.ide.mcu.externaltools.gnu-tools-for-stm32.7-2018-q2-update.win32_1.5.0.202011040924/tools/bin/../lib/gcc/arm-none-eabi/7.3.1/../../../../arm-none-eabi/lib/thumb/v7-m\libc_nano.a(lib_a-wbuf.o)
                0x00000000080033a0                __swbuf_r
 .text.__swsetup_r
                0x0000000008003444       0xdc d:/stm32cubeide_1.5.0/stm32cubeide/plugins/com.st.stm32cube.ide.mcu.externaltools.gnu-tools-for-stm32.7-2018-q2-update.win32_1.5.0.202011040924/tools/bin/../lib/gcc/arm-none-eabi/7.3.1/../../../../arm-none-eabi/lib/thumb/v7-m\libc_nano.a(lib_a-wsetup.o)
                0x0000000008003444                __swsetup_r
 .text.__sflush_r
                0x0000000008003520      0x10c d:/stm32cubeide_1.5.0/stm32cubeide/plugins/com.st.stm32cube.ide.mcu.externaltools.gnu-tools-for-stm32.7-2018-q2-update.win32_1.5.0.202011040924/tools/bin/../lib/gcc/arm-none-eabi/7.3.1/../../../../arm-none-eabi/lib/thumb/v7-m\libc_nano.a(lib_a-fflush.o)
                0x0000000008003520                __sflush_r
 .text._fflush_r
                0x000000000800362c       0x54 d:/stm32cubeide_1.5.0/stm32cubeide/plugins/com.st.stm32cube.ide.mcu.externaltools.gnu-tools-for-stm32.7-2018-q2-update.win32_1.5.0.202011040924/tools/bin/../lib/gcc/arm-none-eabi/7.3.1/../../../../arm-none-eabi/lib/thumb/v7-m\libc_nano.a(lib_a-fflush.o)
                0x000000000800362c                _fflush_r
 .text.std      0x0000000008003680       0x48 d:/stm32cubeide_1.5.0/stm32cubeide/plugins/com.st.stm32cube.ide.mcu.externaltools.gnu-tools-for-stm32.7-2018-q2-update.win32_1.5.0.202011040924/tools/bin/../lib/gcc/arm-none-eabi/7.3.1/../../../../arm-none-eabi/lib/thumb/v7-m\libc_nano.a(lib_a-findfp.o)
 .text._cleanup_r
                0x00000000080036c8        0xc d:/stm32cubeide_1.5.0/stm32cubeide/plugins/com.st.stm32cube.ide.mcu.externaltools.gnu-tools-for-stm32.7-2018-q2-update.win32_1.5.0.202011040924/tools/bin/../lib/gcc/arm-none-eabi/7.3.1/../../../../arm-none-eabi/lib/thumb/v7-m\libc_nano.a(lib_a-findfp.o)
                0x00000000080036c8                _cleanup_r
 .text.__sfmoreglue
                0x00000000080036d4       0x2c d:/stm32cubeide_1.5.0/stm32cubeide/plugins/com.st.stm32cube.ide.mcu.externaltools.gnu-tools-for-stm32.7-2018-q2-update.win32_1.5.0.202011040924/tools/bin/../lib/gcc/arm-none-eabi/7.3.1/../../../../arm-none-eabi/lib/thumb/v7-m\libc_nano.a(lib_a-findfp.o)
                0x00000000080036d4                __sfmoreglue
 .text.__sinit  0x0000000008003700       0x60 d:/stm32cubeide_1.5.0/stm32cubeide/plugins/com.st.stm32cube.ide.mcu.externaltools.gnu-tools-for-stm32.7-2018-q2-update.win32_1.5.0.202011040924/tools/bin/../lib/gcc/arm-none-eabi/7.3.1/../../../../arm-none-eabi/lib/thumb/v7-m\libc_nano.a(lib_a-findfp.o)
                0x0000000008003700                __sinit
 .text.__sfp    0x0000000008003760       0x78 d:/stm32cubeide_1.5.0/stm32cubeide/plugins/com.st.stm32cube.ide.mcu.externaltools.gnu-tools-for-stm32.7-2018-q2-update.win32_1.5.0.202011040924/tools/bin/../lib/gcc/arm-none-eabi/7.3.1/../../../../arm-none-eabi/lib/thumb/v7-m\libc_nano.a(lib_a-findfp.o)
                0x0000000008003760                __sfp
 .text._fwalk_reent
                0x00000000080037d8       0x3c d:/stm32cubeide_1.5.0/stm32cubeide/plugins/com.st.stm32cube.ide.mcu.externaltools.gnu-tools-for-stm32.7-2018-q2-update.win32_1.5.0.202011040924/tools/bin/../lib/gcc/arm-none-eabi/7.3.1/../../../../arm-none-eabi/lib/thumb/v7-m\libc_nano.a(lib_a-fwalk.o)
                0x00000000080037d8                _fwalk_reent
 .text.__swhatbuf_r
                0x0000000008003814       0x48 d:/stm32cubeide_1.5.0/stm32cubeide/plugins/com.st.stm32cube.ide.mcu.externaltools.gnu-tools-for-stm32.7-2018-q2-update.win32_1.5.0.202011040924/tools/bin/../lib/gcc/arm-none-eabi/7.3.1/../../../../arm-none-eabi/lib/thumb/v7-m\libc_nano.a(lib_a-makebuf.o)
                0x0000000008003814                __swhatbuf_r
 .text.__smakebuf_r
                0x000000000800385c       0x80 d:/stm32cubeide_1.5.0/stm32cubeide/plugins/com.st.stm32cube.ide.mcu.externaltools.gnu-tools-for-stm32.7-2018-q2-update.win32_1.5.0.202011040924/tools/bin/../lib/gcc/arm-none-eabi/7.3.1/../../../../arm-none-eabi/lib/thumb/v7-m\libc_nano.a(lib_a-makebuf.o)
                0x000000000800385c                __smakebuf_r
 .text._free_r  0x00000000080038dc       0x98 d:/stm32cubeide_1.5.0/stm32cubeide/plugins/com.st.stm32cube.ide.mcu.externaltools.gnu-tools-for-stm32.7-2018-q2-update.win32_1.5.0.202011040924/tools/bin/../lib/gcc/arm-none-eabi/7.3.1/../../../../arm-none-eabi/lib/thumb/v7-m\libc_nano.a(lib_a-nano-freer.o)
                0x00000000080038dc                _free_r
 .text._malloc_r
                0x0000000008003974       0xb4 d:/stm32cubeide_1.5.0/stm32cubeide/plugins/com.st.stm32cube.ide.mcu.externaltools.gnu-tools-for-stm32.7-2018-q2-update.win32_1.5.0.202011040924/tools/bin/../lib/gcc/arm-none-eabi/7.3.1/../../../../arm-none-eabi/lib/thumb/v7-m\libc_nano.a(lib_a-nano-mallocr.o)
                0x0000000008003974                _malloc_r
 .text.__sfputc_r
                0x0000000008003a28       0x2a d:/stm32cubeide_1.5.0/stm32cubeide/plugins/com.st.stm32cube.ide.mcu.externaltools.gnu-tools-for-stm32.7-2018-q2-update.win32_1.5.0.202011040924/tools/bin/../lib/gcc/arm-none-eabi/7.3.1/../../../../arm-none-eabi/lib/thumb/v7-m\libc_nano.a(lib_a-nano-vfprintf.o)
 .text.__sfputs_r
                0x0000000008003a52       0x24 d:/stm32cubeide_1.5.0/stm32cubeide/plugins/com.st.stm32cube.ide.mcu.externaltools.gnu-tools-for-stm32.7-2018-q2-update.win32_1.5.0.202011040924/tools/bin/../lib/gcc/arm-none-eabi/7.3.1/../../../../arm-none-eabi/lib/thumb/v7-m\libc_nano.a(lib_a-nano-vfprintf.o)
                0x0000000008003a52                __sfputs_r
 *fill*         0x0000000008003a76        0x2 
 .text._vfprintf_r
                0x0000000008003a78      0x22c d:/stm32cubeide_1.5.0/stm32cubeide/plugins/com.st.stm32cube.ide.mcu.externaltools.gnu-tools-for-stm32.7-2018-q2-update.win32_1.5.0.202011040924/tools/bin/../lib/gcc/arm-none-eabi/7.3.1/../../../../arm-none-eabi/lib/thumb/v7-m\libc_nano.a(lib_a-nano-vfprintf.o)
                0x0000000008003a78                _vfprintf_r
                0x0000000008003a78                _vfiprintf_r
 .text._printf_common
                0x0000000008003ca4       0xec d:/stm32cubeide_1.5.0/stm32cubeide/plugins/com.st.stm32cube.ide.mcu.externaltools.gnu-tools-for-stm32.7-2018-q2-update.win32_1.5.0.202011040924/tools/bin/../lib/gcc/arm-none-eabi/7.3.1/../../../../arm-none-eabi/lib/thumb/v7-m\libc_nano.a(lib_a-nano-vfprintf_i.o)
                0x0000000008003ca4                _printf_common
 .text._printf_i
                0x0000000008003d90      0x224 d:/stm32cubeide_1.5.0/stm32cubeide/plugins/com.st.stm32cube.ide.mcu.externaltools.gnu-tools-for-stm32.7-2018-q2-update.win32_1.5.0.202011040924/tools/bin/../lib/gcc/arm-none-eabi/7.3.1/../../../../arm-none-eabi/lib/thumb/v7-m\libc_nano.a(lib_a-nano-vfprintf_i.o)
                0x0000000008003d90                _printf_i
 .text._sbrk_r  0x0000000008003fb4       0x20 d:/stm32cubeide_1.5.0/stm32cubeide/plugins/com.st.stm32cube.ide.mcu.externaltools.gnu-tools-for-stm32.7-2018-q2-update.win32_1.5.0.202011040924/tools/bin/../lib/gcc/arm-none-eabi/7.3.1/../../../../arm-none-eabi/lib/thumb/v7-m\libc_nano.a(lib_a-sbrkr.o)
                0x0000000008003fb4                _sbrk_r
 .text.__sread  0x0000000008003fd4       0x22 d:/stm32cubeide_1.5.0/stm32cubeide/plugins/com.st.stm32cube.ide.mcu.externaltools.gnu-tools-for-stm32.7-2018-q2-update.win32_1.5.0.202011040924/tools/bin/../lib/gcc/arm-none-eabi/7.3.1/../../../../arm-none-eabi/lib/thumb/v7-m\libc_nano.a(lib_a-stdio.o)
                0x0000000008003fd4                __sread
 .text.__swrite
                0x0000000008003ff6       0x38 d:/stm32cubeide_1.5.0/stm32cubeide/plugins/com.st.stm32cube.ide.mcu.externaltools.gnu-tools-for-stm32.7-2018-q2-update.win32_1.5.0.202011040924/tools/bin/../lib/gcc/arm-none-eabi/7.3.1/../../../../arm-none-eabi/lib/thumb/v7-m\libc_nano.a(lib_a-stdio.o)
                0x0000000008003ff6                __swrite
 .text.__sseek  0x000000000800402e       0x24 d:/stm32cubeide_1.5.0/stm32cubeide/plugins/com.st.stm32cube.ide.mcu.externaltools.gnu-tools-for-stm32.7-2018-q2-update.win32_1.5.0.202011040924/tools/bin/../lib/gcc/arm-none-eabi/7.3.1/../../../../arm-none-eabi/lib/thumb/v7-m\libc_nano.a(lib_a-stdio.o)
                0x000000000800402e                __sseek
 .text.__sclose
                0x0000000008004052        0x8 d:/stm32cubeide_1.5.0/stm32cubeide/plugins/com.st.stm32cube.ide.mcu.externaltools.gnu-tools-for-stm32.7-2018-q2-update.win32_1.5.0.202011040924/tools/bin/../lib/gcc/arm-none-eabi/7.3.1/../../../../arm-none-eabi/lib/thumb/v7-m\libc_nano.a(lib_a-stdio.o)
                0x0000000008004052                __sclose
 *fill*         0x000000000800405a        0x2 
 .text._write_r
                0x000000000800405c       0x24 d:/stm32cubeide_1.5.0/stm32cubeide/plugins/com.st.stm32cube.ide.mcu.externaltools.gnu-tools-for-stm32.7-2018-q2-update.win32_1.5.0.202011040924/tools/bin/../lib/gcc/arm-none-eabi/7.3.1/../../../../arm-none-eabi/lib/thumb/v7-m\libc_nano.a(lib_a-writer.o)
                0x000000000800405c                _write_r
 .text._close_r
                0x0000000008004080       0x20 d:/stm32cubeide_1.5.0/stm32cubeide/plugins/com.st.stm32cube.ide.mcu.externaltools.gnu-tools-for-stm32.7-2018-q2-update.win32_1.5.0.202011040924/tools/bin/../lib/gcc/arm-none-eabi/7.3.1/../../../../arm-none-eabi/lib/thumb/v7-m\libc_nano.a(lib_a-closer.o)
                0x0000000008004080                _close_r
 .text._fstat_r
                0x00000000080040a0       0x24 d:/stm32cubeide_1.5.0/stm32cubeide/plugins/com.st.stm32cube.ide.mcu.externaltools.gnu-tools-for-stm32.7-2018-q2-update.win32_1.5.0.202011040924/tools/bin/../lib/gcc/arm-none-eabi/7.3.1/../../../../arm-none-eabi/lib/thumb/v7-m\libc_nano.a(lib_a-fstatr.o)
                0x00000000080040a0                _fstat_r
 .text._isatty_r
                0x00000000080040c4       0x20 d:/stm32cubeide_1.5.0/stm32cubeide/plugins/com.st.stm32cube.ide.mcu.externaltools.gnu-tools-for-stm32.7-2018-q2-update.win32_1.5.0.202011040924/tools/bin/../lib/gcc/arm-none-eabi/7.3.1/../../../../arm-none-eabi/lib/thumb/v7-m\libc_nano.a(lib_a-isattyr.o)
                0x00000000080040c4                _isatty_r
 .text._lseek_r
                0x00000000080040e4       0x24 d:/stm32cubeide_1.5.0/stm32cubeide/plugins/com.st.stm32cube.ide.mcu.externaltools.gnu-tools-for-stm32.7-2018-q2-update.win32_1.5.0.202011040924/tools/bin/../lib/gcc/arm-none-eabi/7.3.1/../../../../arm-none-eabi/lib/thumb/v7-m\libc_nano.a(lib_a-lseekr.o)
                0x00000000080040e4                _lseek_r
 .text.memchr   0x0000000008004108       0x1c d:/stm32cubeide_1.5.0/stm32cubeide/plugins/com.st.stm32cube.ide.mcu.externaltools.gnu-tools-for-stm32.7-2018-q2-update.win32_1.5.0.202011040924/tools/bin/../lib/gcc/arm-none-eabi/7.3.1/../../../../arm-none-eabi/lib/thumb/v7-m\libc_nano.a(lib_a-memchr-stub.o)
                0x0000000008004108                memchr
 .text.__malloc_lock
                0x0000000008004124        0x2 d:/stm32cubeide_1.5.0/stm32cubeide/plugins/com.st.stm32cube.ide.mcu.externaltools.gnu-tools-for-stm32.7-2018-q2-update.win32_1.5.0.202011040924/tools/bin/../lib/gcc/arm-none-eabi/7.3.1/../../../../arm-none-eabi/lib/thumb/v7-m\libc_nano.a(lib_a-mlock.o)
                0x0000000008004124                __malloc_lock
 .text.__malloc_unlock
                0x0000000008004126        0x2 d:/stm32cubeide_1.5.0/stm32cubeide/plugins/com.st.stm32cube.ide.mcu.externaltools.gnu-tools-for-stm32.7-2018-q2-update.win32_1.5.0.202011040924/tools/bin/../lib/gcc/arm-none-eabi/7.3.1/../../../../arm-none-eabi/lib/thumb/v7-m\libc_nano.a(lib_a-mlock.o)
                0x0000000008004126                __malloc_unlock
 .text._read_r  0x0000000008004128       0x24 d:/stm32cubeide_1.5.0/stm32cubeide/plugins/com.st.stm32cube.ide.mcu.externaltools.gnu-tools-for-stm32.7-2018-q2-update.win32_1.5.0.202011040924/tools/bin/../lib/gcc/arm-none-eabi/7.3.1/../../../../arm-none-eabi/lib/thumb/v7-m\libc_nano.a(lib_a-readr.o)
                0x0000000008004128                _read_r
 *(.glue_7)
 .glue_7        0x000000000800414c        0x0 linker stubs
 *(.glue_7t)
 .glue_7t       0x000000000800414c        0x0 linker stubs
 *(.eh_frame)
 .eh_frame      0x000000000800414c        0x0 d:/stm32cubeide_1.5.0/stm32cubeide/plugins/com.st.stm32cube.ide.mcu.externaltools.gnu-tools-for-stm32.7-2018-q2-update.win32_1.5.0.202011040924/tools/bin/../lib/gcc/arm-none-eabi/7.3.1/thumb/v7-m/crtbegin.o
 *(.init)
 .init          0x000000000800414c        0x4 d:/stm32cubeide_1.5.0/stm32cubeide/plugins/com.st.stm32cube.ide.mcu.externaltools.gnu-tools-for-stm32.7-2018-q2-update.win32_1.5.0.202011040924/tools/bin/../lib/gcc/arm-none-eabi/7.3.1/thumb/v7-m/crti.o
                0x000000000800414c                _init
 .init          0x0000000008004150        0x8 d:/stm32cubeide_1.5.0/stm32cubeide/plugins/com.st.stm32cube.ide.mcu.externaltools.gnu-tools-for-stm32.7-2018-q2-update.win32_1.5.0.202011040924/tools/bin/../lib/gcc/arm-none-eabi/7.3.1/thumb/v7-m/crtn.o
 *(.fini)
 .fini          0x0000000008004158        0x4 d:/stm32cubeide_1.5.0/stm32cubeide/plugins/com.st.stm32cube.ide.mcu.externaltools.gnu-tools-for-stm32.7-2018-q2-update.win32_1.5.0.202011040924/tools/bin/../lib/gcc/arm-none-eabi/7.3.1/thumb/v7-m/crti.o
                0x0000000008004158                _fini
 .fini          0x000000000800415c        0x8 d:/stm32cubeide_1.5.0/stm32cubeide/plugins/com.st.stm32cube.ide.mcu.externaltools.gnu-tools-for-stm32.7-2018-q2-update.win32_1.5.0.202011040924/tools/bin/../lib/gcc/arm-none-eabi/7.3.1/thumb/v7-m/crtn.o
                0x0000000008004164                . = ALIGN (0x4)
                0x0000000008004164                _etext = .

.vfp11_veneer   0x0000000008004164        0x0
 .vfp11_veneer  0x0000000008004164        0x0 linker stubs

.v4_bx          0x0000000008004164        0x0
 .v4_bx         0x0000000008004164        0x0 linker stubs

.iplt           0x0000000008004164        0x0
 .iplt          0x0000000008004164        0x0 d:/stm32cubeide_1.5.0/stm32cubeide/plugins/com.st.stm32cube.ide.mcu.externaltools.gnu-tools-for-stm32.7-2018-q2-update.win32_1.5.0.202011040924/tools/bin/../lib/gcc/arm-none-eabi/7.3.1/thumb/v7-m/crtbegin.o

.rodata         0x0000000008004164      0xf40
                0x0000000008004164                . = ALIGN (0x4)
 *(.rodata)
 .rodata        0x0000000008004164      0x11e Core/Src/ds3231.o
 *fill*         0x0000000008004282        0x2 
 .rodata        0x0000000008004284       0x12 Drivers/STM32F1xx_HAL_Driver/Src/stm32f1xx_hal_rcc.o
 *(.rodata*)
 *fill*         0x0000000008004296        0x2 
 .rodata.Font11x18
                0x0000000008004298      0xd5c Core/Src/ssd1306_fonts.o
 .rodata.AHBPrescTable
                0x0000000008004ff4       0x10 Core/Src/system_stm32f1xx.o
                0x0000000008004ff4                AHBPrescTable
 .rodata.APBPrescTable
                0x0000000008005004        0x8 Core/Src/system_stm32f1xx.o
                0x0000000008005004                APBPrescTable
 .rodata._global_impure_ptr
                0x000000000800500c        0x4 d:/stm32cubeide_1.5.0/stm32cubeide/plugins/com.st.stm32cube.ide.mcu.externaltools.gnu-tools-for-stm32.7-2018-q2-update.win32_1.5.0.202011040924/tools/bin/../lib/gcc/arm-none-eabi/7.3.1/../../../../arm-none-eabi/lib/thumb/v7-m\libc_nano.a(lib_a-impure.o)
                0x000000000800500c                _global_impure_ptr
 .rodata.__sf_fake_stderr
                0x0000000008005010       0x20 d:/stm32cubeide_1.5.0/stm32cubeide/plugins/com.st.stm32cube.ide.mcu.externaltools.gnu-tools-for-stm32.7-2018-q2-update.win32_1.5.0.202011040924/tools/bin/../lib/gcc/arm-none-eabi/7.3.1/../../../../arm-none-eabi/lib/thumb/v7-m\libc_nano.a(lib_a-findfp.o)
                0x0000000008005010                __sf_fake_stderr
 .rodata.__sf_fake_stdin
                0x0000000008005030       0x20 d:/stm32cubeide_1.5.0/stm32cubeide/plugins/com.st.stm32cube.ide.mcu.externaltools.gnu-tools-for-stm32.7-2018-q2-update.win32_1.5.0.202011040924/tools/bin/../lib/gcc/arm-none-eabi/7.3.1/../../../../arm-none-eabi/lib/thumb/v7-m\libc_nano.a(lib_a-findfp.o)
                0x0000000008005030                __sf_fake_stdin
 .rodata.__sf_fake_stdout
                0x0000000008005050       0x20 d:/stm32cubeide_1.5.0/stm32cubeide/plugins/com.st.stm32cube.ide.mcu.externaltools.gnu-tools-for-stm32.7-2018-q2-update.win32_1.5.0.202011040924/tools/bin/../lib/gcc/arm-none-eabi/7.3.1/../../../../arm-none-eabi/lib/thumb/v7-m\libc_nano.a(lib_a-findfp.o)
                0x0000000008005050                __sf_fake_stdout
 .rodata._vfprintf_r.str1.1
                0x0000000008005070       0x11 d:/stm32cubeide_1.5.0/stm32cubeide/plugins/com.st.stm32cube.ide.mcu.externaltools.gnu-tools-for-stm32.7-2018-q2-update.win32_1.5.0.202011040924/tools/bin/../lib/gcc/arm-none-eabi/7.3.1/../../../../arm-none-eabi/lib/thumb/v7-m\libc_nano.a(lib_a-nano-vfprintf.o)
 .rodata._printf_i.str1.1
                0x0000000008005081       0x22 d:/stm32cubeide_1.5.0/stm32cubeide/plugins/com.st.stm32cube.ide.mcu.externaltools.gnu-tools-for-stm32.7-2018-q2-update.win32_1.5.0.202011040924/tools/bin/../lib/gcc/arm-none-eabi/7.3.1/../../../../arm-none-eabi/lib/thumb/v7-m\libc_nano.a(lib_a-nano-vfprintf_i.o)
                0x00000000080050a4                . = ALIGN (0x4)
 *fill*         0x00000000080050a3        0x1 

.rel.dyn        0x00000000080050a4        0x0
 .rel.iplt      0x00000000080050a4        0x0 d:/stm32cubeide_1.5.0/stm32cubeide/plugins/com.st.stm32cube.ide.mcu.externaltools.gnu-tools-for-stm32.7-2018-q2-update.win32_1.5.0.202011040924/tools/bin/../lib/gcc/arm-none-eabi/7.3.1/thumb/v7-m/crtbegin.o

.ARM.extab      0x00000000080050a4        0x0
                0x00000000080050a4                . = ALIGN (0x4)
 *(.ARM.extab* .gnu.linkonce.armextab.*)
                0x00000000080050a4                . = ALIGN (0x4)

.ARM            0x00000000080050a4        0x0
                0x00000000080050a4                . = ALIGN (0x4)
                0x00000000080050a4                __exidx_start = .
 *(.ARM.exidx*)
                0x00000000080050a4                __exidx_end = .
                0x00000000080050a4                . = ALIGN (0x4)

.preinit_array  0x00000000080050a4        0x0
                0x00000000080050a4                . = ALIGN (0x4)
                0x00000000080050a4                PROVIDE (__preinit_array_start = .)
 *(.preinit_array*)
                0x00000000080050a4                PROVIDE (__preinit_array_end = .)
                0x00000000080050a4                . = ALIGN (0x4)

.init_array     0x00000000080050a4        0x4
                0x00000000080050a4                . = ALIGN (0x4)
                0x00000000080050a4                PROVIDE (__init_array_start = .)
 *(SORT_BY_NAME(.init_array.*))
 *(.init_array*)
 .init_array    0x00000000080050a4        0x4 d:/stm32cubeide_1.5.0/stm32cubeide/plugins/com.st.stm32cube.ide.mcu.externaltools.gnu-tools-for-stm32.7-2018-q2-update.win32_1.5.0.202011040924/tools/bin/../lib/gcc/arm-none-eabi/7.3.1/thumb/v7-m/crtbegin.o
                0x00000000080050a8                PROVIDE (__init_array_end = .)
                0x00000000080050a8                . = ALIGN (0x4)

.fini_array     0x00000000080050a8        0x4
                0x00000000080050a8                . = ALIGN (0x4)
                [!provide]                        PROVIDE (__fini_array_start = .)
 *(SORT_BY_NAME(.fini_array.*))
 *(.fini_array*)
 .fini_array    0x00000000080050a8        0x4 d:/stm32cubeide_1.5.0/stm32cubeide/plugins/com.st.stm32cube.ide.mcu.externaltools.gnu-tools-for-stm32.7-2018-q2-update.win32_1.5.0.202011040924/tools/bin/../lib/gcc/arm-none-eabi/7.3.1/thumb/v7-m/crtbegin.o
                [!provide]                        PROVIDE (__fini_array_end = .)
                0x00000000080050ac                . = ALIGN (0x4)
                0x00000000080050ac                _sidata = LOADADDR (.data)

.data           0x0000000020000000       0x78 load address 0x00000000080050ac
                0x0000000020000000                . = ALIGN (0x4)
                0x0000000020000000                _sdata = .
 *(.data)
 *(.data*)
 .data.Font_11x18
                0x0000000020000000        0x8 Core/Src/ssd1306_fonts.o
                0x0000000020000000                Font_11x18
 .data.SystemCoreClock
                0x0000000020000008        0x4 Core/Src/system_stm32f1xx.o
                0x0000000020000008                SystemCoreClock
 .data.uwTickPrio
                0x000000002000000c        0x4 Drivers/STM32F1xx_HAL_Driver/Src/stm32f1xx_hal.o
                0x000000002000000c                uwTickPrio
 .data.uwTickFreq
                0x0000000020000010        0x1 Drivers/STM32F1xx_HAL_Driver/Src/stm32f1xx_hal.o
                0x0000000020000010                uwTickFreq
 *fill*         0x0000000020000011        0x3 
 .data._impure_ptr
                0x0000000020000014        0x4 d:/stm32cubeide_1.5.0/stm32cubeide/plugins/com.st.stm32cube.ide.mcu.externaltools.gnu-tools-for-stm32.7-2018-q2-update.win32_1.5.0.202011040924/tools/bin/../lib/gcc/arm-none-eabi/7.3.1/../../../../arm-none-eabi/lib/thumb/v7-m\libc_nano.a(lib_a-impure.o)
                0x0000000020000014                _impure_ptr
 .data.impure_data
                0x0000000020000018       0x60 d:/stm32cubeide_1.5.0/stm32cubeide/plugins/com.st.stm32cube.ide.mcu.externaltools.gnu-tools-for-stm32.7-2018-q2-update.win32_1.5.0.202011040924/tools/bin/../lib/gcc/arm-none-eabi/7.3.1/../../../../arm-none-eabi/lib/thumb/v7-m\libc_nano.a(lib_a-impure.o)
 *(.RamFunc)
 *(.RamFunc*)
                0x0000000020000078                . = ALIGN (0x4)
                0x0000000020000078                _edata = .

.igot.plt       0x0000000020000078        0x0 load address 0x0000000008005124
 .igot.plt      0x0000000020000078        0x0 d:/stm32cubeide_1.5.0/stm32cubeide/plugins/com.st.stm32cube.ide.mcu.externaltools.gnu-tools-for-stm32.7-2018-q2-update.win32_1.5.0.202011040924/tools/bin/../lib/gcc/arm-none-eabi/7.3.1/thumb/v7-m/crtbegin.o
                0x0000000020000078                . = ALIGN (0x4)

.bss            0x0000000020000078      0x550 load address 0x0000000008005124
                0x0000000020000078                _sbss = .
                0x0000000020000078                __bss_start__ = _sbss
 *(.bss)
 .bss           0x0000000020000078       0x1c d:/stm32cubeide_1.5.0/stm32cubeide/plugins/com.st.stm32cube.ide.mcu.externaltools.gnu-tools-for-stm32.7-2018-q2-update.win32_1.5.0.202011040924/tools/bin/../lib/gcc/arm-none-eabi/7.3.1/thumb/v7-m/crtbegin.o
 *(.bss*)
 .bss.SSD1306_Buffer
                0x0000000020000094      0x400 Core/Src/ssd1306.o
 .bss.SSD1306   0x0000000020000494        0x8 Core/Src/ssd1306.o
 .bss.__sbrk_heap_end
                0x000000002000049c        0x4 Core/Src/sysmem.o
 .bss.__malloc_free_list
                0x00000000200004a0        0x4 d:/stm32cubeide_1.5.0/stm32cubeide/plugins/com.st.stm32cube.ide.mcu.externaltools.gnu-tools-for-stm32.7-2018-q2-update.win32_1.5.0.202011040924/tools/bin/../lib/gcc/arm-none-eabi/7.3.1/../../../../arm-none-eabi/lib/thumb/v7-m\libc_nano.a(lib_a-nano-mallocr.o)
                0x00000000200004a0                __malloc_free_list
 .bss.__malloc_sbrk_start
                0x00000000200004a4        0x4 d:/stm32cubeide_1.5.0/stm32cubeide/plugins/com.st.stm32cube.ide.mcu.externaltools.gnu-tools-for-stm32.7-2018-q2-update.win32_1.5.0.202011040924/tools/bin/../lib/gcc/arm-none-eabi/7.3.1/../../../../arm-none-eabi/lib/thumb/v7-m\libc_nano.a(lib_a-nano-mallocr.o)
                0x00000000200004a4                __malloc_sbrk_start
 *(COMMON)
 COMMON         0x00000000200004a8       0x7c Core/Src/ds3231.o
                0x00000000200004a8                lcd
                0x00000000200004ab                timer_durum
                0x00000000200004ac                saniye
                0x00000000200004c0                dakika
                0x00000000200004d4                string
                0x00000000200004e8                deneme
                0x00000000200004fc                ds3231_cfg
                0x0000000020000504                saat
                0x0000000020000518                zaman
                0x000000002000051f                tire
                0x0000000020000520                buton_deneme
 COMMON         0x0000000020000524       0x9c Core/Src/main.o
                0x0000000020000524                hi2c1
                0x0000000020000578                htim1
 COMMON         0x00000000200005c0        0x4 Drivers/STM32F1xx_HAL_Driver/Src/stm32f1xx_hal.o
                0x00000000200005c0                uwTick
 COMMON         0x00000000200005c4        0x4 d:/stm32cubeide_1.5.0/stm32cubeide/plugins/com.st.stm32cube.ide.mcu.externaltools.gnu-tools-for-stm32.7-2018-q2-update.win32_1.5.0.202011040924/tools/bin/../lib/gcc/arm-none-eabi/7.3.1/../../../../arm-none-eabi/lib/thumb/v7-m\libc_nano.a(lib_a-reent.o)
                0x00000000200005c4                errno
                0x00000000200005c8                . = ALIGN (0x4)
                0x00000000200005c8                _ebss = .
                0x00000000200005c8                __bss_end__ = _ebss

._user_heap_stack
                0x00000000200005c8      0x600 load address 0x0000000008005124
                0x00000000200005c8                . = ALIGN (0x8)
                [!provide]                        PROVIDE (end = .)
                0x00000000200005c8                PROVIDE (_end = .)
                0x00000000200007c8                . = (. + _Min_Heap_Size)
 *fill*         0x00000000200005c8      0x200 
                0x0000000020000bc8                . = (. + _Min_Stack_Size)
 *fill*         0x00000000200007c8      0x400 
                0x0000000020000bc8                . = ALIGN (0x8)

/DISCARD/
 libc.a(*)
 libm.a(*)
 libgcc.a(*)

.ARM.attributes
                0x0000000000000000       0x29
 *(.ARM.attributes)
 .ARM.attributes
                0x0000000000000000       0x1d d:/stm32cubeide_1.5.0/stm32cubeide/plugins/com.st.stm32cube.ide.mcu.externaltools.gnu-tools-for-stm32.7-2018-q2-update.win32_1.5.0.202011040924/tools/bin/../lib/gcc/arm-none-eabi/7.3.1/thumb/v7-m/crti.o
 .ARM.attributes
                0x000000000000001d       0x2d d:/stm32cubeide_1.5.0/stm32cubeide/plugins/com.st.stm32cube.ide.mcu.externaltools.gnu-tools-for-stm32.7-2018-q2-update.win32_1.5.0.202011040924/tools/bin/../lib/gcc/arm-none-eabi/7.3.1/thumb/v7-m/crtbegin.o
 .ARM.attributes
                0x000000000000004a       0x33 Core/Src/ds3231.o
 .ARM.attributes
                0x000000000000007d       0x33 Core/Src/main.o
 .ARM.attributes
                0x00000000000000b0       0x33 Core/Src/ssd1306.o
 .ARM.attributes
                0x00000000000000e3       0x33 Core/Src/ssd1306_fonts.o
 .ARM.attributes
                0x0000000000000116       0x33 Core/Src/stm32f1xx_hal_msp.o
 .ARM.attributes
                0x0000000000000149       0x33 Core/Src/stm32f1xx_it.o
 .ARM.attributes
                0x000000000000017c       0x33 Core/Src/syscalls.o
 .ARM.attributes
                0x00000000000001af       0x33 Core/Src/sysmem.o
 .ARM.attributes
                0x00000000000001e2       0x33 Core/Src/system_stm32f1xx.o
 .ARM.attributes
                0x0000000000000215       0x21 Core/Startup/startup_stm32f103c8tx.o
 .ARM.attributes
                0x0000000000000236       0x33 Drivers/STM32F1xx_HAL_Driver/Src/stm32f1xx_hal.o
 .ARM.attributes
                0x0000000000000269       0x33 Drivers/STM32F1xx_HAL_Driver/Src/stm32f1xx_hal_cortex.o
 .ARM.attributes
                0x000000000000029c       0x33 Drivers/STM32F1xx_HAL_Driver/Src/stm32f1xx_hal_gpio.o
 .ARM.attributes
                0x00000000000002cf       0x33 Drivers/STM32F1xx_HAL_Driver/Src/stm32f1xx_hal_i2c.o
 .ARM.attributes
                0x0000000000000302       0x33 Drivers/STM32F1xx_HAL_Driver/Src/stm32f1xx_hal_rcc.o
 .ARM.attributes
                0x0000000000000335       0x33 Drivers/STM32F1xx_HAL_Driver/Src/stm32f1xx_hal_tim.o
 .ARM.attributes
                0x0000000000000368       0x33 Drivers/STM32F1xx_HAL_Driver/Src/stm32f1xx_hal_tim_ex.o
 .ARM.attributes
                0x000000000000039b       0x2d d:/stm32cubeide_1.5.0/stm32cubeide/plugins/com.st.stm32cube.ide.mcu.externaltools.gnu-tools-for-stm32.7-2018-q2-update.win32_1.5.0.202011040924/tools/bin/../lib/gcc/arm-none-eabi/7.3.1/../../../../arm-none-eabi/lib/thumb/v7-m\libc_nano.a(lib_a-errno.o)
 .ARM.attributes
                0x00000000000003c8       0x2d d:/stm32cubeide_1.5.0/stm32cubeide/plugins/com.st.stm32cube.ide.mcu.externaltools.gnu-tools-for-stm32.7-2018-q2-update.win32_1.5.0.202011040924/tools/bin/../lib/gcc/arm-none-eabi/7.3.1/../../../../arm-none-eabi/lib/thumb/v7-m\libc_nano.a(lib_a-impure.o)
 .ARM.attributes
                0x00000000000003f5       0x2d d:/stm32cubeide_1.5.0/stm32cubeide/plugins/com.st.stm32cube.ide.mcu.externaltools.gnu-tools-for-stm32.7-2018-q2-update.win32_1.5.0.202011040924/tools/bin/../lib/gcc/arm-none-eabi/7.3.1/../../../../arm-none-eabi/lib/thumb/v7-m\libc_nano.a(lib_a-init.o)
 .ARM.attributes
                0x0000000000000422       0x2d d:/stm32cubeide_1.5.0/stm32cubeide/plugins/com.st.stm32cube.ide.mcu.externaltools.gnu-tools-for-stm32.7-2018-q2-update.win32_1.5.0.202011040924/tools/bin/../lib/gcc/arm-none-eabi/7.3.1/../../../../arm-none-eabi/lib/thumb/v7-m\libc_nano.a(lib_a-memset.o)
 .ARM.attributes
                0x000000000000044f       0x2d d:/stm32cubeide_1.5.0/stm32cubeide/plugins/com.st.stm32cube.ide.mcu.externaltools.gnu-tools-for-stm32.7-2018-q2-update.win32_1.5.0.202011040924/tools/bin/../lib/gcc/arm-none-eabi/7.3.1/../../../../arm-none-eabi/lib/thumb/v7-m\libc_nano.a(lib_a-printf.o)
 .ARM.attributes
                0x000000000000047c       0x2d d:/stm32cubeide_1.5.0/stm32cubeide/plugins/com.st.stm32cube.ide.mcu.externaltools.gnu-tools-for-stm32.7-2018-q2-update.win32_1.5.0.202011040924/tools/bin/../lib/gcc/arm-none-eabi/7.3.1/../../../../arm-none-eabi/lib/thumb/v7-m\libc_nano.a(lib_a-puts.o)
 .ARM.attributes
                0x00000000000004a9       0x2d d:/stm32cubeide_1.5.0/stm32cubeide/plugins/com.st.stm32cube.ide.mcu.externaltools.gnu-tools-for-stm32.7-2018-q2-update.win32_1.5.0.202011040924/tools/bin/../lib/gcc/arm-none-eabi/7.3.1/../../../../arm-none-eabi/lib/thumb/v7-m\libc_nano.a(lib_a-wbuf.o)
 .ARM.attributes
                0x00000000000004d6       0x2d d:/stm32cubeide_1.5.0/stm32cubeide/plugins/com.st.stm32cube.ide.mcu.externaltools.gnu-tools-for-stm32.7-2018-q2-update.win32_1.5.0.202011040924/tools/bin/../lib/gcc/arm-none-eabi/7.3.1/../../../../arm-none-eabi/lib/thumb/v7-m\libc_nano.a(lib_a-wsetup.o)
 .ARM.attributes
                0x0000000000000503       0x2d d:/stm32cubeide_1.5.0/stm32cubeide/plugins/com.st.stm32cube.ide.mcu.externaltools.gnu-tools-for-stm32.7-2018-q2-update.win32_1.5.0.202011040924/tools/bin/../lib/gcc/arm-none-eabi/7.3.1/../../../../arm-none-eabi/lib/thumb/v7-m\libc_nano.a(lib_a-fflush.o)
 .ARM.attributes
                0x0000000000000530       0x2d d:/stm32cubeide_1.5.0/stm32cubeide/plugins/com.st.stm32cube.ide.mcu.externaltools.gnu-tools-for-stm32.7-2018-q2-update.win32_1.5.0.202011040924/tools/bin/../lib/gcc/arm-none-eabi/7.3.1/../../../../arm-none-eabi/lib/thumb/v7-m\libc_nano.a(lib_a-findfp.o)
 .ARM.attributes
                0x000000000000055d       0x2d d:/stm32cubeide_1.5.0/stm32cubeide/plugins/com.st.stm32cube.ide.mcu.externaltools.gnu-tools-for-stm32.7-2018-q2-update.win32_1.5.0.202011040924/tools/bin/../lib/gcc/arm-none-eabi/7.3.1/../../../../arm-none-eabi/lib/thumb/v7-m\libc_nano.a(lib_a-fwalk.o)
 .ARM.attributes
                0x000000000000058a       0x2d d:/stm32cubeide_1.5.0/stm32cubeide/plugins/com.st.stm32cube.ide.mcu.externaltools.gnu-tools-for-stm32.7-2018-q2-update.win32_1.5.0.202011040924/tools/bin/../lib/gcc/arm-none-eabi/7.3.1/../../../../arm-none-eabi/lib/thumb/v7-m\libc_nano.a(lib_a-makebuf.o)
 .ARM.attributes
                0x00000000000005b7       0x2d d:/stm32cubeide_1.5.0/stm32cubeide/plugins/com.st.stm32cube.ide.mcu.externaltools.gnu-tools-for-stm32.7-2018-q2-update.win32_1.5.0.202011040924/tools/bin/../lib/gcc/arm-none-eabi/7.3.1/../../../../arm-none-eabi/lib/thumb/v7-m\libc_nano.a(lib_a-nano-freer.o)
 .ARM.attributes
                0x00000000000005e4       0x2d d:/stm32cubeide_1.5.0/stm32cubeide/plugins/com.st.stm32cube.ide.mcu.externaltools.gnu-tools-for-stm32.7-2018-q2-update.win32_1.5.0.202011040924/tools/bin/../lib/gcc/arm-none-eabi/7.3.1/../../../../arm-none-eabi/lib/thumb/v7-m\libc_nano.a(lib_a-nano-mallocr.o)
 .ARM.attributes
                0x0000000000000611       0x2d d:/stm32cubeide_1.5.0/stm32cubeide/plugins/com.st.stm32cube.ide.mcu.externaltools.gnu-tools-for-stm32.7-2018-q2-update.win32_1.5.0.202011040924/tools/bin/../lib/gcc/arm-none-eabi/7.3.1/../../../../arm-none-eabi/lib/thumb/v7-m\libc_nano.a(lib_a-nano-vfprintf.o)
 .ARM.attributes
                0x000000000000063e       0x2d d:/stm32cubeide_1.5.0/stm32cubeide/plugins/com.st.stm32cube.ide.mcu.externaltools.gnu-tools-for-stm32.7-2018-q2-update.win32_1.5.0.202011040924/tools/bin/../lib/gcc/arm-none-eabi/7.3.1/../../../../arm-none-eabi/lib/thumb/v7-m\libc_nano.a(lib_a-nano-vfprintf_i.o)
 .ARM.attributes
                0x000000000000066b       0x2d d:/stm32cubeide_1.5.0/stm32cubeide/plugins/com.st.stm32cube.ide.mcu.externaltools.gnu-tools-for-stm32.7-2018-q2-update.win32_1.5.0.202011040924/tools/bin/../lib/gcc/arm-none-eabi/7.3.1/../../../../arm-none-eabi/lib/thumb/v7-m\libc_nano.a(lib_a-sbrkr.o)
 .ARM.attributes
                0x0000000000000698       0x2d d:/stm32cubeide_1.5.0/stm32cubeide/plugins/com.st.stm32cube.ide.mcu.externaltools.gnu-tools-for-stm32.7-2018-q2-update.win32_1.5.0.202011040924/tools/bin/../lib/gcc/arm-none-eabi/7.3.1/../../../../arm-none-eabi/lib/thumb/v7-m\libc_nano.a(lib_a-stdio.o)
 .ARM.attributes
                0x00000000000006c5       0x2d d:/stm32cubeide_1.5.0/stm32cubeide/plugins/com.st.stm32cube.ide.mcu.externaltools.gnu-tools-for-stm32.7-2018-q2-update.win32_1.5.0.202011040924/tools/bin/../lib/gcc/arm-none-eabi/7.3.1/../../../../arm-none-eabi/lib/thumb/v7-m\libc_nano.a(lib_a-writer.o)
 .ARM.attributes
                0x00000000000006f2       0x2d d:/stm32cubeide_1.5.0/stm32cubeide/plugins/com.st.stm32cube.ide.mcu.externaltools.gnu-tools-for-stm32.7-2018-q2-update.win32_1.5.0.202011040924/tools/bin/../lib/gcc/arm-none-eabi/7.3.1/../../../../arm-none-eabi/lib/thumb/v7-m\libc_nano.a(lib_a-closer.o)
 .ARM.attributes
                0x000000000000071f       0x2d d:/stm32cubeide_1.5.0/stm32cubeide/plugins/com.st.stm32cube.ide.mcu.externaltools.gnu-tools-for-stm32.7-2018-q2-update.win32_1.5.0.202011040924/tools/bin/../lib/gcc/arm-none-eabi/7.3.1/../../../../arm-none-eabi/lib/thumb/v7-m\libc_nano.a(lib_a-fstatr.o)
 .ARM.attributes
                0x000000000000074c       0x2d d:/stm32cubeide_1.5.0/stm32cubeide/plugins/com.st.stm32cube.ide.mcu.externaltools.gnu-tools-for-stm32.7-2018-q2-update.win32_1.5.0.202011040924/tools/bin/../lib/gcc/arm-none-eabi/7.3.1/../../../../arm-none-eabi/lib/thumb/v7-m\libc_nano.a(lib_a-isattyr.o)
 .ARM.attributes
                0x0000000000000779       0x2d d:/stm32cubeide_1.5.0/stm32cubeide/plugins/com.st.stm32cube.ide.mcu.externaltools.gnu-tools-for-stm32.7-2018-q2-update.win32_1.5.0.202011040924/tools/bin/../lib/gcc/arm-none-eabi/7.3.1/../../../../arm-none-eabi/lib/thumb/v7-m\libc_nano.a(lib_a-lseekr.o)
 .ARM.attributes
                0x00000000000007a6       0x2d d:/stm32cubeide_1.5.0/stm32cubeide/plugins/com.st.stm32cube.ide.mcu.externaltools.gnu-tools-for-stm32.7-2018-q2-update.win32_1.5.0.202011040924/tools/bin/../lib/gcc/arm-none-eabi/7.3.1/../../../../arm-none-eabi/lib/thumb/v7-m\libc_nano.a(lib_a-memchr-stub.o)
 .ARM.attributes
                0x00000000000007d3       0x2d d:/stm32cubeide_1.5.0/stm32cubeide/plugins/com.st.stm32cube.ide.mcu.externaltools.gnu-tools-for-stm32.7-2018-q2-update.win32_1.5.0.202011040924/tools/bin/../lib/gcc/arm-none-eabi/7.3.1/../../../../arm-none-eabi/lib/thumb/v7-m\libc_nano.a(lib_a-mlock.o)
 .ARM.attributes
                0x0000000000000800       0x2d d:/stm32cubeide_1.5.0/stm32cubeide/plugins/com.st.stm32cube.ide.mcu.externaltools.gnu-tools-for-stm32.7-2018-q2-update.win32_1.5.0.202011040924/tools/bin/../lib/gcc/arm-none-eabi/7.3.1/../../../../arm-none-eabi/lib/thumb/v7-m\libc_nano.a(lib_a-readr.o)
 .ARM.attributes
                0x000000000000082d       0x2d d:/stm32cubeide_1.5.0/stm32cubeide/plugins/com.st.stm32cube.ide.mcu.externaltools.gnu-tools-for-stm32.7-2018-q2-update.win32_1.5.0.202011040924/tools/bin/../lib/gcc/arm-none-eabi/7.3.1/../../../../arm-none-eabi/lib/thumb/v7-m\libc_nano.a(lib_a-reent.o)
 .ARM.attributes
                0x000000000000085a       0x1d d:/stm32cubeide_1.5.0/stm32cubeide/plugins/com.st.stm32cube.ide.mcu.externaltools.gnu-tools-for-stm32.7-2018-q2-update.win32_1.5.0.202011040924/tools/bin/../lib/gcc/arm-none-eabi/7.3.1/thumb/v7-m/crtn.o
OUTPUT(smart_watch_v_01.elf elf32-littlearm)

.debug_info     0x0000000000000000     0xf7e2
 .debug_info    0x0000000000000000     0x125e Core/Src/ds3231.o
 .debug_info    0x000000000000125e     0x19a4 Core/Src/main.o
 .debug_info    0x0000000000002c02     0x160d Core/Src/ssd1306.o
 .debug_info    0x000000000000420f      0x1dd Core/Src/ssd1306_fonts.o
 .debug_info    0x00000000000043ec      0xd7f Core/Src/stm32f1xx_hal_msp.o
 .debug_info    0x000000000000516b      0x9b7 Core/Src/stm32f1xx_it.o
 .debug_info    0x0000000000005b22      0xebd Core/Src/syscalls.o
 .debug_info    0x00000000000069df      0x985 Core/Src/sysmem.o
 .debug_info    0x0000000000007364      0x29a Core/Src/system_stm32f1xx.o
 .debug_info    0x00000000000075fe       0x22 Core/Startup/startup_stm32f103c8tx.o
 .debug_info    0x0000000000007620      0x714 Drivers/STM32F1xx_HAL_Driver/Src/stm32f1xx_hal.o
 .debug_info    0x0000000000007d34      0xb51 Drivers/STM32F1xx_HAL_Driver/Src/stm32f1xx_hal_cortex.o
 .debug_info    0x0000000000008885      0x69b Drivers/STM32F1xx_HAL_Driver/Src/stm32f1xx_hal_gpio.o
 .debug_info    0x0000000000008f20     0x2555 Drivers/STM32F1xx_HAL_Driver/Src/stm32f1xx_hal_i2c.o
 .debug_info    0x000000000000b475      0x80f Drivers/STM32F1xx_HAL_Driver/Src/stm32f1xx_hal_rcc.o
 .debug_info    0x000000000000bc84     0x27ef Drivers/STM32F1xx_HAL_Driver/Src/stm32f1xx_hal_tim.o
 .debug_info    0x000000000000e473     0x136f Drivers/STM32F1xx_HAL_Driver/Src/stm32f1xx_hal_tim_ex.o

.debug_abbrev   0x0000000000000000     0x211e
 .debug_abbrev  0x0000000000000000      0x25a Core/Src/ds3231.o
 .debug_abbrev  0x000000000000025a      0x2e0 Core/Src/main.o
 .debug_abbrev  0x000000000000053a      0x34c Core/Src/ssd1306.o
 .debug_abbrev  0x0000000000000886       0xb0 Core/Src/ssd1306_fonts.o
 .debug_abbrev  0x0000000000000936      0x1a6 Core/Src/stm32f1xx_hal_msp.o
 .debug_abbrev  0x0000000000000adc      0x1a3 Core/Src/stm32f1xx_it.o
 .debug_abbrev  0x0000000000000c7f      0x261 Core/Src/syscalls.o
 .debug_abbrev  0x0000000000000ee0      0x19b Core/Src/sysmem.o
 .debug_abbrev  0x000000000000107b      0x134 Core/Src/system_stm32f1xx.o
 .debug_abbrev  0x00000000000011af       0x12 Core/Startup/startup_stm32f103c8tx.o
 .debug_abbrev  0x00000000000011c1      0x1c7 Drivers/STM32F1xx_HAL_Driver/Src/stm32f1xx_hal.o
 .debug_abbrev  0x0000000000001388      0x2d5 Drivers/STM32F1xx_HAL_Driver/Src/stm32f1xx_hal_cortex.o
 .debug_abbrev  0x000000000000165d      0x1c0 Drivers/STM32F1xx_HAL_Driver/Src/stm32f1xx_hal_gpio.o
 .debug_abbrev  0x000000000000181d      0x258 Drivers/STM32F1xx_HAL_Driver/Src/stm32f1xx_hal_i2c.o
 .debug_abbrev  0x0000000000001a75      0x243 Drivers/STM32F1xx_HAL_Driver/Src/stm32f1xx_hal_rcc.o
 .debug_abbrev  0x0000000000001cb8      0x230 Drivers/STM32F1xx_HAL_Driver/Src/stm32f1xx_hal_tim.o
 .debug_abbrev  0x0000000000001ee8      0x236 Drivers/STM32F1xx_HAL_Driver/Src/stm32f1xx_hal_tim_ex.o

.debug_aranges  0x0000000000000000      0xe08
 .debug_aranges
                0x0000000000000000       0x58 Core/Src/ds3231.o
 .debug_aranges
                0x0000000000000058       0x50 Core/Src/main.o
 .debug_aranges
                0x00000000000000a8       0xc0 Core/Src/ssd1306.o
 .debug_aranges
                0x0000000000000168       0x18 Core/Src/ssd1306_fonts.o
 .debug_aranges
                0x0000000000000180       0x40 Core/Src/stm32f1xx_hal_msp.o
 .debug_aranges
                0x00000000000001c0       0x90 Core/Src/stm32f1xx_it.o
 .debug_aranges
                0x0000000000000250       0xa8 Core/Src/syscalls.o
 .debug_aranges
                0x00000000000002f8       0x20 Core/Src/sysmem.o
 .debug_aranges
                0x0000000000000318       0x28 Core/Src/system_stm32f1xx.o
 .debug_aranges
                0x0000000000000340       0x28 Core/Startup/startup_stm32f103c8tx.o
 .debug_aranges
                0x0000000000000368       0xe0 Drivers/STM32F1xx_HAL_Driver/Src/stm32f1xx_hal.o
 .debug_aranges
                0x0000000000000448      0x100 Drivers/STM32F1xx_HAL_Driver/Src/stm32f1xx_hal_cortex.o
 .debug_aranges
                0x0000000000000548       0x58 Drivers/STM32F1xx_HAL_Driver/Src/stm32f1xx_hal_gpio.o
 .debug_aranges
                0x00000000000005a0      0x2a0 Drivers/STM32F1xx_HAL_Driver/Src/stm32f1xx_hal_i2c.o
 .debug_aranges
                0x0000000000000840       0x90 Drivers/STM32F1xx_HAL_Driver/Src/stm32f1xx_hal_rcc.o
 .debug_aranges
                0x00000000000008d0      0x3d0 Drivers/STM32F1xx_HAL_Driver/Src/stm32f1xx_hal_tim.o
 .debug_aranges
                0x0000000000000ca0      0x168 Drivers/STM32F1xx_HAL_Driver/Src/stm32f1xx_hal_tim_ex.o

.debug_ranges   0x0000000000000000      0xd20
 .debug_ranges  0x0000000000000000       0x48 Core/Src/ds3231.o
 .debug_ranges  0x0000000000000048       0x40 Core/Src/main.o
 .debug_ranges  0x0000000000000088       0xb0 Core/Src/ssd1306.o
 .debug_ranges  0x0000000000000138       0x30 Core/Src/stm32f1xx_hal_msp.o
 .debug_ranges  0x0000000000000168       0x80 Core/Src/stm32f1xx_it.o
 .debug_ranges  0x00000000000001e8       0x98 Core/Src/syscalls.o
 .debug_ranges  0x0000000000000280       0x10 Core/Src/sysmem.o
 .debug_ranges  0x0000000000000290       0x18 Core/Src/system_stm32f1xx.o
 .debug_ranges  0x00000000000002a8       0x20 Core/Startup/startup_stm32f103c8tx.o
 .debug_ranges  0x00000000000002c8       0xd0 Drivers/STM32F1xx_HAL_Driver/Src/stm32f1xx_hal.o
 .debug_ranges  0x0000000000000398       0xf0 Drivers/STM32F1xx_HAL_Driver/Src/stm32f1xx_hal_cortex.o
 .debug_ranges  0x0000000000000488       0x48 Drivers/STM32F1xx_HAL_Driver/Src/stm32f1xx_hal_gpio.o
 .debug_ranges  0x00000000000004d0      0x2b8 Drivers/STM32F1xx_HAL_Driver/Src/stm32f1xx_hal_i2c.o
 .debug_ranges  0x0000000000000788       0x80 Drivers/STM32F1xx_HAL_Driver/Src/stm32f1xx_hal_rcc.o
 .debug_ranges  0x0000000000000808      0x3c0 Drivers/STM32F1xx_HAL_Driver/Src/stm32f1xx_hal_tim.o
 .debug_ranges  0x0000000000000bc8      0x158 Drivers/STM32F1xx_HAL_Driver/Src/stm32f1xx_hal_tim_ex.o

.debug_macro    0x0000000000000000    0x18c66
 .debug_macro   0x0000000000000000      0x332 Core/Src/ds3231.o
 .debug_macro   0x0000000000000332      0xa5a Core/Src/ds3231.o
 .debug_macro   0x0000000000000d8c      0x21b Core/Src/ds3231.o
 .debug_macro   0x0000000000000fa7       0x2e Core/Src/ds3231.o
 .debug_macro   0x0000000000000fd5       0x22 Core/Src/ds3231.o
 .debug_macro   0x0000000000000ff7       0x22 Core/Src/ds3231.o
 .debug_macro   0x0000000000001019       0x8e Core/Src/ds3231.o
 .debug_macro   0x00000000000010a7       0x51 Core/Src/ds3231.o
 .debug_macro   0x00000000000010f8       0xef Core/Src/ds3231.o
 .debug_macro   0x00000000000011e7       0x6a Core/Src/ds3231.o
 .debug_macro   0x0000000000001251      0x1df Core/Src/ds3231.o
 .debug_macro   0x0000000000001430       0x1c Core/Src/ds3231.o
 .debug_macro   0x000000000000144c       0x22 Core/Src/ds3231.o
 .debug_macro   0x000000000000146e       0xc3 Core/Src/ds3231.o
 .debug_macro   0x0000000000001531      0xd23 Core/Src/ds3231.o
 .debug_macro   0x0000000000002254     0xe097 Core/Src/ds3231.o
 .debug_macro   0x00000000000102eb       0x43 Core/Src/ds3231.o
 .debug_macro   0x000000000001032e     0x3468 Core/Src/ds3231.o
 .debug_macro   0x0000000000013796      0x174 Core/Src/ds3231.o
 .debug_macro   0x000000000001390a       0x5c Core/Src/ds3231.o
 .debug_macro   0x0000000000013966      0x5be Core/Src/ds3231.o
 .debug_macro   0x0000000000013f24      0x289 Core/Src/ds3231.o
 .debug_macro   0x00000000000141ad      0x1cb Core/Src/ds3231.o
 .debug_macro   0x0000000000014378      0x114 Core/Src/ds3231.o
 .debug_macro   0x000000000001448c      0x1b2 Core/Src/ds3231.o
 .debug_macro   0x000000000001463e       0x27 Core/Src/ds3231.o
 .debug_macro   0x0000000000014665      0x136 Core/Src/ds3231.o
 .debug_macro   0x000000000001479b      0x1bc Core/Src/ds3231.o
 .debug_macro   0x0000000000014957       0x34 Core/Src/ds3231.o
 .debug_macro   0x000000000001498b       0x3c Core/Src/ds3231.o
 .debug_macro   0x00000000000149c7       0x57 Core/Src/ds3231.o
 .debug_macro   0x0000000000014a1e       0x88 Core/Src/ds3231.o
 .debug_macro   0x0000000000014aa6      0x241 Core/Src/ds3231.o
 .debug_macro   0x0000000000014ce7      0x287 Core/Src/ds3231.o
 .debug_macro   0x0000000000014f6e      0x141 Core/Src/ds3231.o
 .debug_macro   0x00000000000150af      0x8d1 Core/Src/ds3231.o
 .debug_macro   0x0000000000015980       0x83 Core/Src/ds3231.o
 .debug_macro   0x0000000000015a03       0x58 Core/Src/ds3231.o
 .debug_macro   0x0000000000015a5b       0x46 Core/Src/ds3231.o
 .debug_macro   0x0000000000015aa1       0x18 Core/Src/ds3231.o
 .debug_macro   0x0000000000015ab9       0x3c Core/Src/ds3231.o
 .debug_macro   0x0000000000015af5       0x34 Core/Src/ds3231.o
 .debug_macro   0x0000000000015b29       0x3a Core/Src/ds3231.o
 .debug_macro   0x0000000000015b63       0x40 Core/Src/ds3231.o
 .debug_macro   0x0000000000015ba3       0x16 Core/Src/ds3231.o
 .debug_macro   0x0000000000015bb9       0x35 Core/Src/ds3231.o
 .debug_macro   0x0000000000015bee      0x32a Core/Src/ds3231.o
 .debug_macro   0x0000000000015f18       0x10 Core/Src/ds3231.o
 .debug_macro   0x0000000000015f28       0x52 Core/Src/ds3231.o
 .debug_macro   0x0000000000015f7a       0x1f Core/Src/ds3231.o
 .debug_macro   0x0000000000015f99       0x43 Core/Src/ds3231.o
 .debug_macro   0x0000000000015fdc       0x20 Core/Src/ds3231.o
 .debug_macro   0x0000000000015ffc      0x1a3 Core/Src/ds3231.o
 .debug_macro   0x000000000001619f       0x10 Core/Src/ds3231.o
 .debug_macro   0x00000000000161af       0x1c Core/Src/ds3231.o
 .debug_macro   0x00000000000161cb       0x52 Core/Src/ds3231.o
 .debug_macro   0x000000000001621d       0x40 Core/Src/ds3231.o
 .debug_macro   0x000000000001625d       0x10 Core/Src/ds3231.o
 .debug_macro   0x000000000001626d       0x40 Core/Src/ds3231.o
 .debug_macro   0x00000000000162ad       0xd7 Core/Src/ds3231.o
 .debug_macro   0x0000000000016384       0x1c Core/Src/ds3231.o
 .debug_macro   0x00000000000163a0       0x3d Core/Src/ds3231.o
 .debug_macro   0x00000000000163dd       0x16 Core/Src/ds3231.o
 .debug_macro   0x00000000000163f3      0x145 Core/Src/ds3231.o
 .debug_macro   0x0000000000016538      0x362 Core/Src/main.o
 .debug_macro   0x000000000001689a       0x16 Core/Src/main.o
 .debug_macro   0x00000000000168b0       0x20 Core/Src/main.o
 .debug_macro   0x00000000000168d0      0x2d6 Core/Src/ssd1306.o
 .debug_macro   0x0000000000016ba6       0x40 Core/Src/ssd1306.o
 .debug_macro   0x0000000000016be6       0x94 Core/Src/ssd1306.o
 .debug_macro   0x0000000000016c7a       0x57 Core/Src/ssd1306.o
 .debug_macro   0x0000000000016cd1      0x1e1 Core/Src/ssd1306.o
 .debug_macro   0x0000000000016eb2       0x16 Core/Src/ssd1306.o
 .debug_macro   0x0000000000016ec8       0x16 Core/Src/ssd1306.o
 .debug_macro   0x0000000000016ede       0x29 Core/Src/ssd1306.o
 .debug_macro   0x0000000000016f07       0x76 Core/Src/ssd1306_fonts.o
 .debug_macro   0x0000000000016f7d      0x1ad Core/Src/stm32f1xx_hal_msp.o
 .debug_macro   0x000000000001712a      0x1c0 Core/Src/stm32f1xx_it.o
 .debug_macro   0x00000000000172ea      0x243 Core/Src/syscalls.o
 .debug_macro   0x000000000001752d       0x10 Core/Src/syscalls.o
 .debug_macro   0x000000000001753d       0x10 Core/Src/syscalls.o
 .debug_macro   0x000000000001754d       0x10 Core/Src/syscalls.o
 .debug_macro   0x000000000001755d       0x35 Core/Src/syscalls.o
 .debug_macro   0x0000000000017592      0x122 Core/Src/syscalls.o
 .debug_macro   0x00000000000176b4       0x10 Core/Src/syscalls.o
 .debug_macro   0x00000000000176c4      0x241 Core/Src/syscalls.o
 .debug_macro   0x0000000000017905       0x10 Core/Src/syscalls.o
 .debug_macro   0x0000000000017915      0x189 Core/Src/syscalls.o
 .debug_macro   0x0000000000017a9e       0x16 Core/Src/syscalls.o
 .debug_macro   0x0000000000017ab4       0x88 Core/Src/syscalls.o
 .debug_macro   0x0000000000017b3c       0xee Core/Src/sysmem.o
 .debug_macro   0x0000000000017c2a      0x23b Core/Src/sysmem.o
 .debug_macro   0x0000000000017e65      0x1a3 Core/Src/system_stm32f1xx.o
 .debug_macro   0x0000000000018008      0x1c7 Drivers/STM32F1xx_HAL_Driver/Src/stm32f1xx_hal.o
 .debug_macro   0x00000000000181cf      0x1a3 Drivers/STM32F1xx_HAL_Driver/Src/stm32f1xx_hal_cortex.o
 .debug_macro   0x0000000000018372      0x20e Drivers/STM32F1xx_HAL_Driver/Src/stm32f1xx_hal_gpio.o
 .debug_macro   0x0000000000018580      0x1ea Drivers/STM32F1xx_HAL_Driver/Src/stm32f1xx_hal_i2c.o
 .debug_macro   0x000000000001876a      0x1b5 Drivers/STM32F1xx_HAL_Driver/Src/stm32f1xx_hal_rcc.o
 .debug_macro   0x000000000001891f      0x1a4 Drivers/STM32F1xx_HAL_Driver/Src/stm32f1xx_hal_tim.o
 .debug_macro   0x0000000000018ac3      0x1a3 Drivers/STM32F1xx_HAL_Driver/Src/stm32f1xx_hal_tim_ex.o

.debug_line     0x0000000000000000     0xb3a9
 .debug_line    0x0000000000000000      0x94e Core/Src/ds3231.o
 .debug_line    0x000000000000094e      0x96c Core/Src/main.o
 .debug_line    0x00000000000012ba      0xaf8 Core/Src/ssd1306.o
 .debug_line    0x0000000000001db2      0x3a0 Core/Src/ssd1306_fonts.o
 .debug_line    0x0000000000002152      0x6cb Core/Src/stm32f1xx_hal_msp.o
 .debug_line    0x000000000000281d      0x7b3 Core/Src/stm32f1xx_it.o
 .debug_line    0x0000000000002fd0      0x72f Core/Src/syscalls.o
 .debug_line    0x00000000000036ff      0x4b8 Core/Src/sysmem.o
 .debug_line    0x0000000000003bb7      0x692 Core/Src/system_stm32f1xx.o
 .debug_line    0x0000000000004249       0x84 Core/Startup/startup_stm32f103c8tx.o
 .debug_line    0x00000000000042cd      0x845 Drivers/STM32F1xx_HAL_Driver/Src/stm32f1xx_hal.o
 .debug_line    0x0000000000004b12      0x91c Drivers/STM32F1xx_HAL_Driver/Src/stm32f1xx_hal_cortex.o
 .debug_line    0x000000000000542e      0x841 Drivers/STM32F1xx_HAL_Driver/Src/stm32f1xx_hal_gpio.o
 .debug_line    0x0000000000005c6f     0x1beb Drivers/STM32F1xx_HAL_Driver/Src/stm32f1xx_hal_i2c.o
 .debug_line    0x000000000000785a      0x905 Drivers/STM32F1xx_HAL_Driver/Src/stm32f1xx_hal_rcc.o
 .debug_line    0x000000000000815f     0x1f9e Drivers/STM32F1xx_HAL_Driver/Src/stm32f1xx_hal_tim.o
 .debug_line    0x000000000000a0fd     0x12ac Drivers/STM32F1xx_HAL_Driver/Src/stm32f1xx_hal_tim_ex.o

.debug_str      0x0000000000000000    0x8c36b
 .debug_str     0x0000000000000000    0x8714f Core/Src/ds3231.o
                                      0x875ab (size before relaxing)
 .debug_str     0x000000000008714f      0x84b Core/Src/main.o
                                      0x87e68 (size before relaxing)
 .debug_str     0x000000000008799a      0xc80 Core/Src/ssd1306.o
                                      0x86ef7 (size before relaxing)
 .debug_str     0x000000000008861a       0x41 Core/Src/ssd1306_fonts.o
                                       0x3d4d (size before relaxing)
 .debug_str     0x000000000008865b       0xb2 Core/Src/stm32f1xx_hal_msp.o
                                      0x83702 (size before relaxing)
 .debug_str     0x000000000008870d       0xf4 Core/Src/stm32f1xx_it.o
                                      0x83399 (size before relaxing)
 .debug_str     0x0000000000088801     0x1100 Core/Src/syscalls.o
                                       0x8870 (size before relaxing)
 .debug_str     0x0000000000089901       0x6b Core/Src/sysmem.o
                                       0x5f3e (size before relaxing)
 .debug_str     0x000000000008996c       0x52 Core/Src/system_stm32f1xx.o
                                      0x82c33 (size before relaxing)
 .debug_str     0x00000000000899be       0x36 Core/Startup/startup_stm32f103c8tx.o
                                         0x6e (size before relaxing)
 .debug_str     0x00000000000899f4      0x2ff Drivers/STM32F1xx_HAL_Driver/Src/stm32f1xx_hal.o
                                      0x832c4 (size before relaxing)
 .debug_str     0x0000000000089cf3      0x300 Drivers/STM32F1xx_HAL_Driver/Src/stm32f1xx_hal_cortex.o
                                      0x832cc (size before relaxing)
 .debug_str     0x0000000000089ff3      0x31f Drivers/STM32F1xx_HAL_Driver/Src/stm32f1xx_hal_gpio.o
                                      0x82ff7 (size before relaxing)
 .debug_str     0x000000000008a312      0xb36 Drivers/STM32F1xx_HAL_Driver/Src/stm32f1xx_hal_i2c.o
                                      0x83c6f (size before relaxing)
 .debug_str     0x000000000008ae48      0x244 Drivers/STM32F1xx_HAL_Driver/Src/stm32f1xx_hal_rcc.o
                                      0x83030 (size before relaxing)
 .debug_str     0x000000000008b08c      0xdc8 Drivers/STM32F1xx_HAL_Driver/Src/stm32f1xx_hal_tim.o
                                      0x84002 (size before relaxing)
 .debug_str     0x000000000008be54      0x517 Drivers/STM32F1xx_HAL_Driver/Src/stm32f1xx_hal_tim_ex.o
                                      0x837dc (size before relaxing)

.comment        0x0000000000000000       0x7b
 .comment       0x0000000000000000       0x7b Core/Src/ds3231.o
                                         0x7c (size before relaxing)
 .comment       0x000000000000007b       0x7c Core/Src/main.o
 .comment       0x000000000000007b       0x7c Core/Src/ssd1306.o
 .comment       0x000000000000007b       0x7c Core/Src/ssd1306_fonts.o
 .comment       0x000000000000007b       0x7c Core/Src/stm32f1xx_hal_msp.o
 .comment       0x000000000000007b       0x7c Core/Src/stm32f1xx_it.o
 .comment       0x000000000000007b       0x7c Core/Src/syscalls.o
 .comment       0x000000000000007b       0x7c Core/Src/sysmem.o
 .comment       0x000000000000007b       0x7c Core/Src/system_stm32f1xx.o
 .comment       0x000000000000007b       0x7c Drivers/STM32F1xx_HAL_Driver/Src/stm32f1xx_hal.o
 .comment       0x000000000000007b       0x7c Drivers/STM32F1xx_HAL_Driver/Src/stm32f1xx_hal_cortex.o
 .comment       0x000000000000007b       0x7c Drivers/STM32F1xx_HAL_Driver/Src/stm32f1xx_hal_gpio.o
 .comment       0x000000000000007b       0x7c Drivers/STM32F1xx_HAL_Driver/Src/stm32f1xx_hal_i2c.o
 .comment       0x000000000000007b       0x7c Drivers/STM32F1xx_HAL_Driver/Src/stm32f1xx_hal_rcc.o
 .comment       0x000000000000007b       0x7c Drivers/STM32F1xx_HAL_Driver/Src/stm32f1xx_hal_tim.o
 .comment       0x000000000000007b       0x7c Drivers/STM32F1xx_HAL_Driver/Src/stm32f1xx_hal_tim_ex.o

.debug_frame    0x0000000000000000     0x4194
 .debug_frame   0x0000000000000000      0x134 Core/Src/ds3231.o
 .debug_frame   0x0000000000000134       0xf0 Core/Src/main.o
 .debug_frame   0x0000000000000224      0x324 Core/Src/ssd1306.o
 .debug_frame   0x0000000000000548       0xc8 Core/Src/stm32f1xx_hal_msp.o
 .debug_frame   0x0000000000000610      0x1ac Core/Src/stm32f1xx_it.o
 .debug_frame   0x00000000000007bc      0x2ac Core/Src/syscalls.o
 .debug_frame   0x0000000000000a68       0x34 Core/Src/sysmem.o
 .debug_frame   0x0000000000000a9c       0x58 Core/Src/system_stm32f1xx.o
 .debug_frame   0x0000000000000af4      0x334 Drivers/STM32F1xx_HAL_Driver/Src/stm32f1xx_hal.o
 .debug_frame   0x0000000000000e28      0x428 Drivers/STM32F1xx_HAL_Driver/Src/stm32f1xx_hal_cortex.o
 .debug_frame   0x0000000000001250      0x14c Drivers/STM32F1xx_HAL_Driver/Src/stm32f1xx_hal_gpio.o
 .debug_frame   0x000000000000139c      0xc54 Drivers/STM32F1xx_HAL_Driver/Src/stm32f1xx_hal_i2c.o
 .debug_frame   0x0000000000001ff0      0x21c Drivers/STM32F1xx_HAL_Driver/Src/stm32f1xx_hal_rcc.o
 .debug_frame   0x000000000000220c     0x11b8 Drivers/STM32F1xx_HAL_Driver/Src/stm32f1xx_hal_tim.o
 .debug_frame   0x00000000000033c4      0x638 Drivers/STM32F1xx_HAL_Driver/Src/stm32f1xx_hal_tim_ex.o
 .debug_frame   0x00000000000039fc       0x20 d:/stm32cubeide_1.5.0/stm32cubeide/plugins/com.st.stm32cube.ide.mcu.externaltools.gnu-tools-for-stm32.7-2018-q2-update.win32_1.5.0.202011040924/tools/bin/../lib/gcc/arm-none-eabi/7.3.1/../../../../arm-none-eabi/lib/thumb/v7-m\libc_nano.a(lib_a-errno.o)
 .debug_frame   0x0000000000003a1c       0x2c d:/stm32cubeide_1.5.0/stm32cubeide/plugins/com.st.stm32cube.ide.mcu.externaltools.gnu-tools-for-stm32.7-2018-q2-update.win32_1.5.0.202011040924/tools/bin/../lib/gcc/arm-none-eabi/7.3.1/../../../../arm-none-eabi/lib/thumb/v7-m\libc_nano.a(lib_a-init.o)
 .debug_frame   0x0000000000003a48       0x20 d:/stm32cubeide_1.5.0/stm32cubeide/plugins/com.st.stm32cube.ide.mcu.externaltools.gnu-tools-for-stm32.7-2018-q2-update.win32_1.5.0.202011040924/tools/bin/../lib/gcc/arm-none-eabi/7.3.1/../../../../arm-none-eabi/lib/thumb/v7-m\libc_nano.a(lib_a-memset.o)
 .debug_frame   0x0000000000003a68       0x74 d:/stm32cubeide_1.5.0/stm32cubeide/plugins/com.st.stm32cube.ide.mcu.externaltools.gnu-tools-for-stm32.7-2018-q2-update.win32_1.5.0.202011040924/tools/bin/../lib/gcc/arm-none-eabi/7.3.1/../../../../arm-none-eabi/lib/thumb/v7-m\libc_nano.a(lib_a-printf.o)
 .debug_frame   0x0000000000003adc       0x3c d:/stm32cubeide_1.5.0/stm32cubeide/plugins/com.st.stm32cube.ide.mcu.externaltools.gnu-tools-for-stm32.7-2018-q2-update.win32_1.5.0.202011040924/tools/bin/../lib/gcc/arm-none-eabi/7.3.1/../../../../arm-none-eabi/lib/thumb/v7-m\libc_nano.a(lib_a-puts.o)
 .debug_frame   0x0000000000003b18       0x40 d:/stm32cubeide_1.5.0/stm32cubeide/plugins/com.st.stm32cube.ide.mcu.externaltools.gnu-tools-for-stm32.7-2018-q2-update.win32_1.5.0.202011040924/tools/bin/../lib/gcc/arm-none-eabi/7.3.1/../../../../arm-none-eabi/lib/thumb/v7-m\libc_nano.a(lib_a-wbuf.o)
 .debug_frame   0x0000000000003b58       0x2c d:/stm32cubeide_1.5.0/stm32cubeide/plugins/com.st.stm32cube.ide.mcu.externaltools.gnu-tools-for-stm32.7-2018-q2-update.win32_1.5.0.202011040924/tools/bin/../lib/gcc/arm-none-eabi/7.3.1/../../../../arm-none-eabi/lib/thumb/v7-m\libc_nano.a(lib_a-wsetup.o)
 .debug_frame   0x0000000000003b84       0x68 d:/stm32cubeide_1.5.0/stm32cubeide/plugins/com.st.stm32cube.ide.mcu.externaltools.gnu-tools-for-stm32.7-2018-q2-update.win32_1.5.0.202011040924/tools/bin/../lib/gcc/arm-none-eabi/7.3.1/../../../../arm-none-eabi/lib/thumb/v7-m\libc_nano.a(lib_a-fflush.o)
 .debug_frame   0x0000000000003bec      0x11c d:/stm32cubeide_1.5.0/stm32cubeide/plugins/com.st.stm32cube.ide.mcu.externaltools.gnu-tools-for-stm32.7-2018-q2-update.win32_1.5.0.202011040924/tools/bin/../lib/gcc/arm-none-eabi/7.3.1/../../../../arm-none-eabi/lib/thumb/v7-m\libc_nano.a(lib_a-findfp.o)
 .debug_frame   0x0000000000003d08       0x54 d:/stm32cubeide_1.5.0/stm32cubeide/plugins/com.st.stm32cube.ide.mcu.externaltools.gnu-tools-for-stm32.7-2018-q2-update.win32_1.5.0.202011040924/tools/bin/../lib/gcc/arm-none-eabi/7.3.1/../../../../arm-none-eabi/lib/thumb/v7-m\libc_nano.a(lib_a-fwalk.o)
 .debug_frame   0x0000000000003d5c       0x58 d:/stm32cubeide_1.5.0/stm32cubeide/plugins/com.st.stm32cube.ide.mcu.externaltools.gnu-tools-for-stm32.7-2018-q2-update.win32_1.5.0.202011040924/tools/bin/../lib/gcc/arm-none-eabi/7.3.1/../../../../arm-none-eabi/lib/thumb/v7-m\libc_nano.a(lib_a-makebuf.o)
 .debug_frame   0x0000000000003db4       0x38 d:/stm32cubeide_1.5.0/stm32cubeide/plugins/com.st.stm32cube.ide.mcu.externaltools.gnu-tools-for-stm32.7-2018-q2-update.win32_1.5.0.202011040924/tools/bin/../lib/gcc/arm-none-eabi/7.3.1/../../../../arm-none-eabi/lib/thumb/v7-m\libc_nano.a(lib_a-nano-freer.o)
 .debug_frame   0x0000000000003dec       0x2c d:/stm32cubeide_1.5.0/stm32cubeide/plugins/com.st.stm32cube.ide.mcu.externaltools.gnu-tools-for-stm32.7-2018-q2-update.win32_1.5.0.202011040924/tools/bin/../lib/gcc/arm-none-eabi/7.3.1/../../../../arm-none-eabi/lib/thumb/v7-m\libc_nano.a(lib_a-nano-mallocr.o)
 .debug_frame   0x0000000000003e18       0xac d:/stm32cubeide_1.5.0/stm32cubeide/plugins/com.st.stm32cube.ide.mcu.externaltools.gnu-tools-for-stm32.7-2018-q2-update.win32_1.5.0.202011040924/tools/bin/../lib/gcc/arm-none-eabi/7.3.1/../../../../arm-none-eabi/lib/thumb/v7-m\libc_nano.a(lib_a-nano-vfprintf.o)
 .debug_frame   0x0000000000003ec4       0x60 d:/stm32cubeide_1.5.0/stm32cubeide/plugins/com.st.stm32cube.ide.mcu.externaltools.gnu-tools-for-stm32.7-2018-q2-update.win32_1.5.0.202011040924/tools/bin/../lib/gcc/arm-none-eabi/7.3.1/../../../../arm-none-eabi/lib/thumb/v7-m\libc_nano.a(lib_a-nano-vfprintf_i.o)
 .debug_frame   0x0000000000003f24       0x2c d:/stm32cubeide_1.5.0/stm32cubeide/plugins/com.st.stm32cube.ide.mcu.externaltools.gnu-tools-for-stm32.7-2018-q2-update.win32_1.5.0.202011040924/tools/bin/../lib/gcc/arm-none-eabi/7.3.1/../../../../arm-none-eabi/lib/thumb/v7-m\libc_nano.a(lib_a-sbrkr.o)
 .debug_frame   0x0000000000003f50       0x88 d:/stm32cubeide_1.5.0/stm32cubeide/plugins/com.st.stm32cube.ide.mcu.externaltools.gnu-tools-for-stm32.7-2018-q2-update.win32_1.5.0.202011040924/tools/bin/../lib/gcc/arm-none-eabi/7.3.1/../../../../arm-none-eabi/lib/thumb/v7-m\libc_nano.a(lib_a-stdio.o)
 .debug_frame   0x0000000000003fd8       0x2c d:/stm32cubeide_1.5.0/stm32cubeide/plugins/com.st.stm32cube.ide.mcu.externaltools.gnu-tools-for-stm32.7-2018-q2-update.win32_1.5.0.202011040924/tools/bin/../lib/gcc/arm-none-eabi/7.3.1/../../../../arm-none-eabi/lib/thumb/v7-m\libc_nano.a(lib_a-writer.o)
 .debug_frame   0x0000000000004004       0x2c d:/stm32cubeide_1.5.0/stm32cubeide/plugins/com.st.stm32cube.ide.mcu.externaltools.gnu-tools-for-stm32.7-2018-q2-update.win32_1.5.0.202011040924/tools/bin/../lib/gcc/arm-none-eabi/7.3.1/../../../../arm-none-eabi/lib/thumb/v7-m\libc_nano.a(lib_a-closer.o)
 .debug_frame   0x0000000000004030       0x2c d:/stm32cubeide_1.5.0/stm32cubeide/plugins/com.st.stm32cube.ide.mcu.externaltools.gnu-tools-for-stm32.7-2018-q2-update.win32_1.5.0.202011040924/tools/bin/../lib/gcc/arm-none-eabi/7.3.1/../../../../arm-none-eabi/lib/thumb/v7-m\libc_nano.a(lib_a-fstatr.o)
 .debug_frame   0x000000000000405c       0x2c d:/stm32cubeide_1.5.0/stm32cubeide/plugins/com.st.stm32cube.ide.mcu.externaltools.gnu-tools-for-stm32.7-2018-q2-update.win32_1.5.0.202011040924/tools/bin/../lib/gcc/arm-none-eabi/7.3.1/../../../../arm-none-eabi/lib/thumb/v7-m\libc_nano.a(lib_a-isattyr.o)
 .debug_frame   0x0000000000004088       0x2c d:/stm32cubeide_1.5.0/stm32cubeide/plugins/com.st.stm32cube.ide.mcu.externaltools.gnu-tools-for-stm32.7-2018-q2-update.win32_1.5.0.202011040924/tools/bin/../lib/gcc/arm-none-eabi/7.3.1/../../../../arm-none-eabi/lib/thumb/v7-m\libc_nano.a(lib_a-lseekr.o)
 .debug_frame   0x00000000000040b4       0x28 d:/stm32cubeide_1.5.0/stm32cubeide/plugins/com.st.stm32cube.ide.mcu.externaltools.gnu-tools-for-stm32.7-2018-q2-update.win32_1.5.0.202011040924/tools/bin/../lib/gcc/arm-none-eabi/7.3.1/../../../../arm-none-eabi/lib/thumb/v7-m\libc_nano.a(lib_a-memchr-stub.o)
 .debug_frame   0x00000000000040dc       0x30 d:/stm32cubeide_1.5.0/stm32cubeide/plugins/com.st.stm32cube.ide.mcu.externaltools.gnu-tools-for-stm32.7-2018-q2-update.win32_1.5.0.202011040924/tools/bin/../lib/gcc/arm-none-eabi/7.3.1/../../../../arm-none-eabi/lib/thumb/v7-m\libc_nano.a(lib_a-mlock.o)
 .debug_frame   0x000000000000410c       0x2c d:/stm32cubeide_1.5.0/stm32cubeide/plugins/com.st.stm32cube.ide.mcu.externaltools.gnu-tools-for-stm32.7-2018-q2-update.win32_1.5.0.202011040924/tools/bin/../lib/gcc/arm-none-eabi/7.3.1/../../../../arm-none-eabi/lib/thumb/v7-m\libc_nano.a(lib_a-readr.o)
 .debug_frame   0x0000000000004138       0x5c d:/stm32cubeide_1.5.0/stm32cubeide/plugins/com.st.stm32cube.ide.mcu.externaltools.gnu-tools-for-stm32.7-2018-q2-update.win32_1.5.0.202011040924/tools/bin/../lib/gcc/arm-none-eabi/7.3.1/../../../../arm-none-eabi/lib/thumb/v7-m\libc_nano.a(lib_a-reent.o)
