Archive member included to satisfy reference by file (symbol)

d:/stm32cubeide_1.5.0/stm32cubeide/plugins/com.st.stm32cube.ide.mcu.externaltools.gnu-tools-for-stm32.7-2018-q2-update.win32_1.5.0.202011040924/tools/bin/../lib/gcc/arm-none-eabi/7.3.1/../../../../arm-none-eabi/lib/thumb/v7-m\libc_nano.a(lib_a-errno.o)
                              Core/Src/syscalls.o (__errno)
d:/stm32cubeide_1.5.0/stm32cubeide/plugins/com.st.stm32cube.ide.mcu.externaltools.gnu-tools-for-stm32.7-2018-q2-update.win32_1.5.0.202011040924/tools/bin/../lib/gcc/arm-none-eabi/7.3.1/../../../../arm-none-eabi/lib/thumb/v7-m\libc_nano.a(lib_a-exit.o)
                              d:/stm32cubeide_1.5.0/stm32cubeide/plugins/com.st.stm32cube.ide.mcu.externaltools.gnu-tools-for-stm32.7-2018-q2-update.win32_1.5.0.202011040924/tools/bin/../lib/gcc/arm-none-eabi/7.3.1/../../../../arm-none-eabi/lib/thumb/v7-m/crt0.o (exit)
d:/stm32cubeide_1.5.0/stm32cubeide/plugins/com.st.stm32cube.ide.mcu.externaltools.gnu-tools-for-stm32.7-2018-q2-update.win32_1.5.0.202011040924/tools/bin/../lib/gcc/arm-none-eabi/7.3.1/../../../../arm-none-eabi/lib/thumb/v7-m\libc_nano.a(lib_a-impure.o)
                              d:/stm32cubeide_1.5.0/stm32cubeide/plugins/com.st.stm32cube.ide.mcu.externaltools.gnu-tools-for-stm32.7-2018-q2-update.win32_1.5.0.202011040924/tools/bin/../lib/gcc/arm-none-eabi/7.3.1/../../../../arm-none-eabi/lib/thumb/v7-m\libc_nano.a(lib_a-exit.o) (_global_impure_ptr)
d:/stm32cubeide_1.5.0/stm32cubeide/plugins/com.st.stm32cube.ide.mcu.externaltools.gnu-tools-for-stm32.7-2018-q2-update.win32_1.5.0.202011040924/tools/bin/../lib/gcc/arm-none-eabi/7.3.1/../../../../arm-none-eabi/lib/thumb/v7-m\libc_nano.a(lib_a-init.o)
                              d:/stm32cubeide_1.5.0/stm32cubeide/plugins/com.st.stm32cube.ide.mcu.externaltools.gnu-tools-for-stm32.7-2018-q2-update.win32_1.5.0.202011040924/tools/bin/../lib/gcc/arm-none-eabi/7.3.1/../../../../arm-none-eabi/lib/thumb/v7-m/crt0.o (__libc_init_array)
d:/stm32cubeide_1.5.0/stm32cubeide/plugins/com.st.stm32cube.ide.mcu.externaltools.gnu-tools-for-stm32.7-2018-q2-update.win32_1.5.0.202011040924/tools/bin/../lib/gcc/arm-none-eabi/7.3.1/../../../../arm-none-eabi/lib/thumb/v7-m\libc_nano.a(lib_a-memcpy-stub.o)
                              Core/Src/ssd1306.o (memcpy)
d:/stm32cubeide_1.5.0/stm32cubeide/plugins/com.st.stm32cube.ide.mcu.externaltools.gnu-tools-for-stm32.7-2018-q2-update.win32_1.5.0.202011040924/tools/bin/../lib/gcc/arm-none-eabi/7.3.1/../../../../arm-none-eabi/lib/thumb/v7-m\libc_nano.a(lib_a-memmove.o)
                              Core/Src/ssd1306_tests.o (memmove)
d:/stm32cubeide_1.5.0/stm32cubeide/plugins/com.st.stm32cube.ide.mcu.externaltools.gnu-tools-for-stm32.7-2018-q2-update.win32_1.5.0.202011040924/tools/bin/../lib/gcc/arm-none-eabi/7.3.1/../../../../arm-none-eabi/lib/thumb/v7-m\libc_nano.a(lib_a-memset.o)
                              d:/stm32cubeide_1.5.0/stm32cubeide/plugins/com.st.stm32cube.ide.mcu.externaltools.gnu-tools-for-stm32.7-2018-q2-update.win32_1.5.0.202011040924/tools/bin/../lib/gcc/arm-none-eabi/7.3.1/../../../../arm-none-eabi/lib/thumb/v7-m/crt0.o (memset)
d:/stm32cubeide_1.5.0/stm32cubeide/plugins/com.st.stm32cube.ide.mcu.externaltools.gnu-tools-for-stm32.7-2018-q2-update.win32_1.5.0.202011040924/tools/bin/../lib/gcc/arm-none-eabi/7.3.1/../../../../arm-none-eabi/lib/thumb/v7-m\libc_nano.a(lib_a-snprintf.o)
                              Core/Src/ssd1306_tests.o (snprintf)
d:/stm32cubeide_1.5.0/stm32cubeide/plugins/com.st.stm32cube.ide.mcu.externaltools.gnu-tools-for-stm32.7-2018-q2-update.win32_1.5.0.202011040924/tools/bin/../lib/gcc/arm-none-eabi/7.3.1/../../../../arm-none-eabi/lib/thumb/v7-m\libc_nano.a(lib_a-sprintf.o)
                              Core/Src/ds3231.o (sprintf)
d:/stm32cubeide_1.5.0/stm32cubeide/plugins/com.st.stm32cube.ide.mcu.externaltools.gnu-tools-for-stm32.7-2018-q2-update.win32_1.5.0.202011040924/tools/bin/../lib/gcc/arm-none-eabi/7.3.1/../../../../arm-none-eabi/lib/thumb/v7-m\libc_nano.a(lib_a-nano-svfprintf.o)
                              d:/stm32cubeide_1.5.0/stm32cubeide/plugins/com.st.stm32cube.ide.mcu.externaltools.gnu-tools-for-stm32.7-2018-q2-update.win32_1.5.0.202011040924/tools/bin/../lib/gcc/arm-none-eabi/7.3.1/../../../../arm-none-eabi/lib/thumb/v7-m\libc_nano.a(lib_a-snprintf.o) (_svfprintf_r)
d:/stm32cubeide_1.5.0/stm32cubeide/plugins/com.st.stm32cube.ide.mcu.externaltools.gnu-tools-for-stm32.7-2018-q2-update.win32_1.5.0.202011040924/tools/bin/../lib/gcc/arm-none-eabi/7.3.1/../../../../arm-none-eabi/lib/thumb/v7-m\libc_nano.a(lib_a-nano-vfprintf_i.o)
                              d:/stm32cubeide_1.5.0/stm32cubeide/plugins/com.st.stm32cube.ide.mcu.externaltools.gnu-tools-for-stm32.7-2018-q2-update.win32_1.5.0.202011040924/tools/bin/../lib/gcc/arm-none-eabi/7.3.1/../../../../arm-none-eabi/lib/thumb/v7-m\libc_nano.a(lib_a-nano-svfprintf.o) (_printf_i)
[...]
Memory Configuration

Name             Origin             Length             Attributes
RAM              0x0000000020000000 0x0000000000005000 xrw
FLASH            0x0000000008000000 0x0000000000010000 xr
*default*        0x0000000000000000 0xffffffffffffffff

Linker script and memory map

LOAD d:/stm32cubeide_1.5.0/stm32cubeide/plugins/com.st.stm32cube.ide.mcu.externaltools.gnu-tools-for-stm32.7-2018-q2-update.win32_1.5.0.202011040924/tools/bin/../lib/gcc/arm-none-eabi/7.3.1/thumb/v7-m/crti.o
LOAD d:/stm32cubeide_1.5.0/stm32cubeide/plugins/com.st.stm32cube.ide.mcu.externaltools.gnu-tools-for-stm32.7-2018-q2-update.win32_1.5.0.202011040924/tools/bin/../lib/gcc/arm-none-eabi/7.3.1/thumb/v7-m/crtbegin.o
LOAD d:/stm32cubeide_1.5.0/stm32cubeide/plugins/com.st.stm32cube.ide.mcu.externaltools.gnu-tools-for-stm32.7-2018-q2-update.win32_1.5.0.202011040924/tools/bin/../lib/gcc/arm-none-eabi/7.3.1/../../../../arm-none-eabi/lib/thumb/v7-m/crt0.o
LOAD Core/Src/ds3231.o
LOAD Core/Src/main.o
LOAD Core/Src/smart_watch.o
LOAD Core/Src/ssd1306.o
LOAD Core/Src/ssd1306_fonts.o
LOAD Core/Src/ssd1306_tests.o
LOAD Core/Src/stm32f1xx_hal_msp.o
LOAD Core/Src/stm32f1xx_it.o
LOAD Core/Src/syscalls.o
LOAD Core/Src/sysmem.o
LOAD Core/Src/system_stm32f1xx.o
LOAD Core/Startup/startup_stm32f103c8tx.o
LOAD Drivers/STM32F1xx_HAL_Driver/Src/stm32f1xx_hal.o
LOAD Drivers/STM32F1xx_HAL_Driver/Src/stm32f1xx_hal_cortex.o
LOAD Drivers/STM32F1xx_HAL_Driver/Src/stm32f1xx_hal_dma.o
LOAD Drivers/STM32F1xx_HAL_Driver/Src/stm32f1xx_hal_exti.o
LOAD Drivers/STM32F1xx_HAL_Driver/Src/stm32f1xx_hal_flash.o
LOAD Drivers/STM32F1xx_HAL_Driver/Src/stm32f1xx_hal_flash_ex.o
LOAD Drivers/STM32F1xx_HAL_Driver/Src/stm32f1xx_hal_gpio.o
LOAD Drivers/STM32F1xx_HAL_Driver/Src/stm32f1xx_hal_gpio_ex.o
LOAD Drivers/STM32F1xx_HAL_Driver/Src/stm32f1xx_hal_i2c.o
LOAD Drivers/STM32F1xx_HAL_Driver/Src/stm32f1xx_hal_pwr.o
LOAD Drivers/STM32F1xx_HAL_Driver/Src/stm32f1xx_hal_rcc.o
LOAD Drivers/STM32F1xx_HAL_Driver/Src/stm32f1xx_hal_rcc_ex.o
LOAD Drivers/STM32F1xx_HAL_Driver/Src/stm32f1xx_hal_tim.o
LOAD Drivers/STM32F1xx_HAL_Driver/Src/stm32f1xx_hal_tim_ex.o
START GROUP
LOAD d:/stm32cubeide_1.5.0/stm32cubeide/plugins/com.st.stm32cube.ide.mcu.externaltools.gnu-tools-for-stm32.7-2018-q2-update.win32_1.5.0.202011040924/tools/bin/../lib/gcc/arm-none-eabi/7.3.1/../../../../arm-none-eabi/lib/thumb/v7-m\libc_nano.a
LOAD d:/stm32cubeide_1.5.0/stm32cubeide/plugins/com.st.stm32cube.ide.mcu.externaltools.gnu-tools-for-stm32.7-2018-q2-update.win32_1.5.0.202011040924/tools/bin/../lib/gcc/arm-none-eabi/7.3.1/../../../../arm-none-eabi/lib/thumb/v7-m\libm.a
END GROUP
START GROUP
LOAD d:/stm32cubeide_1.5.0/stm32cubeide/plugins/com.st.stm32cube.ide.mcu.externaltools.gnu-tools-for-stm32.7-2018-q2-update.win32_1.5.0.202011040924/tools/bin/../lib/gcc/arm-none-eabi/7.3.1/thumb/v7-m\libgcc.a
LOAD d:/stm32cubeide_1.5.0/stm32cubeide/plugins/com.st.stm32cube.ide.mcu.externaltools.gnu-tools-for-stm32.7-2018-q2-update.win32_1.5.0.202011040924/tools/bin/../lib/gcc/arm-none-eabi/7.3.1/../../../../arm-none-eabi/lib/thumb/v7-m\libc_nano.a
END GROUP
START GROUP
LOAD d:/stm32cubeide_1.5.0/stm32cubeide/plugins/com.st.stm32cube.ide.mcu.externaltools.gnu-tools-for-stm32.7-2018-q2-update.win32_1.5.0.202011040924/tools/bin/../lib/gcc/arm-none-eabi/7.3.1/thumb/v7-m\libgcc.a
LOAD d:/stm32cubeide_1.5.0/stm32cubeide/plugins/com.st.stm32cube.ide.mcu.externaltools.gnu-tools-for-stm32.7-2018-q2-update.win32_1.5.0.202011040924/tools/bin/../lib/gcc/arm-none-eabi/7.3.1/../../../../arm-none-eabi/lib/thumb/v7-m\libc_nano.a
LOAD d:/stm32cubeide_1.5.0/stm32cubeide/plugins/com.st.stm32cube.ide.mcu.externaltools.gnu-tools-for-stm32.7-2018-q2-update.win32_1.5.0.202011040924/tools/bin/../lib/gcc/arm-none-eabi/7.3.1/../../../../arm-none-eabi/lib/thumb/v7-m\libnosys.a
END GROUP
START GROUP
LOAD d:/stm32cubeide_1.5.0/stm32cubeide/plugins/com.st.stm32cube.ide.mcu.externaltools.gnu-tools-for-stm32.7-2018-q2-update.win32_1.5.0.202011040924/tools/bin/../lib/gcc/arm-none-eabi/7.3.1/thumb/v7-m\libgcc.a
LOAD d:/stm32cubeide_1.5.0/stm32cubeide/plugins/com.st.stm32cube.ide.mcu.externaltools.gnu-tools-for-stm32.7-2018-q2-update.win32_1.5.0.202011040924/tools/bin/../lib/gcc/arm-none-eabi/7.3.1/../../../../arm-none-eabi/lib/thumb/v7-m\libc_nano.a
LOAD d:/stm32cubeide_1.5.0/stm32cubeide/plugins/com.st.stm32cube.ide.mcu.externaltools.gnu-tools-for-stm32.7-2018-q2-update.win32_1.5.0.202011040924/tools/bin/../lib/gcc/arm-none-eabi/7.3.1/../../../../arm-none-eabi/lib/thumb/v7-m\libnosys.a
END GROUP
LOAD d:/stm32cubeide_1.5.0/stm32cubeide/plugins/com.st.stm32cube.ide.mcu.externaltools.gnu-tools-for-stm32.7-2018-q2-update.win32_1.5.0.202011040924/tools/bin/../lib/gcc/arm-none-eabi/7.3.1/thumb/v7-m/crtend.o
LOAD d:/stm32cubeide_1.5.0/stm32cubeide/plugins/com.st.stm32cube.ide.mcu.externaltools.gnu-tools-for-stm32.7-2018-q2-update.win32_1.5.0.202011040924/tools/bin/../lib/gcc/arm-none-eabi/7.3.1/thumb/v7-m/crtn.o
                0x0000000020005000                _estack = (ORIGIN (RAM) + LENGTH (RAM))
                0x0000000000000200                _Min_Heap_Size = 0x200
                0x0000000000000400                _Min_Stack_Size = 0x400

.isr_vector     0x0000000008000000      0x10c
                0x0000000008000000                . = ALIGN (0x4)
 *(.isr_vector)
 .isr_vector    0x0000000008000000      0x10c Core/Startup/startup_stm32f103c8tx.o
                0x0000000008000000                g_pfnVectors
                0x000000000800010c                . = ALIGN (0x4)

.text           0x000000000800010c     0x3ef8
                0x000000000800010c                . = ALIGN (0x4)
 *(.text)
 .text          0x000000000800010c       0x40 d:/stm32cubeide_1.5.0/stm32cubeide/plugins/com.st.stm32cube.ide.mcu.externaltools.gnu-tools-for-stm32.7-2018-q2-update.win32_1.5.0.202011040924/tools/bin/../lib/gcc/arm-none-eabi/7.3.1/thumb/v7-m/crtbegin.o
 *(.text*)
 .text.menu_ac  0x000000000800014c       0x74 Core/Src/ds3231.o
                0x000000000800014c                menu_ac
 .text.sicaklik_menu_ac
                0x00000000080001c0       0x48 Core/Src/ds3231.o
                0x00000000080001c0                sicaklik_menu_ac
 .text.telefon_menu_ac
                0x0000000008000208      0x118 Core/Src/ds3231.o
                0x0000000008000208                telefon_menu_ac
 .text.adim_menu_ac
                0x0000000008000320       0x50 Core/Src/ds3231.o
                0x0000000008000320                adim_menu_ac
 .text.nabiz_menu_ac
                0x0000000008000370       0x50 Core/Src/ds3231.o
                0x0000000008000370                nabiz_menu_ac
 .text.anasayfa_ac
                0x00000000080003c0      0x200 Core/Src/ds3231.o
                0x00000000080003c0                anasayfa_ac
 .text.saat_goster
                0x00000000080005c0       0xb0 Core/Src/ds3231.o
                0x00000000080005c0                saat_goster
 .text.main     0x0000000008000670       0xec Core/Src/main.o
                0x0000000008000670                main
 .text.SystemClock_Config
                0x000000000800075c       0x74 Core/Src/main.o
                0x000000000800075c                SystemClock_Config
 .text.MX_I2C1_Init
                0x00000000080007d0       0x5c Core/Src/main.o
 .text.MX_TIM1_Init
                0x000000000800082c       0xa0 Core/Src/main.o
 .text.MX_TIM2_Init
                0x00000000080008cc       0x98 Core/Src/main.o
 .text.MX_GPIO_Init
                0x0000000008000964       0xf0 Core/Src/main.o
 .text.HAL_TIM_PeriodElapsedCallback
                0x0000000008000a54      0x140 Core/Src/main.o
                0x0000000008000a54                HAL_TIM_PeriodElapsedCallback
 .text.Error_Handler
                0x0000000008000b94        0x8 Core/Src/main.o
                0x0000000008000b94                Error_Handler
 .text.ssd1306_Reset
                0x0000000008000b9c        0xc Core/Src/ssd1306.o
                0x0000000008000b9c                ssd1306_Reset
 .text.ssd1306_WriteCommand
                0x0000000008000ba8       0x30 Core/Src/ssd1306.o
                0x0000000008000ba8                ssd1306_WriteCommand
 .text.ssd1306_WriteData
                0x0000000008000bd8       0x34 Core/Src/ssd1306.o
                0x0000000008000bd8                ssd1306_WriteData
 .text.ssd1306_Init
                0x0000000008000c0c       0xd4 Core/Src/ssd1306.o
                0x0000000008000c0c                ssd1306_Init
 .text.ssd1306_Fill
                0x0000000008000ce0       0x44 Core/Src/ssd1306.o
                0x0000000008000ce0                ssd1306_Fill
 .text.ssd1306_UpdateScreen
                0x0000000008000d24       0x4c Core/Src/ssd1306.o
                0x0000000008000d24                ssd1306_UpdateScreen
 .text.ssd1306_DrawPixel
                0x0000000008000d70       0xc0 Core/Src/ssd1306.o
                0x0000000008000d70                ssd1306_DrawPixel
 .text.ssd1306_WriteChar
                0x0000000008000e30      0x110 Core/Src/ssd1306.o
                0x0000000008000e30                ssd1306_WriteChar
 .text.ssd1306_WriteString
                0x0000000008000f40       0x4c Core/Src/ssd1306.o
                0x0000000008000f40                ssd1306_WriteString
 .text.ssd1306_SetCursor
                0x0000000008000f8c       0x30 Core/Src/ssd1306.o
                0x0000000008000f8c                ssd1306_SetCursor
 .text.ssd1306_SetContrast
                0x0000000008000fbc       0x26 Core/Src/ssd1306.o
                0x0000000008000fbc                ssd1306_SetContrast
 *fill*         0x0000000008000fe2        0x2 
 .text.ssd1306_SetDisplayOn
                0x0000000008000fe4       0x3c Core/Src/ssd1306.o
                0x0000000008000fe4                ssd1306_SetDisplayOn
 .text.HAL_MspInit
                0x0000000008001020       0x64 Core/Src/stm32f1xx_hal_msp.o
                0x0000000008001020                HAL_MspInit
 .text.HAL_I2C_MspInit
                0x0000000008001084       0x7c Core/Src/stm32f1xx_hal_msp.o
                0x0000000008001084                HAL_I2C_MspInit
 .text.HAL_I2C_MspDeInit
                0x0000000008001100       0x44 Core/Src/stm32f1xx_hal_msp.o
                0x0000000008001100                HAL_I2C_MspDeInit
 .text.HAL_TIM_Base_MspInit
                0x0000000008001144       0xb0 Core/Src/stm32f1xx_hal_msp.o
                0x0000000008001144                HAL_TIM_Base_MspInit
 .text.NMI_Handler
                0x00000000080011f4        0x6 Core/Src/stm32f1xx_it.o
                0x00000000080011f4                NMI_Handler
 .text.HardFault_Handler
                0x00000000080011fa        0x6 Core/Src/stm32f1xx_it.o
                0x00000000080011fa                HardFault_Handler
 .text.MemManage_Handler
                0x0000000008001200        0x6 Core/Src/stm32f1xx_it.o
                0x0000000008001200                MemManage_Handler
 .text.BusFault_Handler
                0x0000000008001206        0x6 Core/Src/stm32f1xx_it.o
                0x0000000008001206                BusFault_Handler
 .text.UsageFault_Handler
                0x000000000800120c        0x6 Core/Src/stm32f1xx_it.o
                0x000000000800120c                UsageFault_Handler
 .text.SVC_Handler
                0x0000000008001212        0xc Core/Src/stm32f1xx_it.o
                0x0000000008001212                SVC_Handler
 .text.DebugMon_Handler
                0x000000000800121e        0xc Core/Src/stm32f1xx_it.o
                0x000000000800121e                DebugMon_Handler
 .text.PendSV_Handler
                0x000000000800122a        0xc Core/Src/stm32f1xx_it.o
                0x000000000800122a                PendSV_Handler
 .text.SysTick_Handler
                0x0000000008001236        0xc Core/Src/stm32f1xx_it.o
                0x0000000008001236                SysTick_Handler
 *fill*         0x0000000008001242        0x2 
 .text.EXTI4_IRQHandler
                0x0000000008001244       0xf4 Core/Src/stm32f1xx_it.o
                0x0000000008001244                EXTI4_IRQHandler
 .text.EXTI9_5_IRQHandler
                0x0000000008001338      0x1c8 Core/Src/stm32f1xx_it.o
                0x0000000008001338                EXTI9_5_IRQHandler
 .text.TIM1_BRK_IRQHandler
                0x0000000008001500       0x14 Core/Src/stm32f1xx_it.o
                0x0000000008001500                TIM1_BRK_IRQHandler
 .text.TIM1_UP_IRQHandler
                0x0000000008001514       0x14 Core/Src/stm32f1xx_it.o
                0x0000000008001514                TIM1_UP_IRQHandler
 .text.TIM1_TRG_COM_IRQHandler
                0x0000000008001528       0x14 Core/Src/stm32f1xx_it.o
                0x0000000008001528                TIM1_TRG_COM_IRQHandler
 .text.TIM1_CC_IRQHandler
                0x000000000800153c       0x14 Core/Src/stm32f1xx_it.o
                0x000000000800153c                TIM1_CC_IRQHandler
 .text.TIM2_IRQHandler
                0x0000000008001550       0x14 Core/Src/stm32f1xx_it.o
                0x0000000008001550                TIM2_IRQHandler
 .text._sbrk    0x0000000008001564       0x6c Core/Src/sysmem.o
                0x0000000008001564                _sbrk
 .text.SystemInit
                0x00000000080015d0        0xc Core/Src/system_stm32f1xx.o
                0x00000000080015d0                SystemInit
 .text.Reset_Handler
                0x00000000080015dc       0x48 Core/Startup/startup_stm32f103c8tx.o
                0x00000000080015dc                Reset_Handler
 .text.Default_Handler
                0x0000000008001624        0x2 Core/Startup/startup_stm32f103c8tx.o
                0x0000000008001624                RTC_Alarm_IRQHandler
                0x0000000008001624                EXTI2_IRQHandler
                0x0000000008001624                PVD_IRQHandler
                0x0000000008001624                EXTI3_IRQHandler
                0x0000000008001624                EXTI0_IRQHandler
                0x0000000008001624                I2C2_EV_IRQHandler
                0x0000000008001624                ADC1_2_IRQHandler
                0x0000000008001624                SPI1_IRQHandler
                0x0000000008001624                TAMPER_IRQHandler
                0x0000000008001624                DMA1_Channel4_IRQHandler
                0x0000000008001624                USART3_IRQHandler
                0x0000000008001624                RTC_IRQHandler
                0x0000000008001624                DMA1_Channel7_IRQHandler
                0x0000000008001624                CAN1_RX1_IRQHandler
                0x0000000008001624                TIM4_IRQHandler
                0x0000000008001624                I2C1_EV_IRQHandler
                0x0000000008001624                DMA1_Channel6_IRQHandler
                0x0000000008001624                TIM3_IRQHandler
                0x0000000008001624                RCC_IRQHandler
                0x0000000008001624                DMA1_Channel1_IRQHandler
                0x0000000008001624                Default_Handler
                0x0000000008001624                EXTI15_10_IRQHandler
                0x0000000008001624                SPI2_IRQHandler
                0x0000000008001624                DMA1_Channel5_IRQHandler
                0x0000000008001624                USB_LP_CAN1_RX0_IRQHandler
                0x0000000008001624                USB_HP_CAN1_TX_IRQHandler
                0x0000000008001624                DMA1_Channel3_IRQHandler
                0x0000000008001624                WWDG_IRQHandler
                0x0000000008001624                EXTI1_IRQHandler
                0x0000000008001624                USART2_IRQHandler
                0x0000000008001624                I2C2_ER_IRQHandler
                0x0000000008001624                DMA1_Channel2_IRQHandler
                0x0000000008001624                CAN1_SCE_IRQHandler
                0x0000000008001624                FLASH_IRQHandler
                0x0000000008001624                USART1_IRQHandler
                0x0000000008001624                I2C1_ER_IRQHandler
                0x0000000008001624                USBWakeUp_IRQHandler
 *fill*         0x0000000008001626        0x2 
 .text.HAL_Init
                0x0000000008001628       0x2c Drivers/STM32F1xx_HAL_Driver/Src/stm32f1xx_hal.o
                0x0000000008001628                HAL_Init
 .text.HAL_InitTick
                0x0000000008001654       0x60 Drivers/STM32F1xx_HAL_Driver/Src/stm32f1xx_hal.o
                0x0000000008001654                HAL_InitTick
 .text.HAL_IncTick
                0x00000000080016b4       0x24 Drivers/STM32F1xx_HAL_Driver/Src/stm32f1xx_hal.o
                0x00000000080016b4                HAL_IncTick
 .text.HAL_GetTick
                0x00000000080016d8       0x14 Drivers/STM32F1xx_HAL_Driver/Src/stm32f1xx_hal.o
                0x00000000080016d8                HAL_GetTick
 .text.HAL_Delay
                0x00000000080016ec       0x44 Drivers/STM32F1xx_HAL_Driver/Src/stm32f1xx_hal.o
                0x00000000080016ec                HAL_Delay
 .text.__NVIC_SetPriorityGrouping
                0x0000000008001730       0x48 Drivers/STM32F1xx_HAL_Driver/Src/stm32f1xx_hal_cortex.o
 .text.__NVIC_GetPriorityGrouping
                0x0000000008001778       0x1c Drivers/STM32F1xx_HAL_Driver/Src/stm32f1xx_hal_cortex.o
 .text.__NVIC_EnableIRQ
                0x0000000008001794       0x38 Drivers/STM32F1xx_HAL_Driver/Src/stm32f1xx_hal_cortex.o
 .text.__NVIC_SetPriority
                0x00000000080017cc       0x54 Drivers/STM32F1xx_HAL_Driver/Src/stm32f1xx_hal_cortex.o
 .text.NVIC_EncodePriority
                0x0000000008001820       0x64 Drivers/STM32F1xx_HAL_Driver/Src/stm32f1xx_hal_cortex.o
 .text.SysTick_Config
                0x0000000008001884       0x44 Drivers/STM32F1xx_HAL_Driver/Src/stm32f1xx_hal_cortex.o
 .text.HAL_NVIC_SetPriorityGrouping
                0x00000000080018c8       0x16 Drivers/STM32F1xx_HAL_Driver/Src/stm32f1xx_hal_cortex.o
                0x00000000080018c8                HAL_NVIC_SetPriorityGrouping
 .text.HAL_NVIC_SetPriority
                0x00000000080018de       0x38 Drivers/STM32F1xx_HAL_Driver/Src/stm32f1xx_hal_cortex.o
                0x00000000080018de                HAL_NVIC_SetPriority
 .text.HAL_NVIC_EnableIRQ
                0x0000000008001916       0x1c Drivers/STM32F1xx_HAL_Driver/Src/stm32f1xx_hal_cortex.o
                0x0000000008001916                HAL_NVIC_EnableIRQ
 .text.HAL_SYSTICK_Config
                0x0000000008001932       0x18 Drivers/STM32F1xx_HAL_Driver/Src/stm32f1xx_hal_cortex.o
                0x0000000008001932                HAL_SYSTICK_Config
 *fill*         0x000000000800194a        0x2 
 .text.HAL_GPIO_Init
                0x000000000800194c      0x2b4 Drivers/STM32F1xx_HAL_Driver/Src/stm32f1xx_hal_gpio.o
                0x000000000800194c                HAL_GPIO_Init
 .text.HAL_GPIO_DeInit
                0x0000000008001c00      0x178 Drivers/STM32F1xx_HAL_Driver/Src/stm32f1xx_hal_gpio.o
                0x0000000008001c00                HAL_GPIO_DeInit
 .text.HAL_GPIO_WritePin
                0x0000000008001d78       0x30 Drivers/STM32F1xx_HAL_Driver/Src/stm32f1xx_hal_gpio.o
                0x0000000008001d78                HAL_GPIO_WritePin
 .text.HAL_GPIO_TogglePin
                0x0000000008001da8       0x32 Drivers/STM32F1xx_HAL_Driver/Src/stm32f1xx_hal_gpio.o
                0x0000000008001da8                HAL_GPIO_TogglePin
 *fill*         0x0000000008001dda        0x2 
 .text.HAL_GPIO_EXTI_IRQHandler
                0x0000000008001ddc       0x30 Drivers/STM32F1xx_HAL_Driver/Src/stm32f1xx_hal_gpio.o
                0x0000000008001ddc                HAL_GPIO_EXTI_IRQHandler
 .text.HAL_GPIO_EXTI_Callback
                0x0000000008001e0c       0x14 Drivers/STM32F1xx_HAL_Driver/Src/stm32f1xx_hal_gpio.o
                0x0000000008001e0c                HAL_GPIO_EXTI_Callback
 .text.HAL_I2C_Init
                0x0000000008001e20      0x270 Drivers/STM32F1xx_HAL_Driver/Src/stm32f1xx_hal_i2c.o
                0x0000000008001e20                HAL_I2C_Init
 .text.HAL_I2C_DeInit
                0x0000000008002090       0x5e Drivers/STM32F1xx_HAL_Driver/Src/stm32f1xx_hal_i2c.o
                0x0000000008002090                HAL_I2C_DeInit
 *fill*         0x00000000080020ee        0x2 
 .text.HAL_I2C_Mem_Write
                0x00000000080020f0      0x1f4 Drivers/STM32F1xx_HAL_Driver/Src/stm32f1xx_hal_i2c.o
                0x00000000080020f0                HAL_I2C_Mem_Write
 .text.I2C_RequestMemoryWrite
                0x00000000080022e4      0x12c Drivers/STM32F1xx_HAL_Driver/Src/stm32f1xx_hal_i2c.o
 .text.I2C_WaitOnFlagUntilTimeout
                0x0000000008002410       0xae Drivers/STM32F1xx_HAL_Driver/Src/stm32f1xx_hal_i2c.o
 .text.I2C_WaitOnMasterAddressFlagUntilTimeout
                0x00000000080024be       0xfe Drivers/STM32F1xx_HAL_Driver/Src/stm32f1xx_hal_i2c.o
 .text.I2C_WaitOnTXEFlagUntilTimeout
                0x00000000080025bc       0x82 Drivers/STM32F1xx_HAL_Driver/Src/stm32f1xx_hal_i2c.o
 .text.I2C_WaitOnBTFFlagUntilTimeout
                0x000000000800263e       0x82 Drivers/STM32F1xx_HAL_Driver/Src/stm32f1xx_hal_i2c.o
 .text.I2C_IsAcknowledgeFailed
                0x00000000080026c0       0x5c Drivers/STM32F1xx_HAL_Driver/Src/stm32f1xx_hal_i2c.o
 .text.HAL_RCC_OscConfig
                0x000000000800271c      0x500 Drivers/STM32F1xx_HAL_Driver/Src/stm32f1xx_hal_rcc.o
                0x000000000800271c                HAL_RCC_OscConfig
 .text.HAL_RCC_ClockConfig
                0x0000000008002c1c      0x1d4 Drivers/STM32F1xx_HAL_Driver/Src/stm32f1xx_hal_rcc.o
                0x0000000008002c1c                HAL_RCC_ClockConfig
 .text.HAL_RCC_GetSysClockFreq
                0x0000000008002df0       0xc4 Drivers/STM32F1xx_HAL_Driver/Src/stm32f1xx_hal_rcc.o
                0x0000000008002df0                HAL_RCC_GetSysClockFreq
 .text.HAL_RCC_GetHCLKFreq
                0x0000000008002eb4       0x14 Drivers/STM32F1xx_HAL_Driver/Src/stm32f1xx_hal_rcc.o
                0x0000000008002eb4                HAL_RCC_GetHCLKFreq
 .text.HAL_RCC_GetPCLK1Freq
                0x0000000008002ec8       0x28 Drivers/STM32F1xx_HAL_Driver/Src/stm32f1xx_hal_rcc.o
                0x0000000008002ec8                HAL_RCC_GetPCLK1Freq
 .text.RCC_Delay
                0x0000000008002ef0       0x3c Drivers/STM32F1xx_HAL_Driver/Src/stm32f1xx_hal_rcc.o
 .text.HAL_TIM_Base_Init
                0x0000000008002f2c       0x9e Drivers/STM32F1xx_HAL_Driver/Src/stm32f1xx_hal_tim.o
                0x0000000008002f2c                HAL_TIM_Base_Init
 *fill*         0x0000000008002fca        0x2 
 .text.HAL_TIM_Base_Start_IT
                0x0000000008002fcc       0xa4 Drivers/STM32F1xx_HAL_Driver/Src/stm32f1xx_hal_tim.o
                0x0000000008002fcc                HAL_TIM_Base_Start_IT
 .text.HAL_TIM_Base_Stop_IT
                0x0000000008003070       0x5c Drivers/STM32F1xx_HAL_Driver/Src/stm32f1xx_hal_tim.o
                0x0000000008003070                HAL_TIM_Base_Stop_IT
 .text.HAL_TIM_IRQHandler
                0x00000000080030cc      0x210 Drivers/STM32F1xx_HAL_Driver/Src/stm32f1xx_hal_tim.o
                0x00000000080030cc                HAL_TIM_IRQHandler
 .text.HAL_TIM_ConfigClockSource
                0x00000000080032dc      0x16e Drivers/STM32F1xx_HAL_Driver/Src/stm32f1xx_hal_tim.o
                0x00000000080032dc                HAL_TIM_ConfigClockSource
 .text.HAL_TIM_OC_DelayElapsedCallback
                0x000000000800344a       0x12 Drivers/STM32F1xx_HAL_Driver/Src/stm32f1xx_hal_tim.o
                0x000000000800344a                HAL_TIM_OC_DelayElapsedCallback
 .text.HAL_TIM_IC_CaptureCallback
                0x000000000800345c       0x12 Drivers/STM32F1xx_HAL_Driver/Src/stm32f1xx_hal_tim.o
                0x000000000800345c                HAL_TIM_IC_CaptureCallback
 .text.HAL_TIM_PWM_PulseFinishedCallback
                0x000000000800346e       0x12 Drivers/STM32F1xx_HAL_Driver/Src/stm32f1xx_hal_tim.o
                0x000000000800346e                HAL_TIM_PWM_PulseFinishedCallback
 .text.HAL_TIM_TriggerCallback
                0x0000000008003480       0x12 Drivers/STM32F1xx_HAL_Driver/Src/stm32f1xx_hal_tim.o
                0x0000000008003480                HAL_TIM_TriggerCallback
 *fill*         0x0000000008003492        0x2 
 .text.TIM_Base_SetConfig
                0x0000000008003494       0xc4 Drivers/STM32F1xx_HAL_Driver/Src/stm32f1xx_hal_tim.o
                0x0000000008003494                TIM_Base_SetConfig
 .text.TIM_TI1_ConfigInputStage
                0x0000000008003558       0x5c Drivers/STM32F1xx_HAL_Driver/Src/stm32f1xx_hal_tim.o
 .text.TIM_TI2_ConfigInputStage
                0x00000000080035b4       0x5e Drivers/STM32F1xx_HAL_Driver/Src/stm32f1xx_hal_tim.o
 .text.TIM_ITRx_SetConfig
                0x0000000008003612       0x34 Drivers/STM32F1xx_HAL_Driver/Src/stm32f1xx_hal_tim.o
 .text.TIM_ETR_SetConfig
                0x0000000008003646       0x3e Drivers/STM32F1xx_HAL_Driver/Src/stm32f1xx_hal_tim.o
                0x0000000008003646                TIM_ETR_SetConfig
 .text.HAL_TIMEx_MasterConfigSynchronization
                0x0000000008003684       0xbc Drivers/STM32F1xx_HAL_Driver/Src/stm32f1xx_hal_tim_ex.o
                0x0000000008003684                HAL_TIMEx_MasterConfigSynchronization
 .text.HAL_TIMEx_CommutCallback
                0x0000000008003740       0x12 Drivers/STM32F1xx_HAL_Driver/Src/stm32f1xx_hal_tim_ex.o
                0x0000000008003740                HAL_TIMEx_CommutCallback
 .text.HAL_TIMEx_BreakCallback
                0x0000000008003752       0x12 Drivers/STM32F1xx_HAL_Driver/Src/stm32f1xx_hal_tim_ex.o
                0x0000000008003752                HAL_TIMEx_BreakCallback
 .text.__errno  0x0000000008003764        0xc d:/stm32cubeide_1.5.0/stm32cubeide/plugins/com.st.stm32cube.ide.mcu.externaltools.gnu-tools-for-stm32.7-2018-q2-update.win32_1.5.0.202011040924/tools/bin/../lib/gcc/arm-none-eabi/7.3.1/../../../../arm-none-eabi/lib/thumb/v7-m\libc_nano.a(lib_a-errno.o)
                0x0000000008003764                __errno
 .text.__libc_init_array
                0x0000000008003770       0x48 d:/stm32cubeide_1.5.0/stm32cubeide/plugins/com.st.stm32cube.ide.mcu.externaltools.gnu-tools-for-stm32.7-2018-q2-update.win32_1.5.0.202011040924/tools/bin/../lib/gcc/arm-none-eabi/7.3.1/../../../../arm-none-eabi/lib/thumb/v7-m\libc_nano.a(lib_a-init.o)
                0x0000000008003770                __libc_init_array
 .text.memcpy   0x00000000080037b8       0x16 d:/stm32cubeide_1.5.0/stm32cubeide/plugins/com.st.stm32cube.ide.mcu.externaltools.gnu-tools-for-stm32.7-2018-q2-update.win32_1.5.0.202011040924/tools/bin/../lib/gcc/arm-none-eabi/7.3.1/../../../../arm-none-eabi/lib/thumb/v7-m\libc_nano.a(lib_a-memcpy-stub.o)
                0x00000000080037b8                memcpy
 .text.memmove  0x00000000080037ce       0x32 d:/stm32cubeide_1.5.0/stm32cubeide/plugins/com.st.stm32cube.ide.mcu.externaltools.gnu-tools-for-stm32.7-2018-q2-update.win32_1.5.0.202011040924/tools/bin/../lib/gcc/arm-none-eabi/7.3.1/../../../../arm-none-eabi/lib/thumb/v7-m\libc_nano.a(lib_a-memmove.o)
                0x00000000080037ce                memmove
 .text.memset   0x0000000008003800       0x10 d:/stm32cubeide_1.5.0/stm32cubeide/plugins/com.st.stm32cube.ide.mcu.externaltools.gnu-tools-for-stm32.7-2018-q2-update.win32_1.5.0.202011040924/tools/bin/../lib/gcc/arm-none-eabi/7.3.1/../../../../arm-none-eabi/lib/thumb/v7-m\libc_nano.a(lib_a-memset.o)
                0x0000000008003800                memset
 .text.sprintf  0x0000000008003810       0x40 d:/stm32cubeide_1.5.0/stm32cubeide/plugins/com.st.stm32cube.ide.mcu.externaltools.gnu-tools-for-stm32.7-2018-q2-update.win32_1.5.0.202011040924/tools/bin/../lib/gcc/arm-none-eabi/7.3.1/../../../../arm-none-eabi/lib/thumb/v7-m\libc_nano.a(lib_a-sprintf.o)
                0x0000000008003810                siprintf
                0x0000000008003810                sprintf
 .text.__ssputs_r
                0x0000000008003850       0xb4 d:/stm32cubeide_1.5.0/stm32cubeide/plugins/com.st.stm32cube.ide.mcu.externaltools.gnu-tools-for-stm32.7-2018-q2-update.win32_1.5.0.202011040924/tools/bin/../lib/gcc/arm-none-eabi/7.3.1/../../../../arm-none-eabi/lib/thumb/v7-m\libc_nano.a(lib_a-nano-svfprintf.o)
                0x0000000008003850                __ssputs_r
 .text._svfprintf_r
                0x0000000008003904      0x1f0 d:/stm32cubeide_1.5.0/stm32cubeide/plugins/com.st.stm32cube.ide.mcu.externaltools.gnu-tools-for-stm32.7-2018-q2-update.win32_1.5.0.202011040924/tools/bin/../lib/gcc/arm-none-eabi/7.3.1/../../../../arm-none-eabi/lib/thumb/v7-m\libc_nano.a(lib_a-nano-svfprintf.o)
                0x0000000008003904                _svfiprintf_r
                0x0000000008003904                _svfprintf_r
 .text._printf_common
                0x0000000008003af4       0xec d:/stm32cubeide_1.5.0/stm32cubeide/plugins/com.st.stm32cube.ide.mcu.externaltools.gnu-tools-for-stm32.7-2018-q2-update.win32_1.5.0.202011040924/tools/bin/../lib/gcc/arm-none-eabi/7.3.1/../../../../arm-none-eabi/lib/thumb/v7-m\libc_nano.a(lib_a-nano-vfprintf_i.o)
                0x0000000008003af4                _printf_common
 .text._printf_i
                0x0000000008003be0      0x224 d:/stm32cubeide_1.5.0/stm32cubeide/plugins/com.st.stm32cube.ide.mcu.externaltools.gnu-tools-for-stm32.7-2018-q2-update.win32_1.5.0.202011040924/tools/bin/../lib/gcc/arm-none-eabi/7.3.1/../../../../arm-none-eabi/lib/thumb/v7-m\libc_nano.a(lib_a-nano-vfprintf_i.o)
                0x0000000008003be0                _printf_i
 .text.memchr   0x0000000008003e04       0x1c d:/stm32cubeide_1.5.0/stm32cubeide/plugins/com.st.stm32cube.ide.mcu.externaltools.gnu-tools-for-stm32.7-2018-q2-update.win32_1.5.0.202011040924/tools/bin/../lib/gcc/arm-none-eabi/7.3.1/../../../../arm-none-eabi/lib/thumb/v7-m\libc_nano.a(lib_a-memchr-stub.o)
                0x0000000008003e04                memchr
 .text._free_r  0x0000000008003e20       0x98 d:/stm32cubeide_1.5.0/stm32cubeide/plugins/com.st.stm32cube.ide.mcu.externaltools.gnu-tools-for-stm32.7-2018-q2-update.win32_1.5.0.202011040924/tools/bin/../lib/gcc/arm-none-eabi/7.3.1/../../../../arm-none-eabi/lib/thumb/v7-m\libc_nano.a(lib_a-nano-freer.o)
                0x0000000008003e20                _free_r
 .text._malloc_r
                0x0000000008003eb8       0xb4 d:/stm32cubeide_1.5.0/stm32cubeide/plugins/com.st.stm32cube.ide.mcu.externaltools.gnu-tools-for-stm32.7-2018-q2-update.win32_1.5.0.202011040924/tools/bin/../lib/gcc/arm-none-eabi/7.3.1/../../../../arm-none-eabi/lib/thumb/v7-m\libc_nano.a(lib_a-nano-mallocr.o)
                0x0000000008003eb8                _malloc_r
 .text._realloc_r
                0x0000000008003f6c       0x4c d:/stm32cubeide_1.5.0/stm32cubeide/plugins/com.st.stm32cube.ide.mcu.externaltools.gnu-tools-for-stm32.7-2018-q2-update.win32_1.5.0.202011040924/tools/bin/../lib/gcc/arm-none-eabi/7.3.1/../../../../arm-none-eabi/lib/thumb/v7-m\libc_nano.a(lib_a-nano-reallocr.o)
                0x0000000008003f6c                _realloc_r
 .text._sbrk_r  0x0000000008003fb8       0x20 d:/stm32cubeide_1.5.0/stm32cubeide/plugins/com.st.stm32cube.ide.mcu.externaltools.gnu-tools-for-stm32.7-2018-q2-update.win32_1.5.0.202011040924/tools/bin/../lib/gcc/arm-none-eabi/7.3.1/../../../../arm-none-eabi/lib/thumb/v7-m\libc_nano.a(lib_a-sbrkr.o)
                0x0000000008003fb8                _sbrk_r
 .text.__malloc_lock
                0x0000000008003fd8        0x2 d:/stm32cubeide_1.5.0/stm32cubeide/plugins/com.st.stm32cube.ide.mcu.externaltools.gnu-tools-for-stm32.7-2018-q2-update.win32_1.5.0.202011040924/tools/bin/../lib/gcc/arm-none-eabi/7.3.1/../../../../arm-none-eabi/lib/thumb/v7-m\libc_nano.a(lib_a-mlock.o)
                0x0000000008003fd8                __malloc_lock
 .text.__malloc_unlock
                0x0000000008003fda        0x2 d:/stm32cubeide_1.5.0/stm32cubeide/plugins/com.st.stm32cube.ide.mcu.externaltools.gnu-tools-for-stm32.7-2018-q2-update.win32_1.5.0.202011040924/tools/bin/../lib/gcc/arm-none-eabi/7.3.1/../../../../arm-none-eabi/lib/thumb/v7-m\libc_nano.a(lib_a-mlock.o)
                0x0000000008003fda                __malloc_unlock
 .text._malloc_usable_size_r
                0x0000000008003fdc       0x10 d:/stm32cubeide_1.5.0/stm32cubeide/plugins/com.st.stm32cube.ide.mcu.externaltools.gnu-tools-for-stm32.7-2018-q2-update.win32_1.5.0.202011040924/tools/bin/../lib/gcc/arm-none-eabi/7.3.1/../../../../arm-none-eabi/lib/thumb/v7-m\libc_nano.a(lib_a-nano-msizer.o)
                0x0000000008003fdc                _malloc_usable_size_r
 *(.glue_7)
 .glue_7        0x0000000008003fec        0x0 linker stubs
 *(.glue_7t)
 .glue_7t       0x0000000008003fec        0x0 linker stubs
 *(.eh_frame)
 .eh_frame      0x0000000008003fec        0x0 d:/stm32cubeide_1.5.0/stm32cubeide/plugins/com.st.stm32cube.ide.mcu.externaltools.gnu-tools-for-stm32.7-2018-q2-update.win32_1.5.0.202011040924/tools/bin/../lib/gcc/arm-none-eabi/7.3.1/thumb/v7-m/crtbegin.o
 *(.init)
 .init          0x0000000008003fec        0x4 d:/stm32cubeide_1.5.0/stm32cubeide/plugins/com.st.stm32cube.ide.mcu.externaltools.gnu-tools-for-stm32.7-2018-q2-update.win32_1.5.0.202011040924/tools/bin/../lib/gcc/arm-none-eabi/7.3.1/thumb/v7-m/crti.o
                0x0000000008003fec                _init
 .init          0x0000000008003ff0        0x8 d:/stm32cubeide_1.5.0/stm32cubeide/plugins/com.st.stm32cube.ide.mcu.externaltools.gnu-tools-for-stm32.7-2018-q2-update.win32_1.5.0.202011040924/tools/bin/../lib/gcc/arm-none-eabi/7.3.1/thumb/v7-m/crtn.o
 *(.fini)
 .fini          0x0000000008003ff8        0x4 d:/stm32cubeide_1.5.0/stm32cubeide/plugins/com.st.stm32cube.ide.mcu.externaltools.gnu-tools-for-stm32.7-2018-q2-update.win32_1.5.0.202011040924/tools/bin/../lib/gcc/arm-none-eabi/7.3.1/thumb/v7-m/crti.o
                0x0000000008003ff8                _fini
 .fini          0x0000000008003ffc        0x8 d:/stm32cubeide_1.5.0/stm32cubeide/plugins/com.st.stm32cube.ide.mcu.externaltools.gnu-tools-for-stm32.7-2018-q2-update.win32_1.5.0.202011040924/tools/bin/../lib/gcc/arm-none-eabi/7.3.1/thumb/v7-m/crtn.o
                0x0000000008004004                . = ALIGN (0x4)
                0x0000000008004004                _etext = .

.vfp11_veneer   0x0000000008004004        0x0
 .vfp11_veneer  0x0000000008004004        0x0 linker stubs

.v4_bx          0x0000000008004004        0x0
 .v4_bx         0x0000000008004004        0x0 linker stubs

.iplt           0x0000000008004004        0x0
 .iplt          0x0000000008004004        0x0 d:/stm32cubeide_1.5.0/stm32cubeide/plugins/com.st.stm32cube.ide.mcu.externaltools.gnu-tools-for-stm32.7-2018-q2-update.win32_1.5.0.202011040924/tools/bin/../lib/gcc/arm-none-eabi/7.3.1/thumb/v7-m/crtbegin.o

.rodata         0x0000000008004004      0xec0
                0x0000000008004004                . = ALIGN (0x4)
 *(.rodata)
 .rodata        0x0000000008004004      0x102 Core/Src/ds3231.o
 *fill*         0x0000000008004106        0x2 
 .rodata        0x0000000008004108       0x12 Drivers/STM32F1xx_HAL_Driver/Src/stm32f1xx_hal_rcc.o
 *(.rodata*)
 *fill*         0x000000000800411a        0x2 
 .rodata.Font11x18
                0x000000000800411c      0xd5c Core/Src/ssd1306_fonts.o
 .rodata.AHBPrescTable
                0x0000000008004e78       0x10 Core/Src/system_stm32f1xx.o
                0x0000000008004e78                AHBPrescTable
 .rodata.APBPrescTable
                0x0000000008004e88        0x8 Core/Src/system_stm32f1xx.o
                0x0000000008004e88                APBPrescTable
 .rodata._svfprintf_r.str1.1
                0x0000000008004e90       0x11 d:/stm32cubeide_1.5.0/stm32cubeide/plugins/com.st.stm32cube.ide.mcu.externaltools.gnu-tools-for-stm32.7-2018-q2-update.win32_1.5.0.202011040924/tools/bin/../lib/gcc/arm-none-eabi/7.3.1/../../../../arm-none-eabi/lib/thumb/v7-m\libc_nano.a(lib_a-nano-svfprintf.o)
 .rodata._printf_i.str1.1
                0x0000000008004ea1       0x22 d:/stm32cubeide_1.5.0/stm32cubeide/plugins/com.st.stm32cube.ide.mcu.externaltools.gnu-tools-for-stm32.7-2018-q2-update.win32_1.5.0.202011040924/tools/bin/../lib/gcc/arm-none-eabi/7.3.1/../../../../arm-none-eabi/lib/thumb/v7-m\libc_nano.a(lib_a-nano-vfprintf_i.o)
                0x0000000008004ec4                . = ALIGN (0x4)
 *fill*         0x0000000008004ec3        0x1 

.rel.dyn        0x0000000008004ec4        0x0
 .rel.iplt      0x0000000008004ec4        0x0 d:/stm32cubeide_1.5.0/stm32cubeide/plugins/com.st.stm32cube.ide.mcu.externaltools.gnu-tools-for-stm32.7-2018-q2-update.win32_1.5.0.202011040924/tools/bin/../lib/gcc/arm-none-eabi/7.3.1/thumb/v7-m/crtbegin.o

.ARM.extab      0x0000000008004ec4        0x0
                0x0000000008004ec4                . = ALIGN (0x4)
 *(.ARM.extab* .gnu.linkonce.armextab.*)
                0x0000000008004ec4                . = ALIGN (0x4)

.ARM            0x0000000008004ec4        0x0
                0x0000000008004ec4                . = ALIGN (0x4)
                0x0000000008004ec4                __exidx_start = .
 *(.ARM.exidx*)
                0x0000000008004ec4                __exidx_end = .
                0x0000000008004ec4                . = ALIGN (0x4)

.preinit_array  0x0000000008004ec4        0x0
                0x0000000008004ec4                . = ALIGN (0x4)
                0x0000000008004ec4                PROVIDE (__preinit_array_start = .)
 *(.preinit_array*)
                0x0000000008004ec4                PROVIDE (__preinit_array_end = .)
                0x0000000008004ec4                . = ALIGN (0x4)

.init_array     0x0000000008004ec4        0x4
                0x0000000008004ec4                . = ALIGN (0x4)
                0x0000000008004ec4                PROVIDE (__init_array_start = .)
 *(SORT_BY_NAME(.init_array.*))
 *(.init_array*)
 .init_array    0x0000000008004ec4        0x4 d:/stm32cubeide_1.5.0/stm32cubeide/plugins/com.st.stm32cube.ide.mcu.externaltools.gnu-tools-for-stm32.7-2018-q2-update.win32_1.5.0.202011040924/tools/bin/../lib/gcc/arm-none-eabi/7.3.1/thumb/v7-m/crtbegin.o
                0x0000000008004ec8                PROVIDE (__init_array_end = .)
                0x0000000008004ec8                . = ALIGN (0x4)

.fini_array     0x0000000008004ec8        0x4
                0x0000000008004ec8                . = ALIGN (0x4)
                [!provide]                        PROVIDE (__fini_array_start = .)
 *(SORT_BY_NAME(.fini_array.*))
 *(.fini_array*)
 .fini_array    0x0000000008004ec8        0x4 d:/stm32cubeide_1.5.0/stm32cubeide/plugins/com.st.stm32cube.ide.mcu.externaltools.gnu-tools-for-stm32.7-2018-q2-update.win32_1.5.0.202011040924/tools/bin/../lib/gcc/arm-none-eabi/7.3.1/thumb/v7-m/crtbegin.o
                [!provide]                        PROVIDE (__fini_array_end = .)
                0x0000000008004ecc                . = ALIGN (0x4)
                0x0000000008004ecc                _sidata = LOADADDR (.data)

.data           0x0000000020000000       0x78 load address 0x0000000008004ecc
                0x0000000020000000                . = ALIGN (0x4)
                0x0000000020000000                _sdata = .
 *(.data)
 *(.data*)
 .data.Font_11x18
                0x0000000020000000        0x8 Core/Src/ssd1306_fonts.o
                0x0000000020000000                Font_11x18
 .data.SystemCoreClock
                0x0000000020000008        0x4 Core/Src/system_stm32f1xx.o
                0x0000000020000008                SystemCoreClock
 .data.uwTickPrio
                0x000000002000000c        0x4 Drivers/STM32F1xx_HAL_Driver/Src/stm32f1xx_hal.o
                0x000000002000000c                uwTickPrio
 .data.uwTickFreq
                0x0000000020000010        0x1 Drivers/STM32F1xx_HAL_Driver/Src/stm32f1xx_hal.o
                0x0000000020000010                uwTickFreq
 *fill*         0x0000000020000011        0x3 
 .data._impure_ptr
                0x0000000020000014        0x4 d:/stm32cubeide_1.5.0/stm32cubeide/plugins/com.st.stm32cube.ide.mcu.externaltools.gnu-tools-for-stm32.7-2018-q2-update.win32_1.5.0.202011040924/tools/bin/../lib/gcc/arm-none-eabi/7.3.1/../../../../arm-none-eabi/lib/thumb/v7-m\libc_nano.a(lib_a-impure.o)
                0x0000000020000014                _impure_ptr
 .data.impure_data
                0x0000000020000018       0x60 d:/stm32cubeide_1.5.0/stm32cubeide/plugins/com.st.stm32cube.ide.mcu.externaltools.gnu-tools-for-stm32.7-2018-q2-update.win32_1.5.0.202011040924/tools/bin/../lib/gcc/arm-none-eabi/7.3.1/../../../../arm-none-eabi/lib/thumb/v7-m\libc_nano.a(lib_a-impure.o)
 *(.RamFunc)
 *(.RamFunc*)
                0x0000000020000078                . = ALIGN (0x4)
                0x0000000020000078                _edata = .

.igot.plt       0x0000000020000078        0x0 load address 0x0000000008004f44
 .igot.plt      0x0000000020000078        0x0 d:/stm32cubeide_1.5.0/stm32cubeide/plugins/com.st.stm32cube.ide.mcu.externaltools.gnu-tools-for-stm32.7-2018-q2-update.win32_1.5.0.202011040924/tools/bin/../lib/gcc/arm-none-eabi/7.3.1/thumb/v7-m/crtbegin.o
                0x0000000020000078                . = ALIGN (0x4)

.bss            0x0000000020000078      0x5a4 load address 0x0000000008004f44
                0x0000000020000078                _sbss = .
                0x0000000020000078                __bss_start__ = _sbss
 *(.bss)
 .bss           0x0000000020000078       0x1c d:/stm32cubeide_1.5.0/stm32cubeide/plugins/com.st.stm32cube.ide.mcu.externaltools.gnu-tools-for-stm32.7-2018-q2-update.win32_1.5.0.202011040924/tools/bin/../lib/gcc/arm-none-eabi/7.3.1/thumb/v7-m/crtbegin.o
 *(.bss*)
 .bss.SSD1306_Buffer
                0x0000000020000094      0x400 Core/Src/ssd1306.o
 .bss.SSD1306   0x0000000020000494        0x8 Core/Src/ssd1306.o
 .bss.__sbrk_heap_end
                0x000000002000049c        0x4 Core/Src/sysmem.o
 .bss.__malloc_free_list
                0x00000000200004a0        0x4 d:/stm32cubeide_1.5.0/stm32cubeide/plugins/com.st.stm32cube.ide.mcu.externaltools.gnu-tools-for-stm32.7-2018-q2-update.win32_1.5.0.202011040924/tools/bin/../lib/gcc/arm-none-eabi/7.3.1/../../../../arm-none-eabi/lib/thumb/v7-m\libc_nano.a(lib_a-nano-mallocr.o)
                0x00000000200004a0                __malloc_free_list
 .bss.__malloc_sbrk_start
                0x00000000200004a4        0x4 d:/stm32cubeide_1.5.0/stm32cubeide/plugins/com.st.stm32cube.ide.mcu.externaltools.gnu-tools-for-stm32.7-2018-q2-update.win32_1.5.0.202011040924/tools/bin/../lib/gcc/arm-none-eabi/7.3.1/../../../../arm-none-eabi/lib/thumb/v7-m\libc_nano.a(lib_a-nano-mallocr.o)
                0x00000000200004a4                __malloc_sbrk_start
 *(COMMON)
 COMMON         0x00000000200004a8       0x88 Core/Src/ds3231.o
                0x00000000200004a8                lcd
                0x00000000200004ab                timer_durum
                0x00000000200004ac                saniye
                0x00000000200004c0                dakika
                0x00000000200004d4                string
                0x00000000200004e8                deneme
                0x00000000200004fc                ds3231_cfg
                0x0000000020000504                saat
                0x0000000020000518                zaman
                0x000000002000051f                tire
                0x0000000020000520                sistem_zamani
                0x000000002000052c                buton_deneme
 COMMON         0x0000000020000530       0xe4 Core/Src/main.o
                0x0000000020000530                hi2c1
                0x0000000020000584                htim1
                0x00000000200005cc                htim2
 COMMON         0x0000000020000614        0x4 Drivers/STM32F1xx_HAL_Driver/Src/stm32f1xx_hal.o
                0x0000000020000614                uwTick
 COMMON         0x0000000020000618        0x4 d:/stm32cubeide_1.5.0/stm32cubeide/plugins/com.st.stm32cube.ide.mcu.externaltools.gnu-tools-for-stm32.7-2018-q2-update.win32_1.5.0.202011040924/tools/bin/../lib/gcc/arm-none-eabi/7.3.1/../../../../arm-none-eabi/lib/thumb/v7-m\libc_nano.a(lib_a-reent.o)
                0x0000000020000618                errno
                0x000000002000061c                . = ALIGN (0x4)
                0x000000002000061c                _ebss = .
                0x000000002000061c                __bss_end__ = _ebss

._user_heap_stack
                0x000000002000061c      0x604 load address 0x0000000008004f44
                0x0000000020000620                . = ALIGN (0x8)
 *fill*         0x000000002000061c        0x4 
                [!provide]                        PROVIDE (end = .)
                0x0000000020000620                PROVIDE (_end = .)
                0x0000000020000820                . = (. + _Min_Heap_Size)
 *fill*         0x0000000020000620      0x200 
                0x0000000020000c20                . = (. + _Min_Stack_Size)
 *fill*         0x0000000020000820      0x400 
                0x0000000020000c20                . = ALIGN (0x8)

/DISCARD/
 libc.a(*)
 libm.a(*)
 libgcc.a(*)

.ARM.attributes
                0x0000000000000000       0x29
 *(.ARM.attributes)
 .ARM.attributes
                0x0000000000000000       0x1d d:/stm32cubeide_1.5.0/stm32cubeide/plugins/com.st.stm32cube.ide.mcu.externaltools.gnu-tools-for-stm32.7-2018-q2-update.win32_1.5.0.202011040924/tools/bin/../lib/gcc/arm-none-eabi/7.3.1/thumb/v7-m/crti.o
 .ARM.attributes
                0x000000000000001d       0x2d d:/stm32cubeide_1.5.0/stm32cubeide/plugins/com.st.stm32cube.ide.mcu.externaltools.gnu-tools-for-stm32.7-2018-q2-update.win32_1.5.0.202011040924/tools/bin/../lib/gcc/arm-none-eabi/7.3.1/thumb/v7-m/crtbegin.o
 .ARM.attributes
                0x000000000000004a       0x33 Core/Src/ds3231.o
 .ARM.attributes
                0x000000000000007d       0x33 Core/Src/main.o
 .ARM.attributes
                0x00000000000000b0       0x33 Core/Src/ssd1306.o
 .ARM.attributes
                0x00000000000000e3       0x33 Core/Src/ssd1306_fonts.o
 .ARM.attributes
                0x0000000000000116       0x33 Core/Src/stm32f1xx_hal_msp.o
 .ARM.attributes
                0x0000000000000149       0x33 Core/Src/stm32f1xx_it.o
 .ARM.attributes
                0x000000000000017c       0x33 Core/Src/sysmem.o
 .ARM.attributes
                0x00000000000001af       0x33 Core/Src/system_stm32f1xx.o
 .ARM.attributes
                0x00000000000001e2       0x21 Core/Startup/startup_stm32f103c8tx.o
 .ARM.attributes
                0x0000000000000203       0x33 Drivers/STM32F1xx_HAL_Driver/Src/stm32f1xx_hal.o
 .ARM.attributes
                0x0000000000000236       0x33 Drivers/STM32F1xx_HAL_Driver/Src/stm32f1xx_hal_cortex.o
 .ARM.attributes
                0x0000000000000269       0x33 Drivers/STM32F1xx_HAL_Driver/Src/stm32f1xx_hal_gpio.o
 .ARM.attributes
                0x000000000000029c       0x33 Drivers/STM32F1xx_HAL_Driver/Src/stm32f1xx_hal_i2c.o
 .ARM.attributes
                0x00000000000002cf       0x33 Drivers/STM32F1xx_HAL_Driver/Src/stm32f1xx_hal_rcc.o
 .ARM.attributes
                0x0000000000000302       0x33 Drivers/STM32F1xx_HAL_Driver/Src/stm32f1xx_hal_tim.o
 .ARM.attributes
                0x0000000000000335       0x33 Drivers/STM32F1xx_HAL_Driver/Src/stm32f1xx_hal_tim_ex.o
 .ARM.attributes
                0x0000000000000368       0x2d d:/stm32cubeide_1.5.0/stm32cubeide/plugins/com.st.stm32cube.ide.mcu.externaltools.gnu-tools-for-stm32.7-2018-q2-update.win32_1.5.0.202011040924/tools/bin/../lib/gcc/arm-none-eabi/7.3.1/../../../../arm-none-eabi/lib/thumb/v7-m\libc_nano.a(lib_a-errno.o)
 .ARM.attributes
                0x0000000000000395       0x2d d:/stm32cubeide_1.5.0/stm32cubeide/plugins/com.st.stm32cube.ide.mcu.externaltools.gnu-tools-for-stm32.7-2018-q2-update.win32_1.5.0.202011040924/tools/bin/../lib/gcc/arm-none-eabi/7.3.1/../../../../arm-none-eabi/lib/thumb/v7-m\libc_nano.a(lib_a-impure.o)
 .ARM.attributes
                0x00000000000003c2       0x2d d:/stm32cubeide_1.5.0/stm32cubeide/plugins/com.st.stm32cube.ide.mcu.externaltools.gnu-tools-for-stm32.7-2018-q2-update.win32_1.5.0.202011040924/tools/bin/../lib/gcc/arm-none-eabi/7.3.1/../../../../arm-none-eabi/lib/thumb/v7-m\libc_nano.a(lib_a-init.o)
 .ARM.attributes
                0x00000000000003ef       0x2d d:/stm32cubeide_1.5.0/stm32cubeide/plugins/com.st.stm32cube.ide.mcu.externaltools.gnu-tools-for-stm32.7-2018-q2-update.win32_1.5.0.202011040924/tools/bin/../lib/gcc/arm-none-eabi/7.3.1/../../../../arm-none-eabi/lib/thumb/v7-m\libc_nano.a(lib_a-memcpy-stub.o)
 .ARM.attributes
                0x000000000000041c       0x2d d:/stm32cubeide_1.5.0/stm32cubeide/plugins/com.st.stm32cube.ide.mcu.externaltools.gnu-tools-for-stm32.7-2018-q2-update.win32_1.5.0.202011040924/tools/bin/../lib/gcc/arm-none-eabi/7.3.1/../../../../arm-none-eabi/lib/thumb/v7-m\libc_nano.a(lib_a-memmove.o)
 .ARM.attributes
                0x0000000000000449       0x2d d:/stm32cubeide_1.5.0/stm32cubeide/plugins/com.st.stm32cube.ide.mcu.externaltools.gnu-tools-for-stm32.7-2018-q2-update.win32_1.5.0.202011040924/tools/bin/../lib/gcc/arm-none-eabi/7.3.1/../../../../arm-none-eabi/lib/thumb/v7-m\libc_nano.a(lib_a-memset.o)
 .ARM.attributes
                0x0000000000000476       0x2d d:/stm32cubeide_1.5.0/stm32cubeide/plugins/com.st.stm32cube.ide.mcu.externaltools.gnu-tools-for-stm32.7-2018-q2-update.win32_1.5.0.202011040924/tools/bin/../lib/gcc/arm-none-eabi/7.3.1/../../../../arm-none-eabi/lib/thumb/v7-m\libc_nano.a(lib_a-sprintf.o)
 .ARM.attributes
                0x00000000000004a3       0x2d d:/stm32cubeide_1.5.0/stm32cubeide/plugins/com.st.stm32cube.ide.mcu.externaltools.gnu-tools-for-stm32.7-2018-q2-update.win32_1.5.0.202011040924/tools/bin/../lib/gcc/arm-none-eabi/7.3.1/../../../../arm-none-eabi/lib/thumb/v7-m\libc_nano.a(lib_a-nano-svfprintf.o)
 .ARM.attributes
                0x00000000000004d0       0x2d d:/stm32cubeide_1.5.0/stm32cubeide/plugins/com.st.stm32cube.ide.mcu.externaltools.gnu-tools-for-stm32.7-2018-q2-update.win32_1.5.0.202011040924/tools/bin/../lib/gcc/arm-none-eabi/7.3.1/../../../../arm-none-eabi/lib/thumb/v7-m\libc_nano.a(lib_a-nano-vfprintf_i.o)
 .ARM.attributes
                0x00000000000004fd       0x2d d:/stm32cubeide_1.5.0/stm32cubeide/plugins/com.st.stm32cube.ide.mcu.externaltools.gnu-tools-for-stm32.7-2018-q2-update.win32_1.5.0.202011040924/tools/bin/../lib/gcc/arm-none-eabi/7.3.1/../../../../arm-none-eabi/lib/thumb/v7-m\libc_nano.a(lib_a-memchr-stub.o)
 .ARM.attributes
                0x000000000000052a       0x2d d:/stm32cubeide_1.5.0/stm32cubeide/plugins/com.st.stm32cube.ide.mcu.externaltools.gnu-tools-for-stm32.7-2018-q2-update.win32_1.5.0.202011040924/tools/bin/../lib/gcc/arm-none-eabi/7.3.1/../../../../arm-none-eabi/lib/thumb/v7-m\libc_nano.a(lib_a-nano-freer.o)
 .ARM.attributes
                0x0000000000000557       0x2d d:/stm32cubeide_1.5.0/stm32cubeide/plugins/com.st.stm32cube.ide.mcu.externaltools.gnu-tools-for-stm32.7-2018-q2-update.win32_1.5.0.202011040924/tools/bin/../lib/gcc/arm-none-eabi/7.3.1/../../../../arm-none-eabi/lib/thumb/v7-m\libc_nano.a(lib_a-nano-mallocr.o)
 .ARM.attributes
                0x0000000000000584       0x2d d:/stm32cubeide_1.5.0/stm32cubeide/plugins/com.st.stm32cube.ide.mcu.externaltools.gnu-tools-for-stm32.7-2018-q2-update.win32_1.5.0.202011040924/tools/bin/../lib/gcc/arm-none-eabi/7.3.1/../../../../arm-none-eabi/lib/thumb/v7-m\libc_nano.a(lib_a-nano-reallocr.o)
 .ARM.attributes
                0x00000000000005b1       0x2d d:/stm32cubeide_1.5.0/stm32cubeide/plugins/com.st.stm32cube.ide.mcu.externaltools.gnu-tools-for-stm32.7-2018-q2-update.win32_1.5.0.202011040924/tools/bin/../lib/gcc/arm-none-eabi/7.3.1/../../../../arm-none-eabi/lib/thumb/v7-m\libc_nano.a(lib_a-sbrkr.o)
 .ARM.attributes
                0x00000000000005de       0x2d d:/stm32cubeide_1.5.0/stm32cubeide/plugins/com.st.stm32cube.ide.mcu.externaltools.gnu-tools-for-stm32.7-2018-q2-update.win32_1.5.0.202011040924/tools/bin/../lib/gcc/arm-none-eabi/7.3.1/../../../../arm-none-eabi/lib/thumb/v7-m\libc_nano.a(lib_a-mlock.o)
 .ARM.attributes
                0x000000000000060b       0x2d d:/stm32cubeide_1.5.0/stm32cubeide/plugins/com.st.stm32cube.ide.mcu.externaltools.gnu-tools-for-stm32.7-2018-q2-update.win32_1.5.0.202011040924/tools/bin/../lib/gcc/arm-none-eabi/7.3.1/../../../../arm-none-eabi/lib/thumb/v7-m\libc_nano.a(lib_a-nano-msizer.o)
 .ARM.attributes
                0x0000000000000638       0x2d d:/stm32cubeide_1.5.0/stm32cubeide/plugins/com.st.stm32cube.ide.mcu.externaltools.gnu-tools-for-stm32.7-2018-q2-update.win32_1.5.0.202011040924/tools/bin/../lib/gcc/arm-none-eabi/7.3.1/../../../../arm-none-eabi/lib/thumb/v7-m\libc_nano.a(lib_a-reent.o)
 .ARM.attributes
                0x0000000000000665       0x1d d:/stm32cubeide_1.5.0/stm32cubeide/plugins/com.st.stm32cube.ide.mcu.externaltools.gnu-tools-for-stm32.7-2018-q2-update.win32_1.5.0.202011040924/tools/bin/../lib/gcc/arm-none-eabi/7.3.1/thumb/v7-m/crtn.o
OUTPUT(smart_watch_v_01.elf elf32-littlearm)

.debug_info     0x0000000000000000     0xeb89
 .debug_info    0x0000000000000000     0x132b Core/Src/ds3231.o
 .debug_info    0x000000000000132b     0x1a77 Core/Src/main.o
 .debug_info    0x0000000000002da2     0x160d Core/Src/ssd1306.o
 .debug_info    0x00000000000043af      0x1dd Core/Src/ssd1306_fonts.o
 .debug_info    0x000000000000458c      0xd9b Core/Src/stm32f1xx_hal_msp.o
 .debug_info    0x0000000000005327      0xa5f Core/Src/stm32f1xx_it.o
 .debug_info    0x0000000000005d86      0x985 Core/Src/sysmem.o
 .debug_info    0x000000000000670b      0x29a Core/Src/system_stm32f1xx.o
 .debug_info    0x00000000000069a5       0x22 Core/Startup/startup_stm32f103c8tx.o
 .debug_info    0x00000000000069c7      0x714 Drivers/STM32F1xx_HAL_Driver/Src/stm32f1xx_hal.o
 .debug_info    0x00000000000070db      0xb51 Drivers/STM32F1xx_HAL_Driver/Src/stm32f1xx_hal_cortex.o
 .debug_info    0x0000000000007c2c      0x69b Drivers/STM32F1xx_HAL_Driver/Src/stm32f1xx_hal_gpio.o
 .debug_info    0x00000000000082c7     0x2555 Drivers/STM32F1xx_HAL_Driver/Src/stm32f1xx_hal_i2c.o
 .debug_info    0x000000000000a81c      0x80f Drivers/STM32F1xx_HAL_Driver/Src/stm32f1xx_hal_rcc.o
 .debug_info    0x000000000000b02b     0x27ef Drivers/STM32F1xx_HAL_Driver/Src/stm32f1xx_hal_tim.o
 .debug_info    0x000000000000d81a     0x136f Drivers/STM32F1xx_HAL_Driver/Src/stm32f1xx_hal_tim_ex.o

.debug_abbrev   0x0000000000000000     0x1e9e
 .debug_abbrev  0x0000000000000000      0x23b Core/Src/ds3231.o
 .debug_abbrev  0x000000000000023b      0x2e0 Core/Src/main.o
 .debug_abbrev  0x000000000000051b      0x34c Core/Src/ssd1306.o
 .debug_abbrev  0x0000000000000867       0xb0 Core/Src/ssd1306_fonts.o
 .debug_abbrev  0x0000000000000917      0x1a6 Core/Src/stm32f1xx_hal_msp.o
 .debug_abbrev  0x0000000000000abd      0x1a3 Core/Src/stm32f1xx_it.o
 .debug_abbrev  0x0000000000000c60      0x19b Core/Src/sysmem.o
 .debug_abbrev  0x0000000000000dfb      0x134 Core/Src/system_stm32f1xx.o
 .debug_abbrev  0x0000000000000f2f       0x12 Core/Startup/startup_stm32f103c8tx.o
 .debug_abbrev  0x0000000000000f41      0x1c7 Drivers/STM32F1xx_HAL_Driver/Src/stm32f1xx_hal.o
 .debug_abbrev  0x0000000000001108      0x2d5 Drivers/STM32F1xx_HAL_Driver/Src/stm32f1xx_hal_cortex.o
 .debug_abbrev  0x00000000000013dd      0x1c0 Drivers/STM32F1xx_HAL_Driver/Src/stm32f1xx_hal_gpio.o
 .debug_abbrev  0x000000000000159d      0x258 Drivers/STM32F1xx_HAL_Driver/Src/stm32f1xx_hal_i2c.o
 .debug_abbrev  0x00000000000017f5      0x243 Drivers/STM32F1xx_HAL_Driver/Src/stm32f1xx_hal_rcc.o
 .debug_abbrev  0x0000000000001a38      0x230 Drivers/STM32F1xx_HAL_Driver/Src/stm32f1xx_hal_tim.o
 .debug_abbrev  0x0000000000001c68      0x236 Drivers/STM32F1xx_HAL_Driver/Src/stm32f1xx_hal_tim_ex.o

.debug_aranges  0x0000000000000000      0xd88
 .debug_aranges
                0x0000000000000000       0x70 Core/Src/ds3231.o
 .debug_aranges
                0x0000000000000070       0x58 Core/Src/main.o
 .debug_aranges
                0x00000000000000c8       0xc0 Core/Src/ssd1306.o
 .debug_aranges
                0x0000000000000188       0x18 Core/Src/ssd1306_fonts.o
 .debug_aranges
                0x00000000000001a0       0x40 Core/Src/stm32f1xx_hal_msp.o
 .debug_aranges
                0x00000000000001e0       0x98 Core/Src/stm32f1xx_it.o
 .debug_aranges
                0x0000000000000278       0x20 Core/Src/sysmem.o
 .debug_aranges
                0x0000000000000298       0x28 Core/Src/system_stm32f1xx.o
 .debug_aranges
                0x00000000000002c0       0x28 Core/Startup/startup_stm32f103c8tx.o
 .debug_aranges
                0x00000000000002e8       0xe0 Drivers/STM32F1xx_HAL_Driver/Src/stm32f1xx_hal.o
 .debug_aranges
                0x00000000000003c8      0x100 Drivers/STM32F1xx_HAL_Driver/Src/stm32f1xx_hal_cortex.o
 .debug_aranges
                0x00000000000004c8       0x58 Drivers/STM32F1xx_HAL_Driver/Src/stm32f1xx_hal_gpio.o
 .debug_aranges
                0x0000000000000520      0x2a0 Drivers/STM32F1xx_HAL_Driver/Src/stm32f1xx_hal_i2c.o
 .debug_aranges
                0x00000000000007c0       0x90 Drivers/STM32F1xx_HAL_Driver/Src/stm32f1xx_hal_rcc.o
 .debug_aranges
                0x0000000000000850      0x3d0 Drivers/STM32F1xx_HAL_Driver/Src/stm32f1xx_hal_tim.o
 .debug_aranges
                0x0000000000000c20      0x168 Drivers/STM32F1xx_HAL_Driver/Src/stm32f1xx_hal_tim_ex.o

.debug_ranges   0x0000000000000000      0xcb0
 .debug_ranges  0x0000000000000000       0x60 Core/Src/ds3231.o
 .debug_ranges  0x0000000000000060       0x48 Core/Src/main.o
 .debug_ranges  0x00000000000000a8       0xb0 Core/Src/ssd1306.o
 .debug_ranges  0x0000000000000158       0x30 Core/Src/stm32f1xx_hal_msp.o
 .debug_ranges  0x0000000000000188       0x88 Core/Src/stm32f1xx_it.o
 .debug_ranges  0x0000000000000210       0x10 Core/Src/sysmem.o
 .debug_ranges  0x0000000000000220       0x18 Core/Src/system_stm32f1xx.o
 .debug_ranges  0x0000000000000238       0x20 Core/Startup/startup_stm32f103c8tx.o
 .debug_ranges  0x0000000000000258       0xd0 Drivers/STM32F1xx_HAL_Driver/Src/stm32f1xx_hal.o
 .debug_ranges  0x0000000000000328       0xf0 Drivers/STM32F1xx_HAL_Driver/Src/stm32f1xx_hal_cortex.o
 .debug_ranges  0x0000000000000418       0x48 Drivers/STM32F1xx_HAL_Driver/Src/stm32f1xx_hal_gpio.o
 .debug_ranges  0x0000000000000460      0x2b8 Drivers/STM32F1xx_HAL_Driver/Src/stm32f1xx_hal_i2c.o
 .debug_ranges  0x0000000000000718       0x80 Drivers/STM32F1xx_HAL_Driver/Src/stm32f1xx_hal_rcc.o
 .debug_ranges  0x0000000000000798      0x3c0 Drivers/STM32F1xx_HAL_Driver/Src/stm32f1xx_hal_tim.o
 .debug_ranges  0x0000000000000b58      0x158 Drivers/STM32F1xx_HAL_Driver/Src/stm32f1xx_hal_tim_ex.o

.debug_macro    0x0000000000000000    0x18414
 .debug_macro   0x0000000000000000      0x332 Core/Src/ds3231.o
 .debug_macro   0x0000000000000332      0xa5a Core/Src/ds3231.o
 .debug_macro   0x0000000000000d8c      0x21b Core/Src/ds3231.o
 .debug_macro   0x0000000000000fa7       0x2e Core/Src/ds3231.o
 .debug_macro   0x0000000000000fd5       0x22 Core/Src/ds3231.o
 .debug_macro   0x0000000000000ff7       0x22 Core/Src/ds3231.o
 .debug_macro   0x0000000000001019       0x8e Core/Src/ds3231.o
 .debug_macro   0x00000000000010a7       0x51 Core/Src/ds3231.o
 .debug_macro   0x00000000000010f8       0xef Core/Src/ds3231.o
 .debug_macro   0x00000000000011e7       0x6a Core/Src/ds3231.o
 .debug_macro   0x0000000000001251      0x1df Core/Src/ds3231.o
 .debug_macro   0x0000000000001430       0x1c Core/Src/ds3231.o
 .debug_macro   0x000000000000144c       0x22 Core/Src/ds3231.o
 .debug_macro   0x000000000000146e       0xc3 Core/Src/ds3231.o
 .debug_macro   0x0000000000001531      0xd23 Core/Src/ds3231.o
 .debug_macro   0x0000000000002254     0xe097 Core/Src/ds3231.o
 .debug_macro   0x00000000000102eb       0x43 Core/Src/ds3231.o
 .debug_macro   0x000000000001032e     0x3468 Core/Src/ds3231.o
 .debug_macro   0x0000000000013796      0x174 Core/Src/ds3231.o
 .debug_macro   0x000000000001390a       0x5c Core/Src/ds3231.o
 .debug_macro   0x0000000000013966      0x5be Core/Src/ds3231.o
 .debug_macro   0x0000000000013f24      0x289 Core/Src/ds3231.o
 .debug_macro   0x00000000000141ad      0x1cb Core/Src/ds3231.o
 .debug_macro   0x0000000000014378      0x114 Core/Src/ds3231.o
 .debug_macro   0x000000000001448c      0x1b2 Core/Src/ds3231.o
 .debug_macro   0x000000000001463e       0x27 Core/Src/ds3231.o
 .debug_macro   0x0000000000014665      0x136 Core/Src/ds3231.o
 .debug_macro   0x000000000001479b      0x1bc Core/Src/ds3231.o
 .debug_macro   0x0000000000014957       0x34 Core/Src/ds3231.o
 .debug_macro   0x000000000001498b       0x3c Core/Src/ds3231.o
 .debug_macro   0x00000000000149c7       0x57 Core/Src/ds3231.o
 .debug_macro   0x0000000000014a1e       0x88 Core/Src/ds3231.o
 .debug_macro   0x0000000000014aa6      0x241 Core/Src/ds3231.o
 .debug_macro   0x0000000000014ce7      0x287 Core/Src/ds3231.o
 .debug_macro   0x0000000000014f6e      0x141 Core/Src/ds3231.o
 .debug_macro   0x00000000000150af      0x8d1 Core/Src/ds3231.o
 .debug_macro   0x0000000000015980       0x83 Core/Src/ds3231.o
 .debug_macro   0x0000000000015a03       0x58 Core/Src/ds3231.o
 .debug_macro   0x0000000000015a5b       0x46 Core/Src/ds3231.o
 .debug_macro   0x0000000000015aa1       0x18 Core/Src/ds3231.o
 .debug_macro   0x0000000000015ab9       0x3c Core/Src/ds3231.o
 .debug_macro   0x0000000000015af5       0x34 Core/Src/ds3231.o
 .debug_macro   0x0000000000015b29       0x3a Core/Src/ds3231.o
 .debug_macro   0x0000000000015b63       0x40 Core/Src/ds3231.o
 .debug_macro   0x0000000000015ba3       0x16 Core/Src/ds3231.o
 .debug_macro   0x0000000000015bb9       0x35 Core/Src/ds3231.o
 .debug_macro   0x0000000000015bee      0x32a Core/Src/ds3231.o
 .debug_macro   0x0000000000015f18       0x10 Core/Src/ds3231.o
 .debug_macro   0x0000000000015f28       0x52 Core/Src/ds3231.o
 .debug_macro   0x0000000000015f7a       0x1f Core/Src/ds3231.o
 .debug_macro   0x0000000000015f99       0x43 Core/Src/ds3231.o
 .debug_macro   0x0000000000015fdc       0x20 Core/Src/ds3231.o
 .debug_macro   0x0000000000015ffc      0x1a3 Core/Src/ds3231.o
 .debug_macro   0x000000000001619f       0x10 Core/Src/ds3231.o
 .debug_macro   0x00000000000161af       0x1c Core/Src/ds3231.o
 .debug_macro   0x00000000000161cb       0x52 Core/Src/ds3231.o
 .debug_macro   0x000000000001621d       0x40 Core/Src/ds3231.o
 .debug_macro   0x000000000001625d       0x10 Core/Src/ds3231.o
 .debug_macro   0x000000000001626d       0x40 Core/Src/ds3231.o
 .debug_macro   0x00000000000162ad       0xd7 Core/Src/ds3231.o
 .debug_macro   0x0000000000016384       0x1c Core/Src/ds3231.o
 .debug_macro   0x00000000000163a0       0x3d Core/Src/ds3231.o
 .debug_macro   0x00000000000163dd       0x16 Core/Src/ds3231.o
 .debug_macro   0x00000000000163f3      0x145 Core/Src/ds3231.o
 .debug_macro   0x0000000000016538      0x362 Core/Src/main.o
 .debug_macro   0x000000000001689a       0x16 Core/Src/main.o
 .debug_macro   0x00000000000168b0       0x20 Core/Src/main.o
 .debug_macro   0x00000000000168d0      0x2d6 Core/Src/ssd1306.o
 .debug_macro   0x0000000000016ba6       0x40 Core/Src/ssd1306.o
 .debug_macro   0x0000000000016be6       0x94 Core/Src/ssd1306.o
 .debug_macro   0x0000000000016c7a       0x57 Core/Src/ssd1306.o
 .debug_macro   0x0000000000016cd1      0x1e1 Core/Src/ssd1306.o
 .debug_macro   0x0000000000016eb2       0x16 Core/Src/ssd1306.o
 .debug_macro   0x0000000000016ec8       0x16 Core/Src/ssd1306.o
 .debug_macro   0x0000000000016ede       0x29 Core/Src/ssd1306.o
 .debug_macro   0x0000000000016f07       0x76 Core/Src/ssd1306_fonts.o
 .debug_macro   0x0000000000016f7d      0x1ad Core/Src/stm32f1xx_hal_msp.o
 .debug_macro   0x000000000001712a      0x1c0 Core/Src/stm32f1xx_it.o
 .debug_macro   0x00000000000172ea       0xee Core/Src/sysmem.o
 .debug_macro   0x00000000000173d8      0x23b Core/Src/sysmem.o
 .debug_macro   0x0000000000017613      0x1a3 Core/Src/system_stm32f1xx.o
 .debug_macro   0x00000000000177b6      0x1c7 Drivers/STM32F1xx_HAL_Driver/Src/stm32f1xx_hal.o
 .debug_macro   0x000000000001797d      0x1a3 Drivers/STM32F1xx_HAL_Driver/Src/stm32f1xx_hal_cortex.o
 .debug_macro   0x0000000000017b20      0x20e Drivers/STM32F1xx_HAL_Driver/Src/stm32f1xx_hal_gpio.o
 .debug_macro   0x0000000000017d2e      0x1ea Drivers/STM32F1xx_HAL_Driver/Src/stm32f1xx_hal_i2c.o
 .debug_macro   0x0000000000017f18      0x1b5 Drivers/STM32F1xx_HAL_Driver/Src/stm32f1xx_hal_rcc.o
 .debug_macro   0x00000000000180cd      0x1a4 Drivers/STM32F1xx_HAL_Driver/Src/stm32f1xx_hal_tim.o
 .debug_macro   0x0000000000018271      0x1a3 Drivers/STM32F1xx_HAL_Driver/Src/stm32f1xx_hal_tim_ex.o

.debug_line     0x0000000000000000     0xad74
 .debug_line    0x0000000000000000      0x9a9 Core/Src/ds3231.o
 .debug_line    0x00000000000009a9      0x9bc Core/Src/main.o
 .debug_line    0x0000000000001365      0xaf8 Core/Src/ssd1306.o
 .debug_line    0x0000000000001e5d      0x3a0 Core/Src/ssd1306_fonts.o
 .debug_line    0x00000000000021fd      0x6dc Core/Src/stm32f1xx_hal_msp.o
 .debug_line    0x00000000000028d9      0x7f1 Core/Src/stm32f1xx_it.o
 .debug_line    0x00000000000030ca      0x4b8 Core/Src/sysmem.o
 .debug_line    0x0000000000003582      0x692 Core/Src/system_stm32f1xx.o
 .debug_line    0x0000000000003c14       0x84 Core/Startup/startup_stm32f103c8tx.o
 .debug_line    0x0000000000003c98      0x845 Drivers/STM32F1xx_HAL_Driver/Src/stm32f1xx_hal.o
 .debug_line    0x00000000000044dd      0x91c Drivers/STM32F1xx_HAL_Driver/Src/stm32f1xx_hal_cortex.o
 .debug_line    0x0000000000004df9      0x841 Drivers/STM32F1xx_HAL_Driver/Src/stm32f1xx_hal_gpio.o
 .debug_line    0x000000000000563a     0x1beb Drivers/STM32F1xx_HAL_Driver/Src/stm32f1xx_hal_i2c.o
 .debug_line    0x0000000000007225      0x905 Drivers/STM32F1xx_HAL_Driver/Src/stm32f1xx_hal_rcc.o
 .debug_line    0x0000000000007b2a     0x1f9e Drivers/STM32F1xx_HAL_Driver/Src/stm32f1xx_hal_tim.o
 .debug_line    0x0000000000009ac8     0x12ac Drivers/STM32F1xx_HAL_Driver/Src/stm32f1xx_hal_tim_ex.o

.debug_str      0x0000000000000000    0x8b7da
 .debug_str     0x0000000000000000    0x87218 Core/Src/ds3231.o
                                      0x87664 (size before relaxing)
 .debug_str     0x0000000000087218      0x85e Core/Src/main.o
                                      0x87f06 (size before relaxing)
 .debug_str     0x0000000000087a76      0xc80 Core/Src/ssd1306.o
                                      0x86ef7 (size before relaxing)
 .debug_str     0x00000000000886f6       0x41 Core/Src/ssd1306_fonts.o
                                       0x3d4d (size before relaxing)
 .debug_str     0x0000000000088737       0xb2 Core/Src/stm32f1xx_hal_msp.o
                                      0x83702 (size before relaxing)
 .debug_str     0x00000000000887e9      0x104 Core/Src/stm32f1xx_it.o
                                      0x8343a (size before relaxing)
 .debug_str     0x00000000000888ed      0x4e9 Core/Src/sysmem.o
                                       0x5f3e (size before relaxing)
 .debug_str     0x0000000000088dd6       0x52 Core/Src/system_stm32f1xx.o
                                      0x82c33 (size before relaxing)
 .debug_str     0x0000000000088e28       0x36 Core/Startup/startup_stm32f103c8tx.o
                                         0x6e (size before relaxing)
 .debug_str     0x0000000000088e5e      0x304 Drivers/STM32F1xx_HAL_Driver/Src/stm32f1xx_hal.o
                                      0x832c4 (size before relaxing)
 .debug_str     0x0000000000089162      0x300 Drivers/STM32F1xx_HAL_Driver/Src/stm32f1xx_hal_cortex.o
                                      0x832cc (size before relaxing)
 .debug_str     0x0000000000089462      0x31f Drivers/STM32F1xx_HAL_Driver/Src/stm32f1xx_hal_gpio.o
                                      0x82ff7 (size before relaxing)
 .debug_str     0x0000000000089781      0xb36 Drivers/STM32F1xx_HAL_Driver/Src/stm32f1xx_hal_i2c.o
                                      0x83c6f (size before relaxing)
 .debug_str     0x000000000008a2b7      0x244 Drivers/STM32F1xx_HAL_Driver/Src/stm32f1xx_hal_rcc.o
                                      0x83030 (size before relaxing)
 .debug_str     0x000000000008a4fb      0xdc8 Drivers/STM32F1xx_HAL_Driver/Src/stm32f1xx_hal_tim.o
                                      0x84002 (size before relaxing)
 .debug_str     0x000000000008b2c3      0x517 Drivers/STM32F1xx_HAL_Driver/Src/stm32f1xx_hal_tim_ex.o
                                      0x837dc (size before relaxing)

.comment        0x0000000000000000       0x7b
 .comment       0x0000000000000000       0x7b Core/Src/ds3231.o
                                         0x7c (size before relaxing)
 .comment       0x000000000000007b       0x7c Core/Src/main.o
 .comment       0x000000000000007b       0x7c Core/Src/ssd1306.o
 .comment       0x000000000000007b       0x7c Core/Src/ssd1306_fonts.o
 .comment       0x000000000000007b       0x7c Core/Src/stm32f1xx_hal_msp.o
 .comment       0x000000000000007b       0x7c Core/Src/stm32f1xx_it.o
 .comment       0x000000000000007b       0x7c Core/Src/sysmem.o
 .comment       0x000000000000007b       0x7c Core/Src/system_stm32f1xx.o
 .comment       0x000000000000007b       0x7c Drivers/STM32F1xx_HAL_Driver/Src/stm32f1xx_hal.o
 .comment       0x000000000000007b       0x7c Drivers/STM32F1xx_HAL_Driver/Src/stm32f1xx_hal_cortex.o
 .comment       0x000000000000007b       0x7c Drivers/STM32F1xx_HAL_Driver/Src/stm32f1xx_hal_gpio.o
 .comment       0x000000000000007b       0x7c Drivers/STM32F1xx_HAL_Driver/Src/stm32f1xx_hal_i2c.o
 .comment       0x000000000000007b       0x7c Drivers/STM32F1xx_HAL_Driver/Src/stm32f1xx_hal_rcc.o
 .comment       0x000000000000007b       0x7c Drivers/STM32F1xx_HAL_Driver/Src/stm32f1xx_hal_tim.o
 .comment       0x000000000000007b       0x7c Drivers/STM32F1xx_HAL_Driver/Src/stm32f1xx_hal_tim_ex.o

.debug_frame    0x0000000000000000     0x3bac
 .debug_frame   0x0000000000000000      0x198 Core/Src/ds3231.o
 .debug_frame   0x0000000000000198      0x114 Core/Src/main.o
 .debug_frame   0x00000000000002ac      0x324 Core/Src/ssd1306.o
 .debug_frame   0x00000000000005d0       0xc8 Core/Src/stm32f1xx_hal_msp.o
 .debug_frame   0x0000000000000698      0x1c8 Core/Src/stm32f1xx_it.o
 .debug_frame   0x0000000000000860       0x34 Core/Src/sysmem.o
 .debug_frame   0x0000000000000894       0x58 Core/Src/system_stm32f1xx.o
 .debug_frame   0x00000000000008ec      0x334 Drivers/STM32F1xx_HAL_Driver/Src/stm32f1xx_hal.o
 .debug_frame   0x0000000000000c20      0x428 Drivers/STM32F1xx_HAL_Driver/Src/stm32f1xx_hal_cortex.o
 .debug_frame   0x0000000000001048      0x14c Drivers/STM32F1xx_HAL_Driver/Src/stm32f1xx_hal_gpio.o
 .debug_frame   0x0000000000001194      0xc54 Drivers/STM32F1xx_HAL_Driver/Src/stm32f1xx_hal_i2c.o
 .debug_frame   0x0000000000001de8      0x21c Drivers/STM32F1xx_HAL_Driver/Src/stm32f1xx_hal_rcc.o
 .debug_frame   0x0000000000002004     0x11b8 Drivers/STM32F1xx_HAL_Driver/Src/stm32f1xx_hal_tim.o
 .debug_frame   0x00000000000031bc      0x638 Drivers/STM32F1xx_HAL_Driver/Src/stm32f1xx_hal_tim_ex.o
 .debug_frame   0x00000000000037f4       0x20 d:/stm32cubeide_1.5.0/stm32cubeide/plugins/com.st.stm32cube.ide.mcu.externaltools.gnu-tools-for-stm32.7-2018-q2-update.win32_1.5.0.202011040924/tools/bin/../lib/gcc/arm-none-eabi/7.3.1/../../../../arm-none-eabi/lib/thumb/v7-m\libc_nano.a(lib_a-errno.o)
 .debug_frame   0x0000000000003814       0x2c d:/stm32cubeide_1.5.0/stm32cubeide/plugins/com.st.stm32cube.ide.mcu.externaltools.gnu-tools-for-stm32.7-2018-q2-update.win32_1.5.0.202011040924/tools/bin/../lib/gcc/arm-none-eabi/7.3.1/../../../../arm-none-eabi/lib/thumb/v7-m\libc_nano.a(lib_a-init.o)
 .debug_frame   0x0000000000003840       0x28 d:/stm32cubeide_1.5.0/stm32cubeide/plugins/com.st.stm32cube.ide.mcu.externaltools.gnu-tools-for-stm32.7-2018-q2-update.win32_1.5.0.202011040924/tools/bin/../lib/gcc/arm-none-eabi/7.3.1/../../../../arm-none-eabi/lib/thumb/v7-m\libc_nano.a(lib_a-memcpy-stub.o)
 .debug_frame   0x0000000000003868       0x28 d:/stm32cubeide_1.5.0/stm32cubeide/plugins/com.st.stm32cube.ide.mcu.externaltools.gnu-tools-for-stm32.7-2018-q2-update.win32_1.5.0.202011040924/tools/bin/../lib/gcc/arm-none-eabi/7.3.1/../../../../arm-none-eabi/lib/thumb/v7-m\libc_nano.a(lib_a-memmove.o)
 .debug_frame   0x0000000000003890       0x20 d:/stm32cubeide_1.5.0/stm32cubeide/plugins/com.st.stm32cube.ide.mcu.externaltools.gnu-tools-for-stm32.7-2018-q2-update.win32_1.5.0.202011040924/tools/bin/../lib/gcc/arm-none-eabi/7.3.1/../../../../arm-none-eabi/lib/thumb/v7-m\libc_nano.a(lib_a-memset.o)
 .debug_frame   0x00000000000038b0       0x6c d:/stm32cubeide_1.5.0/stm32cubeide/plugins/com.st.stm32cube.ide.mcu.externaltools.gnu-tools-for-stm32.7-2018-q2-update.win32_1.5.0.202011040924/tools/bin/../lib/gcc/arm-none-eabi/7.3.1/../../../../arm-none-eabi/lib/thumb/v7-m\libc_nano.a(lib_a-sprintf.o)
 .debug_frame   0x000000000000391c       0x90 d:/stm32cubeide_1.5.0/stm32cubeide/plugins/com.st.stm32cube.ide.mcu.externaltools.gnu-tools-for-stm32.7-2018-q2-update.win32_1.5.0.202011040924/tools/bin/../lib/gcc/arm-none-eabi/7.3.1/../../../../arm-none-eabi/lib/thumb/v7-m\libc_nano.a(lib_a-nano-svfprintf.o)
 .debug_frame   0x00000000000039ac       0x60 d:/stm32cubeide_1.5.0/stm32cubeide/plugins/com.st.stm32cube.ide.mcu.externaltools.gnu-tools-for-stm32.7-2018-q2-update.win32_1.5.0.202011040924/tools/bin/../lib/gcc/arm-none-eabi/7.3.1/../../../../arm-none-eabi/lib/thumb/v7-m\libc_nano.a(lib_a-nano-vfprintf_i.o)
 .debug_frame   0x0000000000003a0c       0x28 d:/stm32cubeide_1.5.0/stm32cubeide/plugins/com.st.stm32cube.ide.mcu.externaltools.gnu-tools-for-stm32.7-2018-q2-update.win32_1.5.0.202011040924/tools/bin/../lib/gcc/arm-none-eabi/7.3.1/../../../../arm-none-eabi/lib/thumb/v7-m\libc_nano.a(lib_a-memchr-stub.o)
 .debug_frame   0x0000000000003a34       0x38 d:/stm32cubeide_1.5.0/stm32cubeide/plugins/com.st.stm32cube.ide.mcu.externaltools.gnu-tools-for-stm32.7-2018-q2-update.win32_1.5.0.202011040924/tools/bin/../lib/gcc/arm-none-eabi/7.3.1/../../../../arm-none-eabi/lib/thumb/v7-m\libc_nano.a(lib_a-nano-freer.o)
 .debug_frame   0x0000000000003a6c       0x2c d:/stm32cubeide_1.5.0/stm32cubeide/plugins/com.st.stm32cube.ide.mcu.externaltools.gnu-tools-for-stm32.7-2018-q2-update.win32_1.5.0.202011040924/tools/bin/../lib/gcc/arm-none-eabi/7.3.1/../../../../arm-none-eabi/lib/thumb/v7-m\libc_nano.a(lib_a-nano-mallocr.o)
 .debug_frame   0x0000000000003a98       0x3c d:/stm32cubeide_1.5.0/stm32cubeide/plugins/com.st.stm32cube.ide.mcu.externaltools.gnu-tools-for-stm32.7-2018-q2-update.win32_1.5.0.202011040924/tools/bin/../lib/gcc/arm-none-eabi/7.3.1/../../../../arm-none-eabi/lib/thumb/v7-m\libc_nano.a(lib_a-nano-reallocr.o)
 .debug_frame   0x0000000000003ad4       0x2c d:/stm32cubeide_1.5.0/stm32cubeide/plugins/com.st.stm32cube.ide.mcu.externaltools.gnu-tools-for-stm32.7-2018-q2-update.win32_1.5.0.202011040924/tools/bin/../lib/gcc/arm-none-eabi/7.3.1/../../../../arm-none-eabi/lib/thumb/v7-m\libc_nano.a(lib_a-sbrkr.o)
 .debug_frame   0x0000000000003b00       0x30 d:/stm32cubeide_1.5.0/stm32cubeide/plugins/com.st.stm32cube.ide.mcu.externaltools.gnu-tools-for-stm32.7-2018-q2-update.win32_1.5.0.202011040924/tools/bin/../lib/gcc/arm-none-eabi/7.3.1/../../../../arm-none-eabi/lib/thumb/v7-m\libc_nano.a(lib_a-mlock.o)
 .debug_frame   0x0000000000003b30       0x20 d:/stm32cubeide_1.5.0/stm32cubeide/plugins/com.st.stm32cube.ide.mcu.externaltools.gnu-tools-for-stm32.7-2018-q2-update.win32_1.5.0.202011040924/tools/bin/../lib/gcc/arm-none-eabi/7.3.1/../../../../arm-none-eabi/lib/thumb/v7-m\libc_nano.a(lib_a-nano-msizer.o)
 .debug_frame   0x0000000000003b50       0x5c d:/stm32cubeide_1.5.0/stm32cubeide/plugins/com.st.stm32cube.ide.mcu.externaltools.gnu-tools-for-stm32.7-2018-q2-update.win32_1.5.0.202011040924/tools/bin/../lib/gcc/arm-none-eabi/7.3.1/../../../../arm-none-eabi/lib/thumb/v7-m\libc_nano.a(lib_a-reent.o)
