stm32f1xx_it.c:74:6:NMI_Handler	4	static
stm32f1xx_it.c:89:6:HardFault_Handler	4	static
stm32f1xx_it.c:104:6:MemManage_Handler	4	static
stm32f1xx_it.c:119:6:BusFault_Handler	4	static
stm32f1xx_it.c:134:6:UsageFault_Handler	4	static
stm32f1xx_it.c:149:6:SVC_Handler	4	static
stm32f1xx_it.c:162:6:DebugMon_Handler	4	static
stm32f1xx_it.c:175:6:PendSV_Handler	4	static
stm32f1xx_it.c:188:6:SysTick_Handler	8	static
stm32f1xx_it.c:209:6:EXTI4_IRQHandler	8	static
stm32f1xx_it.c:333:6:DMA1_Channel6_IRQHandler	8	static
stm32f1xx_it.c:347:6:EXTI9_5_IRQHandler	40	static
stm32f1xx_it.c:473:6:TIM1_BRK_IRQHandler	8	static
stm32f1xx_it.c:487:6:TIM1_UP_IRQHandler	8	static
stm32f1xx_it.c:501:6:TIM1_TRG_COM_IRQHandler	8	static
stm32f1xx_it.c:515:6:TIM1_CC_IRQHandler	8	static
stm32f1xx_it.c:529:6:TIM2_IRQHandler	8	static
