stm32f1xx_it.c:73:6:NMI_Handler	4	static
stm32f1xx_it.c:88:6:HardFault_Handler	4	static
stm32f1xx_it.c:103:6:MemManage_Handler	4	static
stm32f1xx_it.c:118:6:BusFault_Handler	4	static
stm32f1xx_it.c:133:6:UsageFault_Handler	4	static
stm32f1xx_it.c:148:6:SVC_Handler	4	static
stm32f1xx_it.c:161:6:DebugMon_Handler	4	static
stm32f1xx_it.c:174:6:PendSV_Handler	4	static
stm32f1xx_it.c:187:6:SysTick_Handler	8	static
stm32f1xx_it.c:208:6:EXTI4_IRQHandler	8	static
stm32f1xx_it.c:275:6:DMA1_Channel6_IRQHandler	8	static
stm32f1xx_it.c:289:6:EXTI9_5_IRQHandler	8	static
stm32f1xx_it.c:387:6:TIM1_BRK_IRQHandler	8	static
stm32f1xx_it.c:401:6:TIM1_UP_IRQHandler	8	static
stm32f1xx_it.c:415:6:TIM1_TRG_COM_IRQHandler	8	static
stm32f1xx_it.c:429:6:TIM1_CC_IRQHandler	8	static
stm32f1xx_it.c:443:6:TIM2_IRQHandler	8	static
